Archive member included to satisfy reference by file (symbol)

d:/atmelstudio7/7.0/toolchain/avr8/avr8-gnu-toolchain/bin/../lib/gcc/avr/5.4.0/avr5\libgcc.a(_divmodhi4.o)
                              dgus.o (__divmodhi4)
d:/atmelstudio7/7.0/toolchain/avr8/avr8-gnu-toolchain/bin/../lib/gcc/avr/5.4.0/avr5\libgcc.a(_udivmodsi4.o)
                              usart.o (__udivmodsi4)
d:/atmelstudio7/7.0/toolchain/avr8/avr8-gnu-toolchain/bin/../lib/gcc/avr/5.4.0/avr5\libgcc.a(_exit.o)
                              D:/AtmelStudio7/7.0/Packs/atmel/ATmega_DFP/1.2.150/gcc/dev/atmega64a/avr5/crtatmega64a.o (exit)
d:/atmelstudio7/7.0/toolchain/avr8/avr8-gnu-toolchain/bin/../lib/gcc/avr/5.4.0/avr5\libgcc.a(_tablejump2.o)
                              dgus.o (__tablejump2__)
d:/atmelstudio7/7.0/toolchain/avr8/avr8-gnu-toolchain/bin/../lib/gcc/avr/5.4.0/avr5\libgcc.a(_copy_data.o)
                              dgus.o (__do_copy_data)
d:/atmelstudio7/7.0/toolchain/avr8/avr8-gnu-toolchain/bin/../lib/gcc/avr/5.4.0/avr5\libgcc.a(_clear_bss.o)
                              dgus.o (__do_clear_bss)
d:/atmelstudio7/7.0/toolchain/avr8/avr8-gnu-toolchain/bin/../lib/gcc/avr/5.4.0/avr5\libgcc.a(_umulhisi3.o)
                              dgus.o (__umulhisi3)
d:/atmelstudio7/7.0/toolchain/avr8/avr8-gnu-toolchain/bin/../lib/gcc/avr/5.4.0/avr5\libgcc.a(_muluhisi3.o)
                              delay.o (__muluhisi3)
d:/atmelstudio7/7.0/toolchain/avr8/avr8-gnu-toolchain/bin/../lib/gcc/avr/5.4.0/avr5\libgcc.a(_udivmodhi4.o)
                              d:/atmelstudio7/7.0/toolchain/avr8/avr8-gnu-toolchain/bin/../lib/gcc/avr/5.4.0/avr5\libgcc.a(_divmodhi4.o) (__udivmodhi4)

Allocating common symbols
Common symbol       size              file

all_senser_sta      0x1               timer.o
time_ctrl_value     0x100             dgus.o
global              0x1               timer.o
usart2_sta          0x1               usart.o
time_ctrl_value_buff
                    0x100             usart.o

Discarded input sections

 .data          0x00000000        0x0 D:/AtmelStudio7/7.0/Packs/atmel/ATmega_DFP/1.2.150/gcc/dev/atmega64a/avr5/crtatmega64a.o
 .bss           0x00000000        0x0 D:/AtmelStudio7/7.0/Packs/atmel/ATmega_DFP/1.2.150/gcc/dev/atmega64a/avr5/crtatmega64a.o
 .text          0x00000000        0x0 delay.o
 .data          0x00000000        0x0 delay.o
 .bss           0x00000000        0x0 delay.o
 .text._delay_us
                0x00000000       0x32 delay.o
 .text          0x00000000        0x0 dgus.o
 .data          0x00000000        0x0 dgus.o
 .bss           0x00000000        0x0 dgus.o
 .text          0x00000000        0x0 eeprom.o
 .data          0x00000000        0x0 eeprom.o
 .bss           0x00000000        0x0 eeprom.o
 .text.eeprom_read
                0x00000000        0xe eeprom.o
 .text.read_eeprom_data
                0x00000000      0x4d0 eeprom.o
 .text          0x00000000        0x0 gpio.o
 .data          0x00000000        0x0 gpio.o
 .bss           0x00000000        0x0 gpio.o
 .text          0x00000000        0x0 main.o
 .data          0x00000000        0x0 main.o
 .bss           0x00000000        0x0 main.o
 .text          0x00000000        0x0 timer.o
 .data          0x00000000        0x0 timer.o
 .bss           0x00000000        0x0 timer.o
 .text          0x00000000        0x0 usart.o
 .data          0x00000000        0x0 usart.o
 .bss           0x00000000        0x0 usart.o
 .text          0x00000000        0x0 d:/atmelstudio7/7.0/toolchain/avr8/avr8-gnu-toolchain/bin/../lib/gcc/avr/5.4.0/avr5\libgcc.a(_divmodhi4.o)
 .data          0x00000000        0x0 d:/atmelstudio7/7.0/toolchain/avr8/avr8-gnu-toolchain/bin/../lib/gcc/avr/5.4.0/avr5\libgcc.a(_divmodhi4.o)
 .bss           0x00000000        0x0 d:/atmelstudio7/7.0/toolchain/avr8/avr8-gnu-toolchain/bin/../lib/gcc/avr/5.4.0/avr5\libgcc.a(_divmodhi4.o)
 .text.libgcc.mul
                0x00000000        0x0 d:/atmelstudio7/7.0/toolchain/avr8/avr8-gnu-toolchain/bin/../lib/gcc/avr/5.4.0/avr5\libgcc.a(_divmodhi4.o)
 .text.libgcc   0x00000000        0x0 d:/atmelstudio7/7.0/toolchain/avr8/avr8-gnu-toolchain/bin/../lib/gcc/avr/5.4.0/avr5\libgcc.a(_divmodhi4.o)
 .text.libgcc.prologue
                0x00000000        0x0 d:/atmelstudio7/7.0/toolchain/avr8/avr8-gnu-toolchain/bin/../lib/gcc/avr/5.4.0/avr5\libgcc.a(_divmodhi4.o)
 .text.libgcc.builtins
                0x00000000        0x0 d:/atmelstudio7/7.0/toolchain/avr8/avr8-gnu-toolchain/bin/../lib/gcc/avr/5.4.0/avr5\libgcc.a(_divmodhi4.o)
 .text.libgcc.fmul
                0x00000000        0x0 d:/atmelstudio7/7.0/toolchain/avr8/avr8-gnu-toolchain/bin/../lib/gcc/avr/5.4.0/avr5\libgcc.a(_divmodhi4.o)
 .text.libgcc.fixed
                0x00000000        0x0 d:/atmelstudio7/7.0/toolchain/avr8/avr8-gnu-toolchain/bin/../lib/gcc/avr/5.4.0/avr5\libgcc.a(_divmodhi4.o)
 .text          0x00000000        0x0 d:/atmelstudio7/7.0/toolchain/avr8/avr8-gnu-toolchain/bin/../lib/gcc/avr/5.4.0/avr5\libgcc.a(_udivmodsi4.o)
 .data          0x00000000        0x0 d:/atmelstudio7/7.0/toolchain/avr8/avr8-gnu-toolchain/bin/../lib/gcc/avr/5.4.0/avr5\libgcc.a(_udivmodsi4.o)
 .bss           0x00000000        0x0 d:/atmelstudio7/7.0/toolchain/avr8/avr8-gnu-toolchain/bin/../lib/gcc/avr/5.4.0/avr5\libgcc.a(_udivmodsi4.o)
 .text.libgcc.mul
                0x00000000        0x0 d:/atmelstudio7/7.0/toolchain/avr8/avr8-gnu-toolchain/bin/../lib/gcc/avr/5.4.0/avr5\libgcc.a(_udivmodsi4.o)
 .text.libgcc   0x00000000        0x0 d:/atmelstudio7/7.0/toolchain/avr8/avr8-gnu-toolchain/bin/../lib/gcc/avr/5.4.0/avr5\libgcc.a(_udivmodsi4.o)
 .text.libgcc.prologue
                0x00000000        0x0 d:/atmelstudio7/7.0/toolchain/avr8/avr8-gnu-toolchain/bin/../lib/gcc/avr/5.4.0/avr5\libgcc.a(_udivmodsi4.o)
 .text.libgcc.builtins
                0x00000000        0x0 d:/atmelstudio7/7.0/toolchain/avr8/avr8-gnu-toolchain/bin/../lib/gcc/avr/5.4.0/avr5\libgcc.a(_udivmodsi4.o)
 .text.libgcc.fmul
                0x00000000        0x0 d:/atmelstudio7/7.0/toolchain/avr8/avr8-gnu-toolchain/bin/../lib/gcc/avr/5.4.0/avr5\libgcc.a(_udivmodsi4.o)
 .text.libgcc.fixed
                0x00000000        0x0 d:/atmelstudio7/7.0/toolchain/avr8/avr8-gnu-toolchain/bin/../lib/gcc/avr/5.4.0/avr5\libgcc.a(_udivmodsi4.o)
 .text          0x00000000        0x0 d:/atmelstudio7/7.0/toolchain/avr8/avr8-gnu-toolchain/bin/../lib/gcc/avr/5.4.0/avr5\libgcc.a(_exit.o)
 .data          0x00000000        0x0 d:/atmelstudio7/7.0/toolchain/avr8/avr8-gnu-toolchain/bin/../lib/gcc/avr/5.4.0/avr5\libgcc.a(_exit.o)
 .bss           0x00000000        0x0 d:/atmelstudio7/7.0/toolchain/avr8/avr8-gnu-toolchain/bin/../lib/gcc/avr/5.4.0/avr5\libgcc.a(_exit.o)
 .text.libgcc.mul
                0x00000000        0x0 d:/atmelstudio7/7.0/toolchain/avr8/avr8-gnu-toolchain/bin/../lib/gcc/avr/5.4.0/avr5\libgcc.a(_exit.o)
 .text.libgcc.div
                0x00000000        0x0 d:/atmelstudio7/7.0/toolchain/avr8/avr8-gnu-toolchain/bin/../lib/gcc/avr/5.4.0/avr5\libgcc.a(_exit.o)
 .text.libgcc   0x00000000        0x0 d:/atmelstudio7/7.0/toolchain/avr8/avr8-gnu-toolchain/bin/../lib/gcc/avr/5.4.0/avr5\libgcc.a(_exit.o)
 .text.libgcc.prologue
                0x00000000        0x0 d:/atmelstudio7/7.0/toolchain/avr8/avr8-gnu-toolchain/bin/../lib/gcc/avr/5.4.0/avr5\libgcc.a(_exit.o)
 .text.libgcc.builtins
                0x00000000        0x0 d:/atmelstudio7/7.0/toolchain/avr8/avr8-gnu-toolchain/bin/../lib/gcc/avr/5.4.0/avr5\libgcc.a(_exit.o)
 .text.libgcc.fmul
                0x00000000        0x0 d:/atmelstudio7/7.0/toolchain/avr8/avr8-gnu-toolchain/bin/../lib/gcc/avr/5.4.0/avr5\libgcc.a(_exit.o)
 .text.libgcc.fixed
                0x00000000        0x0 d:/atmelstudio7/7.0/toolchain/avr8/avr8-gnu-toolchain/bin/../lib/gcc/avr/5.4.0/avr5\libgcc.a(_exit.o)
 .text          0x00000000        0x0 d:/atmelstudio7/7.0/toolchain/avr8/avr8-gnu-toolchain/bin/../lib/gcc/avr/5.4.0/avr5\libgcc.a(_tablejump2.o)
 .data          0x00000000        0x0 d:/atmelstudio7/7.0/toolchain/avr8/avr8-gnu-toolchain/bin/../lib/gcc/avr/5.4.0/avr5\libgcc.a(_tablejump2.o)
 .bss           0x00000000        0x0 d:/atmelstudio7/7.0/toolchain/avr8/avr8-gnu-toolchain/bin/../lib/gcc/avr/5.4.0/avr5\libgcc.a(_tablejump2.o)
 .text.libgcc.mul
                0x00000000        0x0 d:/atmelstudio7/7.0/toolchain/avr8/avr8-gnu-toolchain/bin/../lib/gcc/avr/5.4.0/avr5\libgcc.a(_tablejump2.o)
 .text.libgcc.div
                0x00000000        0x0 d:/atmelstudio7/7.0/toolchain/avr8/avr8-gnu-toolchain/bin/../lib/gcc/avr/5.4.0/avr5\libgcc.a(_tablejump2.o)
 .text.libgcc.prologue
                0x00000000        0x0 d:/atmelstudio7/7.0/toolchain/avr8/avr8-gnu-toolchain/bin/../lib/gcc/avr/5.4.0/avr5\libgcc.a(_tablejump2.o)
 .text.libgcc.builtins
                0x00000000        0x0 d:/atmelstudio7/7.0/toolchain/avr8/avr8-gnu-toolchain/bin/../lib/gcc/avr/5.4.0/avr5\libgcc.a(_tablejump2.o)
 .text.libgcc.fmul
                0x00000000        0x0 d:/atmelstudio7/7.0/toolchain/avr8/avr8-gnu-toolchain/bin/../lib/gcc/avr/5.4.0/avr5\libgcc.a(_tablejump2.o)
 .text.libgcc.fixed
                0x00000000        0x0 d:/atmelstudio7/7.0/toolchain/avr8/avr8-gnu-toolchain/bin/../lib/gcc/avr/5.4.0/avr5\libgcc.a(_tablejump2.o)
 .text          0x00000000        0x0 d:/atmelstudio7/7.0/toolchain/avr8/avr8-gnu-toolchain/bin/../lib/gcc/avr/5.4.0/avr5\libgcc.a(_copy_data.o)
 .data          0x00000000        0x0 d:/atmelstudio7/7.0/toolchain/avr8/avr8-gnu-toolchain/bin/../lib/gcc/avr/5.4.0/avr5\libgcc.a(_copy_data.o)
 .bss           0x00000000        0x0 d:/atmelstudio7/7.0/toolchain/avr8/avr8-gnu-toolchain/bin/../lib/gcc/avr/5.4.0/avr5\libgcc.a(_copy_data.o)
 .text.libgcc.mul
                0x00000000        0x0 d:/atmelstudio7/7.0/toolchain/avr8/avr8-gnu-toolchain/bin/../lib/gcc/avr/5.4.0/avr5\libgcc.a(_copy_data.o)
 .text.libgcc.div
                0x00000000        0x0 d:/atmelstudio7/7.0/toolchain/avr8/avr8-gnu-toolchain/bin/../lib/gcc/avr/5.4.0/avr5\libgcc.a(_copy_data.o)
 .text.libgcc   0x00000000        0x0 d:/atmelstudio7/7.0/toolchain/avr8/avr8-gnu-toolchain/bin/../lib/gcc/avr/5.4.0/avr5\libgcc.a(_copy_data.o)
 .text.libgcc.prologue
                0x00000000        0x0 d:/atmelstudio7/7.0/toolchain/avr8/avr8-gnu-toolchain/bin/../lib/gcc/avr/5.4.0/avr5\libgcc.a(_copy_data.o)
 .text.libgcc.builtins
                0x00000000        0x0 d:/atmelstudio7/7.0/toolchain/avr8/avr8-gnu-toolchain/bin/../lib/gcc/avr/5.4.0/avr5\libgcc.a(_copy_data.o)
 .text.libgcc.fmul
                0x00000000        0x0 d:/atmelstudio7/7.0/toolchain/avr8/avr8-gnu-toolchain/bin/../lib/gcc/avr/5.4.0/avr5\libgcc.a(_copy_data.o)
 .text.libgcc.fixed
                0x00000000        0x0 d:/atmelstudio7/7.0/toolchain/avr8/avr8-gnu-toolchain/bin/../lib/gcc/avr/5.4.0/avr5\libgcc.a(_copy_data.o)
 .text          0x00000000        0x0 d:/atmelstudio7/7.0/toolchain/avr8/avr8-gnu-toolchain/bin/../lib/gcc/avr/5.4.0/avr5\libgcc.a(_clear_bss.o)
 .data          0x00000000        0x0 d:/atmelstudio7/7.0/toolchain/avr8/avr8-gnu-toolchain/bin/../lib/gcc/avr/5.4.0/avr5\libgcc.a(_clear_bss.o)
 .bss           0x00000000        0x0 d:/atmelstudio7/7.0/toolchain/avr8/avr8-gnu-toolchain/bin/../lib/gcc/avr/5.4.0/avr5\libgcc.a(_clear_bss.o)
 .text.libgcc.mul
                0x00000000        0x0 d:/atmelstudio7/7.0/toolchain/avr8/avr8-gnu-toolchain/bin/../lib/gcc/avr/5.4.0/avr5\libgcc.a(_clear_bss.o)
 .text.libgcc.div
                0x00000000        0x0 d:/atmelstudio7/7.0/toolchain/avr8/avr8-gnu-toolchain/bin/../lib/gcc/avr/5.4.0/avr5\libgcc.a(_clear_bss.o)
 .text.libgcc   0x00000000        0x0 d:/atmelstudio7/7.0/toolchain/avr8/avr8-gnu-toolchain/bin/../lib/gcc/avr/5.4.0/avr5\libgcc.a(_clear_bss.o)
 .text.libgcc.prologue
                0x00000000        0x0 d:/atmelstudio7/7.0/toolchain/avr8/avr8-gnu-toolchain/bin/../lib/gcc/avr/5.4.0/avr5\libgcc.a(_clear_bss.o)
 .text.libgcc.builtins
                0x00000000        0x0 d:/atmelstudio7/7.0/toolchain/avr8/avr8-gnu-toolchain/bin/../lib/gcc/avr/5.4.0/avr5\libgcc.a(_clear_bss.o)
 .text.libgcc.fmul
                0x00000000        0x0 d:/atmelstudio7/7.0/toolchain/avr8/avr8-gnu-toolchain/bin/../lib/gcc/avr/5.4.0/avr5\libgcc.a(_clear_bss.o)
 .text.libgcc.fixed
                0x00000000        0x0 d:/atmelstudio7/7.0/toolchain/avr8/avr8-gnu-toolchain/bin/../lib/gcc/avr/5.4.0/avr5\libgcc.a(_clear_bss.o)
 .text          0x00000000        0x0 d:/atmelstudio7/7.0/toolchain/avr8/avr8-gnu-toolchain/bin/../lib/gcc/avr/5.4.0/avr5\libgcc.a(_umulhisi3.o)
 .data          0x00000000        0x0 d:/atmelstudio7/7.0/toolchain/avr8/avr8-gnu-toolchain/bin/../lib/gcc/avr/5.4.0/avr5\libgcc.a(_umulhisi3.o)
 .bss           0x00000000        0x0 d:/atmelstudio7/7.0/toolchain/avr8/avr8-gnu-toolchain/bin/../lib/gcc/avr/5.4.0/avr5\libgcc.a(_umulhisi3.o)
 .text.libgcc.div
                0x00000000        0x0 d:/atmelstudio7/7.0/toolchain/avr8/avr8-gnu-toolchain/bin/../lib/gcc/avr/5.4.0/avr5\libgcc.a(_umulhisi3.o)
 .text.libgcc   0x00000000        0x0 d:/atmelstudio7/7.0/toolchain/avr8/avr8-gnu-toolchain/bin/../lib/gcc/avr/5.4.0/avr5\libgcc.a(_umulhisi3.o)
 .text.libgcc.prologue
                0x00000000        0x0 d:/atmelstudio7/7.0/toolchain/avr8/avr8-gnu-toolchain/bin/../lib/gcc/avr/5.4.0/avr5\libgcc.a(_umulhisi3.o)
 .text.libgcc.builtins
                0x00000000        0x0 d:/atmelstudio7/7.0/toolchain/avr8/avr8-gnu-toolchain/bin/../lib/gcc/avr/5.4.0/avr5\libgcc.a(_umulhisi3.o)
 .text.libgcc.fmul
                0x00000000        0x0 d:/atmelstudio7/7.0/toolchain/avr8/avr8-gnu-toolchain/bin/../lib/gcc/avr/5.4.0/avr5\libgcc.a(_umulhisi3.o)
 .text.libgcc.fixed
                0x00000000        0x0 d:/atmelstudio7/7.0/toolchain/avr8/avr8-gnu-toolchain/bin/../lib/gcc/avr/5.4.0/avr5\libgcc.a(_umulhisi3.o)
 .text          0x00000000        0x0 d:/atmelstudio7/7.0/toolchain/avr8/avr8-gnu-toolchain/bin/../lib/gcc/avr/5.4.0/avr5\libgcc.a(_muluhisi3.o)
 .data          0x00000000        0x0 d:/atmelstudio7/7.0/toolchain/avr8/avr8-gnu-toolchain/bin/../lib/gcc/avr/5.4.0/avr5\libgcc.a(_muluhisi3.o)
 .bss           0x00000000        0x0 d:/atmelstudio7/7.0/toolchain/avr8/avr8-gnu-toolchain/bin/../lib/gcc/avr/5.4.0/avr5\libgcc.a(_muluhisi3.o)
 .text.libgcc.div
                0x00000000        0x0 d:/atmelstudio7/7.0/toolchain/avr8/avr8-gnu-toolchain/bin/../lib/gcc/avr/5.4.0/avr5\libgcc.a(_muluhisi3.o)
 .text.libgcc   0x00000000        0x0 d:/atmelstudio7/7.0/toolchain/avr8/avr8-gnu-toolchain/bin/../lib/gcc/avr/5.4.0/avr5\libgcc.a(_muluhisi3.o)
 .text.libgcc.prologue
                0x00000000        0x0 d:/atmelstudio7/7.0/toolchain/avr8/avr8-gnu-toolchain/bin/../lib/gcc/avr/5.4.0/avr5\libgcc.a(_muluhisi3.o)
 .text.libgcc.builtins
                0x00000000        0x0 d:/atmelstudio7/7.0/toolchain/avr8/avr8-gnu-toolchain/bin/../lib/gcc/avr/5.4.0/avr5\libgcc.a(_muluhisi3.o)
 .text.libgcc.fmul
                0x00000000        0x0 d:/atmelstudio7/7.0/toolchain/avr8/avr8-gnu-toolchain/bin/../lib/gcc/avr/5.4.0/avr5\libgcc.a(_muluhisi3.o)
 .text.libgcc.fixed
                0x00000000        0x0 d:/atmelstudio7/7.0/toolchain/avr8/avr8-gnu-toolchain/bin/../lib/gcc/avr/5.4.0/avr5\libgcc.a(_muluhisi3.o)
 .text          0x00000000        0x0 d:/atmelstudio7/7.0/toolchain/avr8/avr8-gnu-toolchain/bin/../lib/gcc/avr/5.4.0/avr5\libgcc.a(_udivmodhi4.o)
 .data          0x00000000        0x0 d:/atmelstudio7/7.0/toolchain/avr8/avr8-gnu-toolchain/bin/../lib/gcc/avr/5.4.0/avr5\libgcc.a(_udivmodhi4.o)
 .bss           0x00000000        0x0 d:/atmelstudio7/7.0/toolchain/avr8/avr8-gnu-toolchain/bin/../lib/gcc/avr/5.4.0/avr5\libgcc.a(_udivmodhi4.o)
 .text.libgcc.mul
                0x00000000        0x0 d:/atmelstudio7/7.0/toolchain/avr8/avr8-gnu-toolchain/bin/../lib/gcc/avr/5.4.0/avr5\libgcc.a(_udivmodhi4.o)
 .text.libgcc   0x00000000        0x0 d:/atmelstudio7/7.0/toolchain/avr8/avr8-gnu-toolchain/bin/../lib/gcc/avr/5.4.0/avr5\libgcc.a(_udivmodhi4.o)
 .text.libgcc.prologue
                0x00000000        0x0 d:/atmelstudio7/7.0/toolchain/avr8/avr8-gnu-toolchain/bin/../lib/gcc/avr/5.4.0/avr5\libgcc.a(_udivmodhi4.o)
 .text.libgcc.builtins
                0x00000000        0x0 d:/atmelstudio7/7.0/toolchain/avr8/avr8-gnu-toolchain/bin/../lib/gcc/avr/5.4.0/avr5\libgcc.a(_udivmodhi4.o)
 .text.libgcc.fmul
                0x00000000        0x0 d:/atmelstudio7/7.0/toolchain/avr8/avr8-gnu-toolchain/bin/../lib/gcc/avr/5.4.0/avr5\libgcc.a(_udivmodhi4.o)
 .text.libgcc.fixed
                0x00000000        0x0 d:/atmelstudio7/7.0/toolchain/avr8/avr8-gnu-toolchain/bin/../lib/gcc/avr/5.4.0/avr5\libgcc.a(_udivmodhi4.o)

Memory Configuration

Name             Origin             Length             Attributes
text             0x00000000         0x00020000         xr
data             0x00800060         0x0000ffa0         rw !x
eeprom           0x00810000         0x00010000         rw !x
fuse             0x00820000         0x00000003         rw !x
lock             0x00830000         0x00000400         rw !x
signature        0x00840000         0x00000400         rw !x
user_signatures  0x00850000         0x00000400         rw !x
*default*        0x00000000         0xffffffff

Linker script and memory map

Address of section .data set to 0x800100
LOAD D:/AtmelStudio7/7.0/Packs/atmel/ATmega_DFP/1.2.150/gcc/dev/atmega64a/avr5/crtatmega64a.o
LOAD delay.o
LOAD dgus.o
LOAD eeprom.o
LOAD gpio.o
LOAD main.o
LOAD timer.o
LOAD usart.o
START GROUP
LOAD d:/atmelstudio7/7.0/toolchain/avr8/avr8-gnu-toolchain/bin/../lib/gcc/avr/5.4.0/../../../../avr/lib/avr5\libm.a
END GROUP
START GROUP
LOAD d:/atmelstudio7/7.0/toolchain/avr8/avr8-gnu-toolchain/bin/../lib/gcc/avr/5.4.0/avr5\libgcc.a
LOAD d:/atmelstudio7/7.0/toolchain/avr8/avr8-gnu-toolchain/bin/../lib/gcc/avr/5.4.0/../../../../avr/lib/avr5\libm.a
LOAD d:/atmelstudio7/7.0/toolchain/avr8/avr8-gnu-toolchain/bin/../lib/gcc/avr/5.4.0/../../../../avr/lib/avr5\libc.a
LOAD D:/AtmelStudio7/7.0/Packs/atmel/ATmega_DFP/1.2.150/gcc/dev/atmega64a/avr5\libatmega64a.a
END GROUP
                0x00020000                __TEXT_REGION_LENGTH__ = DEFINED (__TEXT_REGION_LENGTH__)?__TEXT_REGION_LENGTH__:0x20000
                0x0000ffa0                __DATA_REGION_LENGTH__ = DEFINED (__DATA_REGION_LENGTH__)?__DATA_REGION_LENGTH__:0xffa0
                0x00010000                __EEPROM_REGION_LENGTH__ = DEFINED (__EEPROM_REGION_LENGTH__)?__EEPROM_REGION_LENGTH__:0x10000
                [0x00000003]                __FUSE_REGION_LENGTH__ = DEFINED (__FUSE_REGION_LENGTH__)?__FUSE_REGION_LENGTH__:0x400
                0x00000400                __LOCK_REGION_LENGTH__ = DEFINED (__LOCK_REGION_LENGTH__)?__LOCK_REGION_LENGTH__:0x400
                0x00000400                __SIGNATURE_REGION_LENGTH__ = DEFINED (__SIGNATURE_REGION_LENGTH__)?__SIGNATURE_REGION_LENGTH__:0x400
                0x00000400                __USER_SIGNATURE_REGION_LENGTH__ = DEFINED (__USER_SIGNATURE_REGION_LENGTH__)?__USER_SIGNATURE_REGION_LENGTH__:0x400

.hash
 *(.hash)

.dynsym
 *(.dynsym)

.dynstr
 *(.dynstr)

.gnu.version
 *(.gnu.version)

.gnu.version_d
 *(.gnu.version_d)

.gnu.version_r
 *(.gnu.version_r)

.rel.init
 *(.rel.init)

.rela.init
 *(.rela.init)

.rel.text
 *(.rel.text)
 *(.rel.text.*)
 *(.rel.gnu.linkonce.t*)

.rela.text
 *(.rela.text)
 *(.rela.text.*)
 *(.rela.gnu.linkonce.t*)

.rel.fini
 *(.rel.fini)

.rela.fini
 *(.rela.fini)

.rel.rodata
 *(.rel.rodata)
 *(.rel.rodata.*)
 *(.rel.gnu.linkonce.r*)

.rela.rodata
 *(.rela.rodata)
 *(.rela.rodata.*)
 *(.rela.gnu.linkonce.r*)

.rel.data
 *(.rel.data)
 *(.rel.data.*)
 *(.rel.gnu.linkonce.d*)

.rela.data
 *(.rela.data)
 *(.rela.data.*)
 *(.rela.gnu.linkonce.d*)

.rel.ctors
 *(.rel.ctors)

.rela.ctors
 *(.rela.ctors)

.rel.dtors
 *(.rel.dtors)

.rela.dtors
 *(.rela.dtors)

.rel.got
 *(.rel.got)

.rela.got
 *(.rela.got)

.rel.bss
 *(.rel.bss)

.rela.bss
 *(.rela.bss)

.rel.plt
 *(.rel.plt)

.rela.plt
 *(.rela.plt)

.text           0x00000000     0x27fe
 *(.vectors)
 .vectors       0x00000000       0x8c D:/AtmelStudio7/7.0/Packs/atmel/ATmega_DFP/1.2.150/gcc/dev/atmega64a/avr5/crtatmega64a.o
                0x00000000                __vector_default
                0x00000000                __vectors
 *(.vectors)
 *(.progmem.gcc*)
 .progmem.gcc_sw_table.key_action
                0x0000008c       0x42 dgus.o
 .progmem.gcc_sw_table.__vector_16
                0x000000ce       0x10 timer.o
 .progmem.gcc_sw_table.usart0_deal
                0x000000de      0x180 usart.o
                0x0000025e                . = ALIGN (0x2)
                0x0000025e                __trampolines_start = .
 *(.trampolines)
 .trampolines   0x0000025e        0x0 linker stubs
 *(.trampolines*)
                0x0000025e                __trampolines_end = .
 *libprintf_flt.a:*(.progmem.data)
 *libc.a:*(.progmem.data)
 *(.progmem*)
                0x0000025e                . = ALIGN (0x2)
 *(.jumptables)
 *(.jumptables*)
 *(.lowtext)
 *(.lowtext*)
                0x0000025e                __ctors_start = .
 *(.ctors)
                0x0000025e                __ctors_end = .
                0x0000025e                __dtors_start = .
 *(.dtors)
                0x0000025e                __dtors_end = .
 SORT(*)(.ctors)
 SORT(*)(.dtors)
 *(.init0)
 .init0         0x0000025e        0x0 D:/AtmelStudio7/7.0/Packs/atmel/ATmega_DFP/1.2.150/gcc/dev/atmega64a/avr5/crtatmega64a.o
                0x0000025e                __init
 *(.init0)
 *(.init1)
 *(.init1)
 *(.init2)
 .init2         0x0000025e        0xc D:/AtmelStudio7/7.0/Packs/atmel/ATmega_DFP/1.2.150/gcc/dev/atmega64a/avr5/crtatmega64a.o
 *(.init2)
 *(.init3)
 *(.init3)
 *(.init4)
 .init4         0x0000026a       0x16 d:/atmelstudio7/7.0/toolchain/avr8/avr8-gnu-toolchain/bin/../lib/gcc/avr/5.4.0/avr5\libgcc.a(_copy_data.o)
                0x0000026a                __do_copy_data
 .init4         0x00000280       0x10 d:/atmelstudio7/7.0/toolchain/avr8/avr8-gnu-toolchain/bin/../lib/gcc/avr/5.4.0/avr5\libgcc.a(_clear_bss.o)
                0x00000280                __do_clear_bss
 *(.init4)
 *(.init5)
 *(.init5)
 *(.init6)
 *(.init6)
 *(.init7)
 *(.init7)
 *(.init8)
 *(.init8)
 *(.init9)
 .init9         0x00000290        0x8 D:/AtmelStudio7/7.0/Packs/atmel/ATmega_DFP/1.2.150/gcc/dev/atmega64a/avr5/crtatmega64a.o
 *(.init9)
 *(.text)
 .text          0x00000298        0x4 D:/AtmelStudio7/7.0/Packs/atmel/ATmega_DFP/1.2.150/gcc/dev/atmega64a/avr5/crtatmega64a.o
                0x00000298                __vector_22
                0x00000298                __vector_28
                0x00000298                __vector_1
                0x00000298                __vector_32
                0x00000298                __vector_34
                0x00000298                __vector_24
                0x00000298                __bad_interrupt
                0x00000298                __vector_6
                0x00000298                __vector_31
                0x00000298                __vector_3
                0x00000298                __vector_23
                0x00000298                __vector_25
                0x00000298                __vector_11
                0x00000298                __vector_13
                0x00000298                __vector_17
                0x00000298                __vector_19
                0x00000298                __vector_7
                0x00000298                __vector_27
                0x00000298                __vector_5
                0x00000298                __vector_33
                0x00000298                __vector_4
                0x00000298                __vector_9
                0x00000298                __vector_2
                0x00000298                __vector_21
                0x00000298                __vector_15
                0x00000298                __vector_29
                0x00000298                __vector_8
                0x00000298                __vector_14
                0x00000298                __vector_20
                0x0000029c                . = ALIGN (0x2)
 *(.text.*)
 .text._delay_1us
                0x0000029c        0xa delay.o
                0x0000029c                _delay_1us
 .text._delay_ms
                0x000002a6       0x3c delay.o
                0x000002a6                _delay_ms
 .text.init_time_ctrl_value
                0x000002e2       0x6a dgus.o
                0x000002e2                init_time_ctrl_value
 .text.single_set_ok
                0x0000034c      0x14c dgus.o
                0x0000034c                single_set_ok
 .text.set_pid  0x00000498       0x96 dgus.o
                0x00000498                set_pid
 .text.single_set_back
                0x0000052e       0x9c dgus.o
                0x0000052e                single_set_back
 .text.switch_all_sensor
                0x000005ca       0x8a dgus.o
                0x000005ca                switch_all_sensor
 .text.get_set_name
                0x00000654       0x42 dgus.o
                0x00000654                get_set_name
 .text.single_set
                0x00000696       0x94 dgus.o
                0x00000696                single_set
 .text.all_set  0x0000072a       0x92 dgus.o
                0x0000072a                all_set
 .text.save_time_ctrl_data
                0x000007bc       0x60 dgus.o
                0x000007bc                save_time_ctrl_data
 .text.change_page
                0x0000081c       0x3a dgus.o
                0x0000081c                change_page
 .text.switch_language
                0x00000856       0x24 dgus.o
                0x00000856                switch_language
 .text.send_variables
                0x0000087a       0x3a dgus.o
                0x0000087a                send_variables
 .text.all_set_ok
                0x000008b4      0x1ec dgus.o
                0x000008b4                all_set_ok
 .text.pid_set_ok
                0x00000aa0       0x86 dgus.o
                0x00000aa0                pid_set_ok
 .text.all_set_back
                0x00000b26       0xbc dgus.o
                0x00000b26                all_set_back
 .text.update_pid_page
                0x00000be2       0xc2 dgus.o
                0x00000be2                update_pid_page
 .text.update_time_ctrl_page
                0x00000ca4       0xbc dgus.o
                0x00000ca4                update_time_ctrl_page
 .text.start_time_ctrl
                0x00000d60       0xde dgus.o
                0x00000d60                start_time_ctrl
 .text.stop_time_ctrl
                0x00000e3e       0x72 dgus.o
                0x00000e3e                stop_time_ctrl
 .text.send_name
                0x00000eb0       0x3e dgus.o
                0x00000eb0                send_name
 .text.update_main_page
                0x00000eee      0x18e dgus.o
                0x00000eee                update_main_page
 .text.update_single_set_page
                0x0000107c      0x14e dgus.o
                0x0000107c                update_single_set_page
 .text.send_to_channel
                0x000011ca       0x38 dgus.o
                0x000011ca                send_to_channel
 .text.send_alarm_msg
                0x00001202       0xa6 dgus.o
                0x00001202                send_alarm_msg
 .text.read_setting_data
                0x000012a8       0xb6 dgus.o
                0x000012a8                read_setting_data
 .text.read_setting_data_all
                0x0000135e       0x26 dgus.o
                0x0000135e                read_setting_data_all
 .text.get_setting_data
                0x00001384      0x138 dgus.o
                0x00001384                get_setting_data
 .text.send_request_all
                0x000014bc       0x38 dgus.o
                0x000014bc                send_request_all
 .text.get_data_all
                0x000014f4      0x112 dgus.o
                0x000014f4                get_data_all
 .text.clear_alarm_msg
                0x00001606       0x76 dgus.o
                0x00001606                clear_alarm_msg
 .text.update_alarm_page
                0x0000167c       0x98 dgus.o
                0x0000167c                update_alarm_page
 .text.clear_curve_buff
                0x00001714       0x38 dgus.o
                0x00001714                clear_curve_buff
 .text.update_curve_page
                0x0000174c      0x1d8 dgus.o
                0x0000174c                update_curve_page
 .text.key_action
                0x00001924      0x1aa dgus.o
                0x00001924                key_action
 .text.eeprom_write
                0x00001ace       0x1c eeprom.o
                0x00001ace                eeprom_write
 .text.gpio_init
                0x00001aea       0x26 gpio.o
                0x00001aea                gpio_init
 .text.system_init
                0x00001b10       0x2e main.o
                0x00001b10                system_init
 .text.main     0x00001b3e       0xae main.o
                0x00001b3e                main
 .text.__vector_16
                0x00001bec      0x2ac timer.o
                0x00001bec                __vector_16
 .text.__vector_12
                0x00001e98       0x14 timer.o
                0x00001e98                __vector_12
 .text.__vector_10
                0x00001eac       0x8e timer.o
                0x00001eac                __vector_10
 .text.__vector_26
                0x00001f3a       0xae timer.o
                0x00001f3a                __vector_26
 .text.timer0_init
                0x00001fe8       0x1e timer.o
                0x00001fe8                timer0_init
 .text.timer1_init
                0x00002006       0x22 timer.o
                0x00002006                timer1_init
 .text.timer2_init
                0x00002028       0x24 timer.o
                0x00002028                timer2_init
 .text.__vector_18
                0x0000204c       0x46 usart.o
                0x0000204c                __vector_18
 .text.__vector_30
                0x00002092       0x48 usart.o
                0x00002092                __vector_30
 .text.usart1_deal
                0x000020da       0x50 usart.o
                0x000020da                usart1_deal
 .text.usart0_send_char
                0x0000212a        0x8 usart.o
                0x0000212a                usart0_send_char
 .text.usart0_send_str
                0x00002132       0x32 usart.o
                0x00002132                usart0_send_str
 .text.usart1_send_char
                0x00002164       0x10 usart.o
                0x00002164                usart1_send_char
 .text.usart1_send_str
                0x00002174       0x32 usart.o
                0x00002174                usart1_send_str
 .text.usart2_send_char
                0x000021a6       0x1e usart.o
                0x000021a6                usart2_send_char
 .text.usart2_send_str
                0x000021c4       0x3c usart.o
                0x000021c4                usart2_send_str
 .text.crc_check
                0x00002200       0x4e usart.o
                0x00002200                crc_check
 .text.usart0_deal
                0x0000224e      0x464 usart.o
                0x0000224e                usart0_deal
 .text.usart0_init
                0x000026b2       0x1c usart.o
                0x000026b2                usart0_init
 .text.usart1_init
                0x000026ce       0x1a usart.o
                0x000026ce                usart1_init
 .text.usart2_init
                0x000026e8       0x3e usart.o
                0x000026e8                usart2_init
 .text.libgcc.div
                0x00002726       0x28 d:/atmelstudio7/7.0/toolchain/avr8/avr8-gnu-toolchain/bin/../lib/gcc/avr/5.4.0/avr5\libgcc.a(_divmodhi4.o)
                0x00002726                _div
                0x00002726                __divmodhi4
 .text.libgcc.div
                0x0000274e       0x44 d:/atmelstudio7/7.0/toolchain/avr8/avr8-gnu-toolchain/bin/../lib/gcc/avr/5.4.0/avr5\libgcc.a(_udivmodsi4.o)
                0x0000274e                __udivmodsi4
 .text.libgcc   0x00002792        0xc d:/atmelstudio7/7.0/toolchain/avr8/avr8-gnu-toolchain/bin/../lib/gcc/avr/5.4.0/avr5\libgcc.a(_tablejump2.o)
                0x00002792                __tablejump2__
 .text.libgcc.mul
                0x0000279e       0x1e d:/atmelstudio7/7.0/toolchain/avr8/avr8-gnu-toolchain/bin/../lib/gcc/avr/5.4.0/avr5\libgcc.a(_umulhisi3.o)
                0x0000279e                __umulhisi3
 .text.libgcc.mul
                0x000027bc       0x16 d:/atmelstudio7/7.0/toolchain/avr8/avr8-gnu-toolchain/bin/../lib/gcc/avr/5.4.0/avr5\libgcc.a(_muluhisi3.o)
                0x000027bc                __muluhisi3
 .text.libgcc.div
                0x000027d2       0x28 d:/atmelstudio7/7.0/toolchain/avr8/avr8-gnu-toolchain/bin/../lib/gcc/avr/5.4.0/avr5\libgcc.a(_udivmodhi4.o)
                0x000027d2                __udivmodhi4
                0x000027fa                . = ALIGN (0x2)
 *(.fini9)
 .fini9         0x000027fa        0x0 d:/atmelstudio7/7.0/toolchain/avr8/avr8-gnu-toolchain/bin/../lib/gcc/avr/5.4.0/avr5\libgcc.a(_exit.o)
                0x000027fa                _exit
                0x000027fa                exit
 *(.fini9)
 *(.fini8)
 *(.fini8)
 *(.fini7)
 *(.fini7)
 *(.fini6)
 *(.fini6)
 *(.fini5)
 *(.fini5)
 *(.fini4)
 *(.fini4)
 *(.fini3)
 *(.fini3)
 *(.fini2)
 *(.fini2)
 *(.fini1)
 *(.fini1)
 *(.fini0)
 .fini0         0x000027fa        0x4 d:/atmelstudio7/7.0/toolchain/avr8/avr8-gnu-toolchain/bin/../lib/gcc/avr/5.4.0/avr5\libgcc.a(_exit.o)
 *(.fini0)
                0x000027fe                _etext = .

.data           0x00800100      0x110 load address 0x000027fe
                0x00800100                PROVIDE (__data_start, .)
 *(.data)
 *(.data*)
 .data.slave_num.1920
                0x00800100        0x1 dgus.o
 .data.global_set_num.1902
                0x00800101        0x1 dgus.o
 .data.alarm_msg
                0x00800102       0x40 dgus.o
                0x00800102                alarm_msg
 .data.module_num
                0x00800142        0x1 dgus.o
                0x00800142                module_num
 .data.all_temp
                0x00800143        0x2 dgus.o
                0x00800143                all_temp
 .data.preheat_time
                0x00800145        0x2 dgus.o
                0x00800145                preheat_time
 .data.d_value  0x00800147       0x18 dgus.o
                0x00800147                d_value
 .data.i_value  0x0080015f       0x18 dgus.o
                0x0080015f                i_value
 .data.p_value  0x00800177       0x18 dgus.o
                0x00800177                p_value
 .data.set_name
                0x0080018f       0x30 dgus.o
                0x0080018f                set_name
 .data.set_temp
                0x008001bf       0x18 dgus.o
                0x008001bf                set_temp
 .data.in_main_page
                0x008001d7        0x1 dgus.o
                0x008001d7                in_main_page
 .data.slave_num.1793
                0x008001d8        0x1 timer.o
 .data.ctrl_command
                0x008001d9        0x1 timer.o
                0x008001d9                ctrl_command
 .data.d_value_buff
                0x008001da        0x2 usart.o
                0x008001da                d_value_buff
 .data.i_value_buff
                0x008001dc        0x2 usart.o
                0x008001dc                i_value_buff
 .data.p_value_buff
                0x008001de        0x2 usart.o
                0x008001de                p_value_buff
 .data.set_temp_buff
                0x008001e0       0x18 usart.o
                0x008001e0                set_temp_buff
 .data.preheat_time_buff
                0x008001f8        0x2 usart.o
                0x008001f8                preheat_time_buff
 .data.all_temp_buff
                0x008001fa        0x2 usart.o
                0x008001fa                all_temp_buff
 *(.gnu.linkonce.d*)
 *(.rodata)
 .rodata        0x008001fc       0x14 dgus.o
 *(.rodata*)
 *(.gnu.linkonce.r*)
                0x00800210                . = ALIGN (0x2)
                0x00800210                _edata = .
                0x00800210                PROVIDE (__data_end, .)

.bss            0x00800210      0x6d3
                0x00800210                PROVIDE (__bss_start, .)
 *(.bss)
 *(.bss*)
 .bss.all_set_num.1876
                0x00800210        0x1 dgus.o
 .bss.module_status
                0x00800211        0x4 dgus.o
                0x00800211                module_status
 .bss.temp_unit
                0x00800215        0x2 dgus.o
                0x00800215                temp_unit
 .bss.all_sensor_type
                0x00800217        0x2 dgus.o
                0x00800217                all_sensor_type
 .bss.follow_sta_buff
                0x00800219        0xc dgus.o
                0x00800219                follow_sta_buff
 .bss.follow_sta
                0x00800225        0xc dgus.o
                0x00800225                follow_sta
 .bss.set_name_buff
                0x00800231        0x4 dgus.o
                0x00800231                set_name_buff
 .bss.sensor_type
                0x00800235       0x18 dgus.o
                0x00800235                sensor_type
 .bss.switch_sensor
                0x0080024d       0x18 dgus.o
                0x0080024d                switch_sensor
 .bss.alarm_type
                0x00800265        0xc dgus.o
                0x00800265                alarm_type
 .bss.run_temp  0x00800271       0x18 dgus.o
                0x00800271                run_temp
 .bss.sensor_sta
                0x00800289        0xc dgus.o
                0x00800289                sensor_sta
 .bss.output_rate
                0x00800295        0xc dgus.o
                0x00800295                output_rate
 .bss.ctrl_board_sta
                0x008002a1        0x4 dgus.o
                0x008002a1                ctrl_board_sta
 .bss.curve_time_level
                0x008002a5        0x1 dgus.o
                0x008002a5                curve_time_level
 .bss.curve_page_num
                0x008002a6        0x1 dgus.o
                0x008002a6                curve_page_num
 .bss.set_pid_channel
                0x008002a7        0x1 dgus.o
                0x008002a7                set_pid_channel
 .bss.set_num   0x008002a8        0x1 dgus.o
                0x008002a8                set_num
 .bss.pre_system_sta
                0x008002a9        0x2 dgus.o
                0x008002a9                pre_system_sta
 .bss.pre_main_page
                0x008002ab        0x1 dgus.o
                0x008002ab                pre_main_page
 .bss.pre_language
                0x008002ac        0x1 dgus.o
                0x008002ac                pre_language
 .bss.update_run_temp_flag
                0x008002ad        0x1 dgus.o
                0x008002ad                update_run_temp_flag
 .bss.run_temp_page
                0x008002ae        0x1 dgus.o
                0x008002ae                run_temp_page
 .bss.pos.1822  0x008002af        0x1 timer.o
 .bss.cnt.1821  0x008002b0        0x1 timer.o
 .bss.time_cnt.1814
                0x008002b1        0x1 timer.o
 .bss.usart0_cnt.1790
                0x008002b2        0x1 timer.o
 .bss.pre_usart0_rx_cnt.1791
                0x008002b3        0x1 timer.o
 .bss.usart1_cnt.1788
                0x008002b4        0x1 timer.o
 .bss.pre_usart1_rx_cnt.1789
                0x008002b5        0x1 timer.o
 .bss.update_run_temp_cnt.1794
                0x008002b6        0x2 timer.o
 .bss.time_cnt.1792
                0x008002b8        0x1 timer.o
 .bss.init_complete
                0x008002b9        0x1 timer.o
                0x008002b9                init_complete
 .bss.read_setting_data_cnt
                0x008002ba        0x1 timer.o
                0x008002ba                read_setting_data_cnt
 .bss.read_setting_data_mask
                0x008002bb        0x1 timer.o
                0x008002bb                read_setting_data_mask
 .bss.timer2_ovf
                0x008002bc        0x1 timer.o
                0x008002bc                timer2_ovf
 .bss.sensor_type_buff
                0x008002bd       0x18 usart.o
                0x008002bd                sensor_type_buff
 .bss.switch_sensor_buff
                0x008002d5       0x18 usart.o
                0x008002d5                switch_sensor_buff
 .bss.temp_unit_buff
                0x008002ed        0x2 usart.o
                0x008002ed                temp_unit_buff
 .bss.all_sensor_type_buff
                0x008002ef        0x2 usart.o
                0x008002ef                all_sensor_type_buff
 .bss.usart2_buff
                0x008002f1        0x1 usart.o
                0x008002f1                usart2_buff
 .bss.usart2_tx_buff
                0x008002f2       0xc8 usart.o
                0x008002f2                usart2_tx_buff
 .bss.usart1_rx_cnt
                0x008003ba        0x1 usart.o
                0x008003ba                usart1_rx_cnt
 .bss.usart1_rx_lenth
                0x008003bb        0x1 usart.o
                0x008003bb                usart1_rx_lenth
 .bss.usart1_rx_end
                0x008003bc        0x1 usart.o
                0x008003bc                usart1_rx_end
 .bss.usart1_tx_buff
                0x008003bd       0xc8 usart.o
                0x008003bd                usart1_tx_buff
 .bss.usart1_rx_buff
                0x00800485       0xc8 usart.o
                0x00800485                usart1_rx_buff
 .bss.usart0_rx_cnt
                0x0080054d        0x1 usart.o
                0x0080054d                usart0_rx_cnt
 .bss.usart0_rx_lenth
                0x0080054e        0x1 usart.o
                0x0080054e                usart0_rx_lenth
 .bss.usart0_rx_end
                0x0080054f        0x1 usart.o
                0x0080054f                usart0_rx_end
 .bss.usart0_tx_buff
                0x00800550       0xc8 usart.o
                0x00800550                usart0_tx_buff
 .bss.usart0_rx_buff
                0x00800618       0xc8 usart.o
                0x00800618                usart0_rx_buff
 *(COMMON)
 COMMON         0x008006e0      0x100 dgus.o
                0x008006e0                time_ctrl_value
 COMMON         0x008007e0        0x2 timer.o
                0x008007e0                all_senser_sta
                0x008007e1                global
 COMMON         0x008007e2      0x101 usart.o
                0x008007e2                usart2_sta
                0x008007e3                time_ctrl_value_buff
                0x008008e3                PROVIDE (__bss_end, .)
                0x000027fe                __data_load_start = LOADADDR (.data)
                0x0000290e                __data_load_end = (__data_load_start + SIZEOF (.data))

.noinit         0x008008e3        0x0
                [!provide]                PROVIDE (__noinit_start, .)
 *(.noinit*)
                [!provide]                PROVIDE (__noinit_end, .)
                0x008008e3                _end = .
                [!provide]                PROVIDE (__heap_start, .)

.eeprom         0x00810000        0x0
 *(.eeprom*)
                0x00810000                __eeprom_end = .

.fuse
 *(.fuse)
 *(.lfuse)
 *(.hfuse)
 *(.efuse)

.lock
 *(.lock*)

.signature
 *(.signature*)

.user_signatures
 *(.user_signatures*)

.stab
 *(.stab)

.stabstr
 *(.stabstr)

.stab.excl
 *(.stab.excl)

.stab.exclstr
 *(.stab.exclstr)

.stab.index
 *(.stab.index)

.stab.indexstr
 *(.stab.indexstr)

.comment        0x00000000       0x30
 *(.comment)
 .comment       0x00000000       0x30 delay.o
                                 0x31 (size before relaxing)
 .comment       0x00000030       0x31 dgus.o
 .comment       0x00000030       0x31 eeprom.o
 .comment       0x00000030       0x31 gpio.o
 .comment       0x00000030       0x31 main.o
 .comment       0x00000030       0x31 timer.o
 .comment       0x00000030       0x31 usart.o

.note.gnu.avr.deviceinfo
                0x00000000       0x3c
 .note.gnu.avr.deviceinfo
                0x00000000       0x3c D:/AtmelStudio7/7.0/Packs/atmel/ATmega_DFP/1.2.150/gcc/dev/atmega64a/avr5/crtatmega64a.o

.note.gnu.build-id
 *(.note.gnu.build-id)

.debug
 *(.debug)

.line
 *(.line)

.debug_srcinfo
 *(.debug_srcinfo)

.debug_sfnames
 *(.debug_sfnames)

.debug_aranges  0x00000000      0x2a8
 *(.debug_aranges)
 .debug_aranges
                0x00000000       0x30 delay.o
 .debug_aranges
                0x00000030      0x128 dgus.o
 .debug_aranges
                0x00000158       0x30 eeprom.o
 .debug_aranges
                0x00000188       0x20 gpio.o
 .debug_aranges
                0x000001a8       0x28 main.o
 .debug_aranges
                0x000001d0       0x50 timer.o
 .debug_aranges
                0x00000220       0x88 usart.o

.debug_pubnames
 *(.debug_pubnames)

.debug_info     0x00000000     0x35f5
 *(.debug_info .gnu.linkonce.wi.*)
 .debug_info    0x00000000      0x780 D:/AtmelStudio7/7.0/Packs/atmel/ATmega_DFP/1.2.150/gcc/dev/atmega64a/avr5/crtatmega64a.o
 .debug_info    0x00000780      0x112 delay.o
 .debug_info    0x00000892     0x1778 dgus.o
 .debug_info    0x0000200a      0x6cc eeprom.o
 .debug_info    0x000026d6       0x82 gpio.o
 .debug_info    0x00002758      0x316 main.o
 .debug_info    0x00002a6e      0x4c3 timer.o
 .debug_info    0x00002f31      0x6c4 usart.o

.debug_abbrev   0x00000000      0xe95
 *(.debug_abbrev)
 .debug_abbrev  0x00000000      0x718 D:/AtmelStudio7/7.0/Packs/atmel/ATmega_DFP/1.2.150/gcc/dev/atmega64a/avr5/crtatmega64a.o
 .debug_abbrev  0x00000718       0xac delay.o
 .debug_abbrev  0x000007c4      0x1c0 dgus.o
 .debug_abbrev  0x00000984      0x10f eeprom.o
 .debug_abbrev  0x00000a93       0x4f gpio.o
 .debug_abbrev  0x00000ae2       0xcb main.o
 .debug_abbrev  0x00000bad      0x14c timer.o
 .debug_abbrev  0x00000cf9      0x19c usart.o

.debug_line     0x00000000     0x220f
 *(.debug_line .debug_line.* .debug_line_end)
 .debug_line    0x00000000      0x169 D:/AtmelStudio7/7.0/Packs/atmel/ATmega_DFP/1.2.150/gcc/dev/atmega64a/avr5/crtatmega64a.o
 .debug_line    0x00000169       0xf6 delay.o
 .debug_line    0x0000025f     0x10fc dgus.o
 .debug_line    0x0000135b      0x2d2 eeprom.o
 .debug_line    0x0000162d       0xf3 gpio.o
 .debug_line    0x00001720      0x168 main.o
 .debug_line    0x00001888      0x34a timer.o
 .debug_line    0x00001bd2      0x63d usart.o

.debug_frame    0x00000000      0x88c
 *(.debug_frame)
 .debug_frame   0x00000000       0x6c delay.o
 .debug_frame   0x0000006c      0x458 dgus.o
 .debug_frame   0x000004c4       0xa4 eeprom.o
 .debug_frame   0x00000568       0x24 gpio.o
 .debug_frame   0x0000058c       0x34 main.o
 .debug_frame   0x000005c0      0x150 timer.o
 .debug_frame   0x00000710      0x17c usart.o

.debug_str      0x00000000      0xbe4
 *(.debug_str)
 .debug_str     0x00000000      0x27e D:/AtmelStudio7/7.0/Packs/atmel/ATmega_DFP/1.2.150/gcc/dev/atmega64a/avr5/crtatmega64a.o
 .debug_str     0x0000027e      0x184 delay.o
                                0x1be (size before relaxing)
 .debug_str     0x00000402      0x59b dgus.o
                                0x7ba (size before relaxing)
 .debug_str     0x0000099d       0x2b eeprom.o
                                0x2c8 (size before relaxing)
 .debug_str     0x000009c8       0x16 gpio.o
                                0x190 (size before relaxing)
 .debug_str     0x000009de       0x8d main.o
                                0x2d6 (size before relaxing)
 .debug_str     0x00000a6b       0xe6 timer.o
                                0x428 (size before relaxing)
 .debug_str     0x00000b51       0x93 usart.o
                                0x4a1 (size before relaxing)

.debug_loc      0x00000000     0x23dc
 *(.debug_loc)
 .debug_loc     0x00000000      0x173 delay.o
 .debug_loc     0x00000173     0x177f dgus.o
 .debug_loc     0x000018f2      0x1ca eeprom.o
 .debug_loc     0x00001abc      0x293 timer.o
 .debug_loc     0x00001d4f      0x68d usart.o

.debug_macinfo
 *(.debug_macinfo)

.debug_weaknames
 *(.debug_weaknames)

.debug_funcnames
 *(.debug_funcnames)

.debug_typenames
 *(.debug_typenames)

.debug_varnames
 *(.debug_varnames)

.debug_pubtypes
 *(.debug_pubtypes)

.debug_ranges   0x00000000      0x238
 *(.debug_ranges)
 .debug_ranges  0x00000000       0x20 delay.o
 .debug_ranges  0x00000020      0x118 dgus.o
 .debug_ranges  0x00000138       0x20 eeprom.o
 .debug_ranges  0x00000158       0x10 gpio.o
 .debug_ranges  0x00000168       0x18 main.o
 .debug_ranges  0x00000180       0x40 timer.o
 .debug_ranges  0x000001c0       0x78 usart.o

.debug_macro
 *(.debug_macro)
OUTPUT(TempCtrlCoreBoardV1R0.elf elf32-avr)
LOAD linker stubs
