Archive member included to satisfy reference by file (symbol)

d:/atmelstudio7/7.0/toolchain/avr8/avr8-gnu-toolchain/bin/../lib/gcc/avr/5.4.0/avr5\libgcc.a(_divmodhi4.o)
                              dgus.o (__divmodhi4)
d:/atmelstudio7/7.0/toolchain/avr8/avr8-gnu-toolchain/bin/../lib/gcc/avr/5.4.0/avr5\libgcc.a(_udivmodsi4.o)
                              usart.o (__udivmodsi4)
d:/atmelstudio7/7.0/toolchain/avr8/avr8-gnu-toolchain/bin/../lib/gcc/avr/5.4.0/avr5\libgcc.a(_exit.o)
                              D:/AtmelStudio7/7.0/Packs/atmel/ATmega_DFP/1.2.150/gcc/dev/atmega64a/avr5/crtatmega64a.o (exit)
d:/atmelstudio7/7.0/toolchain/avr8/avr8-gnu-toolchain/bin/../lib/gcc/avr/5.4.0/avr5\libgcc.a(_tablejump2.o)
                              dgus.o (__tablejump2__)
d:/atmelstudio7/7.0/toolchain/avr8/avr8-gnu-toolchain/bin/../lib/gcc/avr/5.4.0/avr5\libgcc.a(_copy_data.o)
                              dgus.o (__do_copy_data)
d:/atmelstudio7/7.0/toolchain/avr8/avr8-gnu-toolchain/bin/../lib/gcc/avr/5.4.0/avr5\libgcc.a(_clear_bss.o)
                              dgus.o (__do_clear_bss)
d:/atmelstudio7/7.0/toolchain/avr8/avr8-gnu-toolchain/bin/../lib/gcc/avr/5.4.0/avr5\libgcc.a(_umulhisi3.o)
                              dgus.o (__umulhisi3)
d:/atmelstudio7/7.0/toolchain/avr8/avr8-gnu-toolchain/bin/../lib/gcc/avr/5.4.0/avr5\libgcc.a(_muluhisi3.o)
                              delay.o (__muluhisi3)
d:/atmelstudio7/7.0/toolchain/avr8/avr8-gnu-toolchain/bin/../lib/gcc/avr/5.4.0/avr5\libgcc.a(_udivmodhi4.o)
                              d:/atmelstudio7/7.0/toolchain/avr8/avr8-gnu-toolchain/bin/../lib/gcc/avr/5.4.0/avr5\libgcc.a(_divmodhi4.o) (__udivmodhi4)

Allocating common symbols
Common symbol       size              file

time_ctrl_value     0x100             dgus.o
global              0x1               timer.o
usart2_sta          0x1               usart.o
time_ctrl_value_buff
                    0x100             usart.o

Discarded input sections

 .data          0x00000000        0x0 D:/AtmelStudio7/7.0/Packs/atmel/ATmega_DFP/1.2.150/gcc/dev/atmega64a/avr5/crtatmega64a.o
 .bss           0x00000000        0x0 D:/AtmelStudio7/7.0/Packs/atmel/ATmega_DFP/1.2.150/gcc/dev/atmega64a/avr5/crtatmega64a.o
 .text          0x00000000        0x0 delay.o
 .data          0x00000000        0x0 delay.o
 .bss           0x00000000        0x0 delay.o
 .text._delay_us
                0x00000000       0x32 delay.o
 .text          0x00000000        0x0 dgus.o
 .data          0x00000000        0x0 dgus.o
 .bss           0x00000000        0x0 dgus.o
 .text          0x00000000        0x0 eeprom.o
 .data          0x00000000        0x0 eeprom.o
 .bss           0x00000000        0x0 eeprom.o
 .text.eeprom_read
                0x00000000        0xe eeprom.o
 .text.read_eeprom_data
                0x00000000      0x4d0 eeprom.o
 .text          0x00000000        0x0 gpio.o
 .data          0x00000000        0x0 gpio.o
 .bss           0x00000000        0x0 gpio.o
 .text          0x00000000        0x0 main.o
 .data          0x00000000        0x0 main.o
 .bss           0x00000000        0x0 main.o
 .text          0x00000000        0x0 timer.o
 .data          0x00000000        0x0 timer.o
 .bss           0x00000000        0x0 timer.o
 COMMON         0x00000000        0x1 timer.o
 .text          0x00000000        0x0 usart.o
 .data          0x00000000        0x0 usart.o
 .bss           0x00000000        0x0 usart.o
 .text          0x00000000        0x0 d:/atmelstudio7/7.0/toolchain/avr8/avr8-gnu-toolchain/bin/../lib/gcc/avr/5.4.0/avr5\libgcc.a(_divmodhi4.o)
 .data          0x00000000        0x0 d:/atmelstudio7/7.0/toolchain/avr8/avr8-gnu-toolchain/bin/../lib/gcc/avr/5.4.0/avr5\libgcc.a(_divmodhi4.o)
 .bss           0x00000000        0x0 d:/atmelstudio7/7.0/toolchain/avr8/avr8-gnu-toolchain/bin/../lib/gcc/avr/5.4.0/avr5\libgcc.a(_divmodhi4.o)
 .text.libgcc.mul
                0x00000000        0x0 d:/atmelstudio7/7.0/toolchain/avr8/avr8-gnu-toolchain/bin/../lib/gcc/avr/5.4.0/avr5\libgcc.a(_divmodhi4.o)
 .text.libgcc   0x00000000        0x0 d:/atmelstudio7/7.0/toolchain/avr8/avr8-gnu-toolchain/bin/../lib/gcc/avr/5.4.0/avr5\libgcc.a(_divmodhi4.o)
 .text.libgcc.prologue
                0x00000000        0x0 d:/atmelstudio7/7.0/toolchain/avr8/avr8-gnu-toolchain/bin/../lib/gcc/avr/5.4.0/avr5\libgcc.a(_divmodhi4.o)
 .text.libgcc.builtins
                0x00000000        0x0 d:/atmelstudio7/7.0/toolchain/avr8/avr8-gnu-toolchain/bin/../lib/gcc/avr/5.4.0/avr5\libgcc.a(_divmodhi4.o)
 .text.libgcc.fmul
                0x00000000        0x0 d:/atmelstudio7/7.0/toolchain/avr8/avr8-gnu-toolchain/bin/../lib/gcc/avr/5.4.0/avr5\libgcc.a(_divmodhi4.o)
 .text.libgcc.fixed
                0x00000000        0x0 d:/atmelstudio7/7.0/toolchain/avr8/avr8-gnu-toolchain/bin/../lib/gcc/avr/5.4.0/avr5\libgcc.a(_divmodhi4.o)
 .text          0x00000000        0x0 d:/atmelstudio7/7.0/toolchain/avr8/avr8-gnu-toolchain/bin/../lib/gcc/avr/5.4.0/avr5\libgcc.a(_udivmodsi4.o)
 .data          0x00000000        0x0 d:/atmelstudio7/7.0/toolchain/avr8/avr8-gnu-toolchain/bin/../lib/gcc/avr/5.4.0/avr5\libgcc.a(_udivmodsi4.o)
 .bss           0x00000000        0x0 d:/atmelstudio7/7.0/toolchain/avr8/avr8-gnu-toolchain/bin/../lib/gcc/avr/5.4.0/avr5\libgcc.a(_udivmodsi4.o)
 .text.libgcc.mul
                0x00000000        0x0 d:/atmelstudio7/7.0/toolchain/avr8/avr8-gnu-toolchain/bin/../lib/gcc/avr/5.4.0/avr5\libgcc.a(_udivmodsi4.o)
 .text.libgcc   0x00000000        0x0 d:/atmelstudio7/7.0/toolchain/avr8/avr8-gnu-toolchain/bin/../lib/gcc/avr/5.4.0/avr5\libgcc.a(_udivmodsi4.o)
 .text.libgcc.prologue
                0x00000000        0x0 d:/atmelstudio7/7.0/toolchain/avr8/avr8-gnu-toolchain/bin/../lib/gcc/avr/5.4.0/avr5\libgcc.a(_udivmodsi4.o)
 .text.libgcc.builtins
                0x00000000        0x0 d:/atmelstudio7/7.0/toolchain/avr8/avr8-gnu-toolchain/bin/../lib/gcc/avr/5.4.0/avr5\libgcc.a(_udivmodsi4.o)
 .text.libgcc.fmul
                0x00000000        0x0 d:/atmelstudio7/7.0/toolchain/avr8/avr8-gnu-toolchain/bin/../lib/gcc/avr/5.4.0/avr5\libgcc.a(_udivmodsi4.o)
 .text.libgcc.fixed
                0x00000000        0x0 d:/atmelstudio7/7.0/toolchain/avr8/avr8-gnu-toolchain/bin/../lib/gcc/avr/5.4.0/avr5\libgcc.a(_udivmodsi4.o)
 .text          0x00000000        0x0 d:/atmelstudio7/7.0/toolchain/avr8/avr8-gnu-toolchain/bin/../lib/gcc/avr/5.4.0/avr5\libgcc.a(_exit.o)
 .data          0x00000000        0x0 d:/atmelstudio7/7.0/toolchain/avr8/avr8-gnu-toolchain/bin/../lib/gcc/avr/5.4.0/avr5\libgcc.a(_exit.o)
 .bss           0x00000000        0x0 d:/atmelstudio7/7.0/toolchain/avr8/avr8-gnu-toolchain/bin/../lib/gcc/avr/5.4.0/avr5\libgcc.a(_exit.o)
 .text.libgcc.mul
                0x00000000        0x0 d:/atmelstudio7/7.0/toolchain/avr8/avr8-gnu-toolchain/bin/../lib/gcc/avr/5.4.0/avr5\libgcc.a(_exit.o)
 .text.libgcc.div
                0x00000000        0x0 d:/atmelstudio7/7.0/toolchain/avr8/avr8-gnu-toolchain/bin/../lib/gcc/avr/5.4.0/avr5\libgcc.a(_exit.o)
 .text.libgcc   0x00000000        0x0 d:/atmelstudio7/7.0/toolchain/avr8/avr8-gnu-toolchain/bin/../lib/gcc/avr/5.4.0/avr5\libgcc.a(_exit.o)
 .text.libgcc.prologue
                0x00000000        0x0 d:/atmelstudio7/7.0/toolchain/avr8/avr8-gnu-toolchain/bin/../lib/gcc/avr/5.4.0/avr5\libgcc.a(_exit.o)
 .text.libgcc.builtins
                0x00000000        0x0 d:/atmelstudio7/7.0/toolchain/avr8/avr8-gnu-toolchain/bin/../lib/gcc/avr/5.4.0/avr5\libgcc.a(_exit.o)
 .text.libgcc.fmul
                0x00000000        0x0 d:/atmelstudio7/7.0/toolchain/avr8/avr8-gnu-toolchain/bin/../lib/gcc/avr/5.4.0/avr5\libgcc.a(_exit.o)
 .text.libgcc.fixed
                0x00000000        0x0 d:/atmelstudio7/7.0/toolchain/avr8/avr8-gnu-toolchain/bin/../lib/gcc/avr/5.4.0/avr5\libgcc.a(_exit.o)
 .text          0x00000000        0x0 d:/atmelstudio7/7.0/toolchain/avr8/avr8-gnu-toolchain/bin/../lib/gcc/avr/5.4.0/avr5\libgcc.a(_tablejump2.o)
 .data          0x00000000        0x0 d:/atmelstudio7/7.0/toolchain/avr8/avr8-gnu-toolchain/bin/../lib/gcc/avr/5.4.0/avr5\libgcc.a(_tablejump2.o)
 .bss           0x00000000        0x0 d:/atmelstudio7/7.0/toolchain/avr8/avr8-gnu-toolchain/bin/../lib/gcc/avr/5.4.0/avr5\libgcc.a(_tablejump2.o)
 .text.libgcc.mul
                0x00000000        0x0 d:/atmelstudio7/7.0/toolchain/avr8/avr8-gnu-toolchain/bin/../lib/gcc/avr/5.4.0/avr5\libgcc.a(_tablejump2.o)
 .text.libgcc.div
                0x00000000        0x0 d:/atmelstudio7/7.0/toolchain/avr8/avr8-gnu-toolchain/bin/../lib/gcc/avr/5.4.0/avr5\libgcc.a(_tablejump2.o)
 .text.libgcc.prologue
                0x00000000        0x0 d:/atmelstudio7/7.0/toolchain/avr8/avr8-gnu-toolchain/bin/../lib/gcc/avr/5.4.0/avr5\libgcc.a(_tablejump2.o)
 .text.libgcc.builtins
                0x00000000        0x0 d:/atmelstudio7/7.0/toolchain/avr8/avr8-gnu-toolchain/bin/../lib/gcc/avr/5.4.0/avr5\libgcc.a(_tablejump2.o)
 .text.libgcc.fmul
                0x00000000        0x0 d:/atmelstudio7/7.0/toolchain/avr8/avr8-gnu-toolchain/bin/../lib/gcc/avr/5.4.0/avr5\libgcc.a(_tablejump2.o)
 .text.libgcc.fixed
                0x00000000        0x0 d:/atmelstudio7/7.0/toolchain/avr8/avr8-gnu-toolchain/bin/../lib/gcc/avr/5.4.0/avr5\libgcc.a(_tablejump2.o)
 .text          0x00000000        0x0 d:/atmelstudio7/7.0/toolchain/avr8/avr8-gnu-toolchain/bin/../lib/gcc/avr/5.4.0/avr5\libgcc.a(_copy_data.o)
 .data          0x00000000        0x0 d:/atmelstudio7/7.0/toolchain/avr8/avr8-gnu-toolchain/bin/../lib/gcc/avr/5.4.0/avr5\libgcc.a(_copy_data.o)
 .bss           0x00000000        0x0 d:/atmelstudio7/7.0/toolchain/avr8/avr8-gnu-toolchain/bin/../lib/gcc/avr/5.4.0/avr5\libgcc.a(_copy_data.o)
 .text.libgcc.mul
                0x00000000        0x0 d:/atmelstudio7/7.0/toolchain/avr8/avr8-gnu-toolchain/bin/../lib/gcc/avr/5.4.0/avr5\libgcc.a(_copy_data.o)
 .text.libgcc.div
                0x00000000        0x0 d:/atmelstudio7/7.0/toolchain/avr8/avr8-gnu-toolchain/bin/../lib/gcc/avr/5.4.0/avr5\libgcc.a(_copy_data.o)
 .text.libgcc   0x00000000        0x0 d:/atmelstudio7/7.0/toolchain/avr8/avr8-gnu-toolchain/bin/../lib/gcc/avr/5.4.0/avr5\libgcc.a(_copy_data.o)
 .text.libgcc.prologue
                0x00000000        0x0 d:/atmelstudio7/7.0/toolchain/avr8/avr8-gnu-toolchain/bin/../lib/gcc/avr/5.4.0/avr5\libgcc.a(_copy_data.o)
 .text.libgcc.builtins
                0x00000000        0x0 d:/atmelstudio7/7.0/toolchain/avr8/avr8-gnu-toolchain/bin/../lib/gcc/avr/5.4.0/avr5\libgcc.a(_copy_data.o)
 .text.libgcc.fmul
                0x00000000        0x0 d:/atmelstudio7/7.0/toolchain/avr8/avr8-gnu-toolchain/bin/../lib/gcc/avr/5.4.0/avr5\libgcc.a(_copy_data.o)
 .text.libgcc.fixed
                0x00000000        0x0 d:/atmelstudio7/7.0/toolchain/avr8/avr8-gnu-toolchain/bin/../lib/gcc/avr/5.4.0/avr5\libgcc.a(_copy_data.o)
 .text          0x00000000        0x0 d:/atmelstudio7/7.0/toolchain/avr8/avr8-gnu-toolchain/bin/../lib/gcc/avr/5.4.0/avr5\libgcc.a(_clear_bss.o)
 .data          0x00000000        0x0 d:/atmelstudio7/7.0/toolchain/avr8/avr8-gnu-toolchain/bin/../lib/gcc/avr/5.4.0/avr5\libgcc.a(_clear_bss.o)
 .bss           0x00000000        0x0 d:/atmelstudio7/7.0/toolchain/avr8/avr8-gnu-toolchain/bin/../lib/gcc/avr/5.4.0/avr5\libgcc.a(_clear_bss.o)
 .text.libgcc.mul
                0x00000000        0x0 d:/atmelstudio7/7.0/toolchain/avr8/avr8-gnu-toolchain/bin/../lib/gcc/avr/5.4.0/avr5\libgcc.a(_clear_bss.o)
 .text.libgcc.div
                0x00000000        0x0 d:/atmelstudio7/7.0/toolchain/avr8/avr8-gnu-toolchain/bin/../lib/gcc/avr/5.4.0/avr5\libgcc.a(_clear_bss.o)
 .text.libgcc   0x00000000        0x0 d:/atmelstudio7/7.0/toolchain/avr8/avr8-gnu-toolchain/bin/../lib/gcc/avr/5.4.0/avr5\libgcc.a(_clear_bss.o)
 .text.libgcc.prologue
                0x00000000        0x0 d:/atmelstudio7/7.0/toolchain/avr8/avr8-gnu-toolchain/bin/../lib/gcc/avr/5.4.0/avr5\libgcc.a(_clear_bss.o)
 .text.libgcc.builtins
                0x00000000        0x0 d:/atmelstudio7/7.0/toolchain/avr8/avr8-gnu-toolchain/bin/../lib/gcc/avr/5.4.0/avr5\libgcc.a(_clear_bss.o)
 .text.libgcc.fmul
                0x00000000        0x0 d:/atmelstudio7/7.0/toolchain/avr8/avr8-gnu-toolchain/bin/../lib/gcc/avr/5.4.0/avr5\libgcc.a(_clear_bss.o)
 .text.libgcc.fixed
                0x00000000        0x0 d:/atmelstudio7/7.0/toolchain/avr8/avr8-gnu-toolchain/bin/../lib/gcc/avr/5.4.0/avr5\libgcc.a(_clear_bss.o)
 .text          0x00000000        0x0 d:/atmelstudio7/7.0/toolchain/avr8/avr8-gnu-toolchain/bin/../lib/gcc/avr/5.4.0/avr5\libgcc.a(_umulhisi3.o)
 .data          0x00000000        0x0 d:/atmelstudio7/7.0/toolchain/avr8/avr8-gnu-toolchain/bin/../lib/gcc/avr/5.4.0/avr5\libgcc.a(_umulhisi3.o)
 .bss           0x00000000        0x0 d:/atmelstudio7/7.0/toolchain/avr8/avr8-gnu-toolchain/bin/../lib/gcc/avr/5.4.0/avr5\libgcc.a(_umulhisi3.o)
 .text.libgcc.div
                0x00000000        0x0 d:/atmelstudio7/7.0/toolchain/avr8/avr8-gnu-toolchain/bin/../lib/gcc/avr/5.4.0/avr5\libgcc.a(_umulhisi3.o)
 .text.libgcc   0x00000000        0x0 d:/atmelstudio7/7.0/toolchain/avr8/avr8-gnu-toolchain/bin/../lib/gcc/avr/5.4.0/avr5\libgcc.a(_umulhisi3.o)
 .text.libgcc.prologue
                0x00000000        0x0 d:/atmelstudio7/7.0/toolchain/avr8/avr8-gnu-toolchain/bin/../lib/gcc/avr/5.4.0/avr5\libgcc.a(_umulhisi3.o)
 .text.libgcc.builtins
                0x00000000        0x0 d:/atmelstudio7/7.0/toolchain/avr8/avr8-gnu-toolchain/bin/../lib/gcc/avr/5.4.0/avr5\libgcc.a(_umulhisi3.o)
 .text.libgcc.fmul
                0x00000000        0x0 d:/atmelstudio7/7.0/toolchain/avr8/avr8-gnu-toolchain/bin/../lib/gcc/avr/5.4.0/avr5\libgcc.a(_umulhisi3.o)
 .text.libgcc.fixed
                0x00000000        0x0 d:/atmelstudio7/7.0/toolchain/avr8/avr8-gnu-toolchain/bin/../lib/gcc/avr/5.4.0/avr5\libgcc.a(_umulhisi3.o)
 .text          0x00000000        0x0 d:/atmelstudio7/7.0/toolchain/avr8/avr8-gnu-toolchain/bin/../lib/gcc/avr/5.4.0/avr5\libgcc.a(_muluhisi3.o)
 .data          0x00000000        0x0 d:/atmelstudio7/7.0/toolchain/avr8/avr8-gnu-toolchain/bin/../lib/gcc/avr/5.4.0/avr5\libgcc.a(_muluhisi3.o)
 .bss           0x00000000        0x0 d:/atmelstudio7/7.0/toolchain/avr8/avr8-gnu-toolchain/bin/../lib/gcc/avr/5.4.0/avr5\libgcc.a(_muluhisi3.o)
 .text.libgcc.div
                0x00000000        0x0 d:/atmelstudio7/7.0/toolchain/avr8/avr8-gnu-toolchain/bin/../lib/gcc/avr/5.4.0/avr5\libgcc.a(_muluhisi3.o)
 .text.libgcc   0x00000000        0x0 d:/atmelstudio7/7.0/toolchain/avr8/avr8-gnu-toolchain/bin/../lib/gcc/avr/5.4.0/avr5\libgcc.a(_muluhisi3.o)
 .text.libgcc.prologue
                0x00000000        0x0 d:/atmelstudio7/7.0/toolchain/avr8/avr8-gnu-toolchain/bin/../lib/gcc/avr/5.4.0/avr5\libgcc.a(_muluhisi3.o)
 .text.libgcc.builtins
                0x00000000        0x0 d:/atmelstudio7/7.0/toolchain/avr8/avr8-gnu-toolchain/bin/../lib/gcc/avr/5.4.0/avr5\libgcc.a(_muluhisi3.o)
 .text.libgcc.fmul
                0x00000000        0x0 d:/atmelstudio7/7.0/toolchain/avr8/avr8-gnu-toolchain/bin/../lib/gcc/avr/5.4.0/avr5\libgcc.a(_muluhisi3.o)
 .text.libgcc.fixed
                0x00000000        0x0 d:/atmelstudio7/7.0/toolchain/avr8/avr8-gnu-toolchain/bin/../lib/gcc/avr/5.4.0/avr5\libgcc.a(_muluhisi3.o)
 .text          0x00000000        0x0 d:/atmelstudio7/7.0/toolchain/avr8/avr8-gnu-toolchain/bin/../lib/gcc/avr/5.4.0/avr5\libgcc.a(_udivmodhi4.o)
 .data          0x00000000        0x0 d:/atmelstudio7/7.0/toolchain/avr8/avr8-gnu-toolchain/bin/../lib/gcc/avr/5.4.0/avr5\libgcc.a(_udivmodhi4.o)
 .bss           0x00000000        0x0 d:/atmelstudio7/7.0/toolchain/avr8/avr8-gnu-toolchain/bin/../lib/gcc/avr/5.4.0/avr5\libgcc.a(_udivmodhi4.o)
 .text.libgcc.mul
                0x00000000        0x0 d:/atmelstudio7/7.0/toolchain/avr8/avr8-gnu-toolchain/bin/../lib/gcc/avr/5.4.0/avr5\libgcc.a(_udivmodhi4.o)
 .text.libgcc   0x00000000        0x0 d:/atmelstudio7/7.0/toolchain/avr8/avr8-gnu-toolchain/bin/../lib/gcc/avr/5.4.0/avr5\libgcc.a(_udivmodhi4.o)
 .text.libgcc.prologue
                0x00000000        0x0 d:/atmelstudio7/7.0/toolchain/avr8/avr8-gnu-toolchain/bin/../lib/gcc/avr/5.4.0/avr5\libgcc.a(_udivmodhi4.o)
 .text.libgcc.builtins
                0x00000000        0x0 d:/atmelstudio7/7.0/toolchain/avr8/avr8-gnu-toolchain/bin/../lib/gcc/avr/5.4.0/avr5\libgcc.a(_udivmodhi4.o)
 .text.libgcc.fmul
                0x00000000        0x0 d:/atmelstudio7/7.0/toolchain/avr8/avr8-gnu-toolchain/bin/../lib/gcc/avr/5.4.0/avr5\libgcc.a(_udivmodhi4.o)
 .text.libgcc.fixed
                0x00000000        0x0 d:/atmelstudio7/7.0/toolchain/avr8/avr8-gnu-toolchain/bin/../lib/gcc/avr/5.4.0/avr5\libgcc.a(_udivmodhi4.o)

Memory Configuration

Name             Origin             Length             Attributes
text             0x00000000         0x00020000         xr
data             0x00800060         0x0000ffa0         rw !x
eeprom           0x00810000         0x00010000         rw !x
fuse             0x00820000         0x00000003         rw !x
lock             0x00830000         0x00000400         rw !x
signature        0x00840000         0x00000400         rw !x
user_signatures  0x00850000         0x00000400         rw !x
*default*        0x00000000         0xffffffff

Linker script and memory map

Address of section .data set to 0x800100
LOAD D:/AtmelStudio7/7.0/Packs/atmel/ATmega_DFP/1.2.150/gcc/dev/atmega64a/avr5/crtatmega64a.o
LOAD delay.o
LOAD dgus.o
LOAD eeprom.o
LOAD gpio.o
LOAD main.o
LOAD timer.o
LOAD usart.o
START GROUP
LOAD d:/atmelstudio7/7.0/toolchain/avr8/avr8-gnu-toolchain/bin/../lib/gcc/avr/5.4.0/../../../../avr/lib/avr5\libm.a
END GROUP
START GROUP
LOAD d:/atmelstudio7/7.0/toolchain/avr8/avr8-gnu-toolchain/bin/../lib/gcc/avr/5.4.0/avr5\libgcc.a
LOAD d:/atmelstudio7/7.0/toolchain/avr8/avr8-gnu-toolchain/bin/../lib/gcc/avr/5.4.0/../../../../avr/lib/avr5\libm.a
LOAD d:/atmelstudio7/7.0/toolchain/avr8/avr8-gnu-toolchain/bin/../lib/gcc/avr/5.4.0/../../../../avr/lib/avr5\libc.a
LOAD D:/AtmelStudio7/7.0/Packs/atmel/ATmega_DFP/1.2.150/gcc/dev/atmega64a/avr5\libatmega64a.a
END GROUP
                0x00020000                __TEXT_REGION_LENGTH__ = DEFINED (__TEXT_REGION_LENGTH__)?__TEXT_REGION_LENGTH__:0x20000
                0x0000ffa0                __DATA_REGION_LENGTH__ = DEFINED (__DATA_REGION_LENGTH__)?__DATA_REGION_LENGTH__:0xffa0
                0x00010000                __EEPROM_REGION_LENGTH__ = DEFINED (__EEPROM_REGION_LENGTH__)?__EEPROM_REGION_LENGTH__:0x10000
                [0x00000003]                __FUSE_REGION_LENGTH__ = DEFINED (__FUSE_REGION_LENGTH__)?__FUSE_REGION_LENGTH__:0x400
                0x00000400                __LOCK_REGION_LENGTH__ = DEFINED (__LOCK_REGION_LENGTH__)?__LOCK_REGION_LENGTH__:0x400
                0x00000400                __SIGNATURE_REGION_LENGTH__ = DEFINED (__SIGNATURE_REGION_LENGTH__)?__SIGNATURE_REGION_LENGTH__:0x400
                0x00000400                __USER_SIGNATURE_REGION_LENGTH__ = DEFINED (__USER_SIGNATURE_REGION_LENGTH__)?__USER_SIGNATURE_REGION_LENGTH__:0x400

.hash
 *(.hash)

.dynsym
 *(.dynsym)

.dynstr
 *(.dynstr)

.gnu.version
 *(.gnu.version)

.gnu.version_d
 *(.gnu.version_d)

.gnu.version_r
 *(.gnu.version_r)

.rel.init
 *(.rel.init)

.rela.init
 *(.rela.init)

.rel.text
 *(.rel.text)
 *(.rel.text.*)
 *(.rel.gnu.linkonce.t*)

.rela.text
 *(.rela.text)
 *(.rela.text.*)
 *(.rela.gnu.linkonce.t*)

.rel.fini
 *(.rel.fini)

.rela.fini
 *(.rela.fini)

.rel.rodata
 *(.rel.rodata)
 *(.rel.rodata.*)
 *(.rel.gnu.linkonce.r*)

.rela.rodata
 *(.rela.rodata)
 *(.rela.rodata.*)
 *(.rela.gnu.linkonce.r*)

.rel.data
 *(.rel.data)
 *(.rel.data.*)
 *(.rel.gnu.linkonce.d*)

.rela.data
 *(.rela.data)
 *(.rela.data.*)
 *(.rela.gnu.linkonce.d*)

.rel.ctors
 *(.rel.ctors)

.rela.ctors
 *(.rela.ctors)

.rel.dtors
 *(.rel.dtors)

.rela.dtors
 *(.rela.dtors)

.rel.got
 *(.rel.got)

.rela.got
 *(.rela.got)

.rel.bss
 *(.rel.bss)

.rela.bss
 *(.rela.bss)

.rel.plt
 *(.rel.plt)

.rela.plt
 *(.rela.plt)

.text           0x00000000     0x2836
 *(.vectors)
 .vectors       0x00000000       0x8c D:/AtmelStudio7/7.0/Packs/atmel/ATmega_DFP/1.2.150/gcc/dev/atmega64a/avr5/crtatmega64a.o
                0x00000000                __vector_default
                0x00000000                __vectors
 *(.vectors)
 *(.progmem.gcc*)
 .progmem.gcc_sw_table.key_action
                0x0000008c       0x52 dgus.o
 .progmem.gcc_sw_table.usart0_deal
                0x000000de      0x180 usart.o
                0x0000025e                . = ALIGN (0x2)
                0x0000025e                __trampolines_start = .
 *(.trampolines)
 .trampolines   0x0000025e        0x0 linker stubs
 *(.trampolines*)
                0x0000025e                __trampolines_end = .
 *libprintf_flt.a:*(.progmem.data)
 *libc.a:*(.progmem.data)
 *(.progmem*)
                0x0000025e                . = ALIGN (0x2)
 *(.jumptables)
 *(.jumptables*)
 *(.lowtext)
 *(.lowtext*)
                0x0000025e                __ctors_start = .
 *(.ctors)
                0x0000025e                __ctors_end = .
                0x0000025e                __dtors_start = .
 *(.dtors)
                0x0000025e                __dtors_end = .
 SORT(*)(.ctors)
 SORT(*)(.dtors)
 *(.init0)
 .init0         0x0000025e        0x0 D:/AtmelStudio7/7.0/Packs/atmel/ATmega_DFP/1.2.150/gcc/dev/atmega64a/avr5/crtatmega64a.o
                0x0000025e                __init
 *(.init0)
 *(.init1)
 *(.init1)
 *(.init2)
 .init2         0x0000025e        0xc D:/AtmelStudio7/7.0/Packs/atmel/ATmega_DFP/1.2.150/gcc/dev/atmega64a/avr5/crtatmega64a.o
 *(.init2)
 *(.init3)
 *(.init3)
 *(.init4)
 .init4         0x0000026a       0x16 d:/atmelstudio7/7.0/toolchain/avr8/avr8-gnu-toolchain/bin/../lib/gcc/avr/5.4.0/avr5\libgcc.a(_copy_data.o)
                0x0000026a                __do_copy_data
 .init4         0x00000280       0x10 d:/atmelstudio7/7.0/toolchain/avr8/avr8-gnu-toolchain/bin/../lib/gcc/avr/5.4.0/avr5\libgcc.a(_clear_bss.o)
                0x00000280                __do_clear_bss
 *(.init4)
 *(.init5)
 *(.init5)
 *(.init6)
 *(.init6)
 *(.init7)
 *(.init7)
 *(.init8)
 *(.init8)
 *(.init9)
 .init9         0x00000290        0x8 D:/AtmelStudio7/7.0/Packs/atmel/ATmega_DFP/1.2.150/gcc/dev/atmega64a/avr5/crtatmega64a.o
 *(.init9)
 *(.text)
 .text          0x00000298        0x4 D:/AtmelStudio7/7.0/Packs/atmel/ATmega_DFP/1.2.150/gcc/dev/atmega64a/avr5/crtatmega64a.o
                0x00000298                __vector_22
                0x00000298                __vector_28
                0x00000298                __vector_1
                0x00000298                __vector_32
                0x00000298                __vector_34
                0x00000298                __vector_24
                0x00000298                __bad_interrupt
                0x00000298                __vector_6
                0x00000298                __vector_31
                0x00000298                __vector_3
                0x00000298                __vector_23
                0x00000298                __vector_25
                0x00000298                __vector_11
                0x00000298                __vector_13
                0x00000298                __vector_17
                0x00000298                __vector_19
                0x00000298                __vector_7
                0x00000298                __vector_27
                0x00000298                __vector_5
                0x00000298                __vector_33
                0x00000298                __vector_4
                0x00000298                __vector_9
                0x00000298                __vector_2
                0x00000298                __vector_21
                0x00000298                __vector_15
                0x00000298                __vector_29
                0x00000298                __vector_8
                0x00000298                __vector_14
                0x00000298                __vector_20
                0x0000029c                . = ALIGN (0x2)
 *(.text.*)
 .text._delay_1us
                0x0000029c        0xa delay.o
                0x0000029c                _delay_1us
 .text._delay_ms
                0x000002a6       0x3c delay.o
                0x000002a6                _delay_ms
 .text.init_time_ctrl_value
                0x000002e2       0x6a dgus.o
                0x000002e2                init_time_ctrl_value
 .text.set_pid  0x0000034c       0xae dgus.o
                0x0000034c                set_pid
 .text.single_set_back
                0x000003fa       0x9c dgus.o
                0x000003fa                single_set_back
 .text.switch_all_sensor
                0x00000496       0x92 dgus.o
                0x00000496                switch_all_sensor
 .text.get_set_name
                0x00000528       0x42 dgus.o
                0x00000528                get_set_name
 .text.single_set
                0x0000056a       0xaa dgus.o
                0x0000056a                single_set
 .text.all_set  0x00000614       0xa6 dgus.o
                0x00000614                all_set
 .text.save_time_ctrl_data
                0x000006ba       0x60 dgus.o
                0x000006ba                save_time_ctrl_data
 .text.time_ctrl_test
                0x0000071a       0x74 dgus.o
                0x0000071a                time_ctrl_test
 .text.change_page
                0x0000078e       0x3a dgus.o
                0x0000078e                change_page
 .text.switch_language
                0x000007c8       0x24 dgus.o
                0x000007c8                switch_language
 .text.send_variables
                0x000007ec       0x3a dgus.o
                0x000007ec                send_variables
 .text.pid_set_ok
                0x00000826       0x84 dgus.o
                0x00000826                pid_set_ok
 .text.all_set_back
                0x000008aa       0xbc dgus.o
                0x000008aa                all_set_back
 .text.update_pid_page
                0x00000966       0xc2 dgus.o
                0x00000966                update_pid_page
 .text.update_time_ctrl_page
                0x00000a28       0xbc dgus.o
                0x00000a28                update_time_ctrl_page
 .text.start_time_ctrl
                0x00000ae4       0xde dgus.o
                0x00000ae4                start_time_ctrl
 .text.stop_time_ctrl
                0x00000bc2       0x72 dgus.o
                0x00000bc2                stop_time_ctrl
 .text.send_name
                0x00000c34       0x3e dgus.o
                0x00000c34                send_name
 .text.update_main_page
                0x00000c72      0x214 dgus.o
                0x00000c72                update_main_page
 .text.single_set_ok
                0x00000e86      0x102 dgus.o
                0x00000e86                single_set_ok
 .text.all_set_ok
                0x00000f88       0xaa dgus.o
                0x00000f88                all_set_ok
 .text.update_single_set_page
                0x00001032      0x14e dgus.o
                0x00001032                update_single_set_page
 .text.send_to_channel
                0x00001180       0x38 dgus.o
                0x00001180                send_to_channel
 .text.send_alarm_msg
                0x000011b8       0xa6 dgus.o
                0x000011b8                send_alarm_msg
 .text.read_setting_data
                0x0000125e      0x102 dgus.o
                0x0000125e                read_setting_data
 .text.read_setting_data_all
                0x00001360       0x62 dgus.o
                0x00001360                read_setting_data_all
 .text.get_setting_data
                0x000013c2      0x15a dgus.o
                0x000013c2                get_setting_data
 .text.send_request_all
                0x0000151c       0x38 dgus.o
                0x0000151c                send_request_all
 .text.get_data_all
                0x00001554       0xee dgus.o
                0x00001554                get_data_all
 .text.clear_alarm_msg
                0x00001642       0x76 dgus.o
                0x00001642                clear_alarm_msg
 .text.update_alarm_page
                0x000016b8       0x98 dgus.o
                0x000016b8                update_alarm_page
 .text.clear_curve_buff
                0x00001750       0x38 dgus.o
                0x00001750                clear_curve_buff
 .text.update_curve_page
                0x00001788      0x1d8 dgus.o
                0x00001788                update_curve_page
 .text.key_action
                0x00001960      0x210 dgus.o
                0x00001960                key_action
 .text.eeprom_write
                0x00001b70       0x1c eeprom.o
                0x00001b70                eeprom_write
 .text.gpio_init
                0x00001b8c       0x26 gpio.o
                0x00001b8c                gpio_init
 .text.system_init
                0x00001bb2       0x2e main.o
                0x00001bb2                system_init
 .text.main     0x00001be0       0xce main.o
                0x00001be0                main
 .text.__vector_16
                0x00001cae      0x1f0 timer.o
                0x00001cae                __vector_16
 .text.__vector_12
                0x00001e9e       0x14 timer.o
                0x00001e9e                __vector_12
 .text.__vector_10
                0x00001eb2       0xca timer.o
                0x00001eb2                __vector_10
 .text.__vector_26
                0x00001f7c       0xae timer.o
                0x00001f7c                __vector_26
 .text.timer0_init
                0x0000202a       0x1e timer.o
                0x0000202a                timer0_init
 .text.timer1_init
                0x00002048       0x22 timer.o
                0x00002048                timer1_init
 .text.timer2_init
                0x0000206a       0x24 timer.o
                0x0000206a                timer2_init
 .text.__vector_18
                0x0000208e       0x46 usart.o
                0x0000208e                __vector_18
 .text.__vector_30
                0x000020d4       0x48 usart.o
                0x000020d4                __vector_30
 .text.usart1_deal
                0x0000211c       0x50 usart.o
                0x0000211c                usart1_deal
 .text.usart0_send_char
                0x0000216c        0x8 usart.o
                0x0000216c                usart0_send_char
 .text.usart0_send_str
                0x00002174       0x32 usart.o
                0x00002174                usart0_send_str
 .text.usart1_send_char
                0x000021a6       0x10 usart.o
                0x000021a6                usart1_send_char
 .text.usart1_send_str
                0x000021b6       0x32 usart.o
                0x000021b6                usart1_send_str
 .text.usart2_send_char
                0x000021e8       0x1e usart.o
                0x000021e8                usart2_send_char
 .text.usart2_send_str
                0x00002206       0x3c usart.o
                0x00002206                usart2_send_str
 .text.crc_check
                0x00002242       0x4e usart.o
                0x00002242                crc_check
 .text.usart0_deal
                0x00002290      0x45a usart.o
                0x00002290                usart0_deal
 .text.usart0_init
                0x000026ea       0x1c usart.o
                0x000026ea                usart0_init
 .text.usart1_init
                0x00002706       0x1a usart.o
                0x00002706                usart1_init
 .text.usart2_init
                0x00002720       0x3e usart.o
                0x00002720                usart2_init
 .text.libgcc.div
                0x0000275e       0x28 d:/atmelstudio7/7.0/toolchain/avr8/avr8-gnu-toolchain/bin/../lib/gcc/avr/5.4.0/avr5\libgcc.a(_divmodhi4.o)
                0x0000275e                _div
                0x0000275e                __divmodhi4
 .text.libgcc.div
                0x00002786       0x44 d:/atmelstudio7/7.0/toolchain/avr8/avr8-gnu-toolchain/bin/../lib/gcc/avr/5.4.0/avr5\libgcc.a(_udivmodsi4.o)
                0x00002786                __udivmodsi4
 .text.libgcc   0x000027ca        0xc d:/atmelstudio7/7.0/toolchain/avr8/avr8-gnu-toolchain/bin/../lib/gcc/avr/5.4.0/avr5\libgcc.a(_tablejump2.o)
                0x000027ca                __tablejump2__
 .text.libgcc.mul
                0x000027d6       0x1e d:/atmelstudio7/7.0/toolchain/avr8/avr8-gnu-toolchain/bin/../lib/gcc/avr/5.4.0/avr5\libgcc.a(_umulhisi3.o)
                0x000027d6                __umulhisi3
 .text.libgcc.mul
                0x000027f4       0x16 d:/atmelstudio7/7.0/toolchain/avr8/avr8-gnu-toolchain/bin/../lib/gcc/avr/5.4.0/avr5\libgcc.a(_muluhisi3.o)
                0x000027f4                __muluhisi3
 .text.libgcc.div
                0x0000280a       0x28 d:/atmelstudio7/7.0/toolchain/avr8/avr8-gnu-toolchain/bin/../lib/gcc/avr/5.4.0/avr5\libgcc.a(_udivmodhi4.o)
                0x0000280a                __udivmodhi4
                0x00002832                . = ALIGN (0x2)
 *(.fini9)
 .fini9         0x00002832        0x0 d:/atmelstudio7/7.0/toolchain/avr8/avr8-gnu-toolchain/bin/../lib/gcc/avr/5.4.0/avr5\libgcc.a(_exit.o)
                0x00002832                _exit
                0x00002832                exit
 *(.fini9)
 *(.fini8)
 *(.fini8)
 *(.fini7)
 *(.fini7)
 *(.fini6)
 *(.fini6)
 *(.fini5)
 *(.fini5)
 *(.fini4)
 *(.fini4)
 *(.fini3)
 *(.fini3)
 *(.fini2)
 *(.fini2)
 *(.fini1)
 *(.fini1)
 *(.fini0)
 .fini0         0x00002832        0x4 d:/atmelstudio7/7.0/toolchain/avr8/avr8-gnu-toolchain/bin/../lib/gcc/avr/5.4.0/avr5\libgcc.a(_exit.o)
 *(.fini0)
                0x00002836                _etext = .

.data           0x00800100      0x10e load address 0x00002836
                0x00800100                PROVIDE (__data_start, .)
 *(.data)
 *(.data*)
 .data.alarm_msg
                0x00800100       0x40 dgus.o
                0x00800100                alarm_msg
 .data.module_num
                0x00800140        0x1 dgus.o
                0x00800140                module_num
 .data.all_temp
                0x00800141        0x2 dgus.o
                0x00800141                all_temp
 .data.preheat_time
                0x00800143        0x2 dgus.o
                0x00800143                preheat_time
 .data.d_value  0x00800145       0x18 dgus.o
                0x00800145                d_value
 .data.i_value  0x0080015d       0x18 dgus.o
                0x0080015d                i_value
 .data.p_value  0x00800175       0x18 dgus.o
                0x00800175                p_value
 .data.set_name
                0x0080018d       0x30 dgus.o
                0x0080018d                set_name
 .data.set_temp
                0x008001bd       0x18 dgus.o
                0x008001bd                set_temp
 .data.in_main_page
                0x008001d5        0x1 dgus.o
                0x008001d5                in_main_page
 .data.ctrl_command
                0x008001d6        0x1 timer.o
                0x008001d6                ctrl_command
 .data.d_value_buff
                0x008001d7        0x2 usart.o
                0x008001d7                d_value_buff
 .data.i_value_buff
                0x008001d9        0x2 usart.o
                0x008001d9                i_value_buff
 .data.p_value_buff
                0x008001db        0x2 usart.o
                0x008001db                p_value_buff
 .data.set_temp_buff
                0x008001dd       0x18 usart.o
                0x008001dd                set_temp_buff
 .data.preheat_time_buff
                0x008001f5        0x2 usart.o
                0x008001f5                preheat_time_buff
 .data.all_temp_buff
                0x008001f7        0x2 usart.o
                0x008001f7                all_temp_buff
 *(.gnu.linkonce.d*)
 *(.rodata)
 .rodata        0x008001f9       0x14 dgus.o
 *(.rodata*)
 *(.gnu.linkonce.r*)
                0x0080020e                . = ALIGN (0x2)
 *fill*         0x0080020d        0x1 
                0x0080020e                _edata = .
                0x0080020e                PROVIDE (__data_end, .)

.bss            0x0080020e      0x6c5
                0x0080020e                PROVIDE (__bss_start, .)
 *(.bss)
 *(.bss*)
 .bss.module_status
                0x0080020e        0x4 dgus.o
                0x0080020e                module_status
 .bss.temp_unit
                0x00800212        0x2 dgus.o
                0x00800212                temp_unit
 .bss.all_sensor_type
                0x00800214        0x2 dgus.o
                0x00800214                all_sensor_type
 .bss.follow_sta_buff
                0x00800216        0xc dgus.o
                0x00800216                follow_sta_buff
 .bss.follow_sta
                0x00800222        0xc dgus.o
                0x00800222                follow_sta
 .bss.set_name_buff
                0x0080022e        0x4 dgus.o
                0x0080022e                set_name_buff
 .bss.sensor_type
                0x00800232       0x18 dgus.o
                0x00800232                sensor_type
 .bss.switch_sensor
                0x0080024a       0x18 dgus.o
                0x0080024a                switch_sensor
 .bss.run_temp  0x00800262       0x18 dgus.o
                0x00800262                run_temp
 .bss.sensor_sta
                0x0080027a        0xc dgus.o
                0x0080027a                sensor_sta
 .bss.output_rate
                0x00800286        0xc dgus.o
                0x00800286                output_rate
 .bss.ctrl_board_sta
                0x00800292        0x4 dgus.o
                0x00800292                ctrl_board_sta
 .bss.curve_time_level
                0x00800296        0x1 dgus.o
                0x00800296                curve_time_level
 .bss.curve_page_num
                0x00800297        0x1 dgus.o
                0x00800297                curve_page_num
 .bss.set_pid_channel
                0x00800298        0x1 dgus.o
                0x00800298                set_pid_channel
 .bss.set_num   0x00800299        0x1 dgus.o
                0x00800299                set_num
 .bss.pre_system_sta
                0x0080029a        0x2 dgus.o
                0x0080029a                pre_system_sta
 .bss.pre_main_page
                0x0080029c        0x1 dgus.o
                0x0080029c                pre_main_page
 .bss.pre_language
                0x0080029d        0x1 dgus.o
                0x0080029d                pre_language
 .bss.update_run_temp_flag
                0x0080029e        0x1 dgus.o
                0x0080029e                update_run_temp_flag
 .bss.run_temp_page
                0x0080029f        0x1 dgus.o
                0x0080029f                run_temp_page
 .bss.pos.1816  0x008002a0        0x1 timer.o
 .bss.cnt.1815  0x008002a1        0x1 timer.o
 .bss.time_cnt.1808
                0x008002a2        0x1 timer.o
 .bss.usart0_cnt.1795
                0x008002a3        0x1 timer.o
 .bss.pre_usart0_rx_cnt.1796
                0x008002a4        0x1 timer.o
 .bss.usart1_cnt.1793
                0x008002a5        0x1 timer.o
 .bss.pre_usart1_rx_cnt.1794
                0x008002a6        0x1 timer.o
 .bss.update_run_temp_cnt.1797
                0x008002a7        0x2 timer.o
 .bss.init_complete
                0x008002a9        0x1 timer.o
                0x008002a9                init_complete
 .bss.usart1_tx_overtime_mask
                0x008002aa        0x1 timer.o
                0x008002aa                usart1_tx_overtime_mask
 .bss.usart1_tx_timecnt
                0x008002ab        0x1 timer.o
                0x008002ab                usart1_tx_timecnt
 .bss.read_setting_data_cnt
                0x008002ac        0x1 timer.o
                0x008002ac                read_setting_data_cnt
 .bss.read_setting_data_mask
                0x008002ad        0x1 timer.o
                0x008002ad                read_setting_data_mask
 .bss.timer2_ovf
                0x008002ae        0x1 timer.o
                0x008002ae                timer2_ovf
 .bss.sensor_type_buff
                0x008002af       0x18 usart.o
                0x008002af                sensor_type_buff
 .bss.switch_sensor_buff
                0x008002c7       0x18 usart.o
                0x008002c7                switch_sensor_buff
 .bss.temp_unit_buff
                0x008002df        0x2 usart.o
                0x008002df                temp_unit_buff
 .bss.all_sensor_type_buff
                0x008002e1        0x2 usart.o
                0x008002e1                all_sensor_type_buff
 .bss.usart2_buff
                0x008002e3        0x1 usart.o
                0x008002e3                usart2_buff
 .bss.usart2_tx_buff
                0x008002e4       0xc8 usart.o
                0x008002e4                usart2_tx_buff
 .bss.usart1_rx_cnt
                0x008003ac        0x1 usart.o
                0x008003ac                usart1_rx_cnt
 .bss.usart1_rx_lenth
                0x008003ad        0x1 usart.o
                0x008003ad                usart1_rx_lenth
 .bss.usart1_rx_end
                0x008003ae        0x1 usart.o
                0x008003ae                usart1_rx_end
 .bss.usart1_tx_buff
                0x008003af       0xc8 usart.o
                0x008003af                usart1_tx_buff
 .bss.usart1_rx_buff
                0x00800477       0xc8 usart.o
                0x00800477                usart1_rx_buff
 .bss.usart0_rx_cnt
                0x0080053f        0x1 usart.o
                0x0080053f                usart0_rx_cnt
 .bss.usart0_rx_lenth
                0x00800540        0x1 usart.o
                0x00800540                usart0_rx_lenth
 .bss.usart0_rx_end
                0x00800541        0x1 usart.o
                0x00800541                usart0_rx_end
 .bss.usart0_tx_buff
                0x00800542       0xc8 usart.o
                0x00800542                usart0_tx_buff
 .bss.usart0_rx_buff
                0x0080060a       0xc8 usart.o
                0x0080060a                usart0_rx_buff
 *(COMMON)
 COMMON         0x008006d2      0x100 dgus.o
                0x008006d2                time_ctrl_value
 COMMON         0x008007d2      0x101 usart.o
                0x008007d2                usart2_sta
                0x008007d3                time_ctrl_value_buff
                0x008008d3                PROVIDE (__bss_end, .)
                0x00002836                __data_load_start = LOADADDR (.data)
                0x00002944                __data_load_end = (__data_load_start + SIZEOF (.data))

.noinit         0x008008d3        0x0
                [!provide]                PROVIDE (__noinit_start, .)
 *(.noinit*)
                [!provide]                PROVIDE (__noinit_end, .)
                0x008008d3                _end = .
                [!provide]                PROVIDE (__heap_start, .)

.eeprom         0x00810000        0x0
 *(.eeprom*)
                0x00810000                __eeprom_end = .

.fuse
 *(.fuse)
 *(.lfuse)
 *(.hfuse)
 *(.efuse)

.lock
 *(.lock*)

.signature
 *(.signature*)

.user_signatures
 *(.user_signatures*)

.stab
 *(.stab)

.stabstr
 *(.stabstr)

.stab.excl
 *(.stab.excl)

.stab.exclstr
 *(.stab.exclstr)

.stab.index
 *(.stab.index)

.stab.indexstr
 *(.stab.indexstr)

.comment        0x00000000       0x30
 *(.comment)
 .comment       0x00000000       0x30 delay.o
                                 0x31 (size before relaxing)
 .comment       0x00000030       0x31 dgus.o
 .comment       0x00000030       0x31 eeprom.o
 .comment       0x00000030       0x31 gpio.o
 .comment       0x00000030       0x31 main.o
 .comment       0x00000030       0x31 timer.o
 .comment       0x00000030       0x31 usart.o

.note.gnu.avr.deviceinfo
                0x00000000       0x3c
 .note.gnu.avr.deviceinfo
                0x00000000       0x3c D:/AtmelStudio7/7.0/Packs/atmel/ATmega_DFP/1.2.150/gcc/dev/atmega64a/avr5/crtatmega64a.o

.note.gnu.build-id
 *(.note.gnu.build-id)

.debug
 *(.debug)

.line
 *(.line)

.debug_srcinfo
 *(.debug_srcinfo)

.debug_sfnames
 *(.debug_sfnames)

.debug_aranges  0x00000000      0x2b0
 *(.debug_aranges)
 .debug_aranges
                0x00000000       0x30 delay.o
 .debug_aranges
                0x00000030      0x130 dgus.o
 .debug_aranges
                0x00000160       0x30 eeprom.o
 .debug_aranges
                0x00000190       0x20 gpio.o
 .debug_aranges
                0x000001b0       0x28 main.o
 .debug_aranges
                0x000001d8       0x50 timer.o
 .debug_aranges
                0x00000228       0x88 usart.o

.debug_pubnames
 *(.debug_pubnames)

.debug_info     0x00000000     0x3669
 *(.debug_info .gnu.linkonce.wi.*)
 .debug_info    0x00000000      0x780 D:/AtmelStudio7/7.0/Packs/atmel/ATmega_DFP/1.2.150/gcc/dev/atmega64a/avr5/crtatmega64a.o
 .debug_info    0x00000780      0x112 delay.o
 .debug_info    0x00000892     0x18af dgus.o
 .debug_info    0x00002141      0x6ce eeprom.o
 .debug_info    0x0000280f       0x82 gpio.o
 .debug_info    0x00002891      0x35c main.o
 .debug_info    0x00002bed      0x3c6 timer.o
 .debug_info    0x00002fb3      0x6b6 usart.o

.debug_abbrev   0x00000000      0xe8a
 *(.debug_abbrev)
 .debug_abbrev  0x00000000      0x718 D:/AtmelStudio7/7.0/Packs/atmel/ATmega_DFP/1.2.150/gcc/dev/atmega64a/avr5/crtatmega64a.o
 .debug_abbrev  0x00000718       0xac delay.o
 .debug_abbrev  0x000007c4      0x1c0 dgus.o
 .debug_abbrev  0x00000984      0x10f eeprom.o
 .debug_abbrev  0x00000a93       0x4f gpio.o
 .debug_abbrev  0x00000ae2       0xe5 main.o
 .debug_abbrev  0x00000bc7      0x127 timer.o
 .debug_abbrev  0x00000cee      0x19c usart.o

.debug_line     0x00000000     0x22c4
 *(.debug_line .debug_line.* .debug_line_end)
 .debug_line    0x00000000      0x169 D:/AtmelStudio7/7.0/Packs/atmel/ATmega_DFP/1.2.150/gcc/dev/atmega64a/avr5/crtatmega64a.o
 .debug_line    0x00000169       0xf6 delay.o
 .debug_line    0x0000025f     0x11eb dgus.o
 .debug_line    0x0000144a      0x2d2 eeprom.o
 .debug_line    0x0000171c       0xf3 gpio.o
 .debug_line    0x0000180f      0x193 main.o
 .debug_line    0x000019a2      0x2fc timer.o
 .debug_line    0x00001c9e      0x626 usart.o

.debug_frame    0x00000000      0x8b0
 *(.debug_frame)
 .debug_frame   0x00000000       0x6c delay.o
 .debug_frame   0x0000006c      0x474 dgus.o
 .debug_frame   0x000004e0       0xa4 eeprom.o
 .debug_frame   0x00000584       0x24 gpio.o
 .debug_frame   0x000005a8       0x34 main.o
 .debug_frame   0x000005dc      0x158 timer.o
 .debug_frame   0x00000734      0x17c usart.o

.debug_str      0x00000000      0xbf0
 *(.debug_str)
 .debug_str     0x00000000      0x27e D:/AtmelStudio7/7.0/Packs/atmel/ATmega_DFP/1.2.150/gcc/dev/atmega64a/avr5/crtatmega64a.o
 .debug_str     0x0000027e      0x184 delay.o
                                0x1be (size before relaxing)
 .debug_str     0x00000402      0x5af dgus.o
                                0x7c6 (size before relaxing)
 .debug_str     0x000009b1       0x2b eeprom.o
                                0x2c8 (size before relaxing)
 .debug_str     0x000009dc       0x16 gpio.o
                                0x190 (size before relaxing)
 .debug_str     0x000009f2       0x8d main.o
                                0x31b (size before relaxing)
 .debug_str     0x00000a7f       0xde timer.o
                                0x3d3 (size before relaxing)
 .debug_str     0x00000b5d       0x93 usart.o
                                0x490 (size before relaxing)

.debug_loc      0x00000000     0x278a
 *(.debug_loc)
 .debug_loc     0x00000000      0x173 delay.o
 .debug_loc     0x00000173     0x1acc dgus.o
 .debug_loc     0x00001c3f      0x1ca eeprom.o
 .debug_loc     0x00001e09       0x1f main.o
 .debug_loc     0x00001e28      0x2d5 timer.o
 .debug_loc     0x000020fd      0x68d usart.o

.debug_macinfo
 *(.debug_macinfo)

.debug_weaknames
 *(.debug_weaknames)

.debug_funcnames
 *(.debug_funcnames)

.debug_typenames
 *(.debug_typenames)

.debug_varnames
 *(.debug_varnames)

.debug_pubtypes
 *(.debug_pubtypes)

.debug_ranges   0x00000000      0x240
 *(.debug_ranges)
 .debug_ranges  0x00000000       0x20 delay.o
 .debug_ranges  0x00000020      0x120 dgus.o
 .debug_ranges  0x00000140       0x20 eeprom.o
 .debug_ranges  0x00000160       0x10 gpio.o
 .debug_ranges  0x00000170       0x18 main.o
 .debug_ranges  0x00000188       0x40 timer.o
 .debug_ranges  0x000001c8       0x78 usart.o

.debug_macro
 *(.debug_macro)
OUTPUT(TempCtrlCoreBoardV1R0.elf elf32-avr)
LOAD linker stubs
