Archive member included to satisfy reference by file (symbol)

c:/program files (x86)/atmel/studio/7.0/toolchain/avr8/avr8-gnu-toolchain/bin/../lib/gcc/avr/5.4.0/avr5\libgcc.a(_divmodhi4.o)
                              dgus.o (__divmodhi4)
c:/program files (x86)/atmel/studio/7.0/toolchain/avr8/avr8-gnu-toolchain/bin/../lib/gcc/avr/5.4.0/avr5\libgcc.a(_udivmodsi4.o)
                              twi.o (__udivmodsi4)
c:/program files (x86)/atmel/studio/7.0/toolchain/avr8/avr8-gnu-toolchain/bin/../lib/gcc/avr/5.4.0/avr5\libgcc.a(_exit.o)
                              C:/Program Files (x86)/Atmel/Studio/7.0/Packs/atmel/ATmega_DFP/1.2.209/gcc/dev/atmega64a/avr5/crtatmega64a.o (exit)
c:/program files (x86)/atmel/studio/7.0/toolchain/avr8/avr8-gnu-toolchain/bin/../lib/gcc/avr/5.4.0/avr5\libgcc.a(_tablejump2.o)
                              dgus.o (__tablejump2__)
c:/program files (x86)/atmel/studio/7.0/toolchain/avr8/avr8-gnu-toolchain/bin/../lib/gcc/avr/5.4.0/avr5\libgcc.a(_copy_data.o)
                              dgus.o (__do_copy_data)
c:/program files (x86)/atmel/studio/7.0/toolchain/avr8/avr8-gnu-toolchain/bin/../lib/gcc/avr/5.4.0/avr5\libgcc.a(_clear_bss.o)
                              dgus.o (__do_clear_bss)
c:/program files (x86)/atmel/studio/7.0/toolchain/avr8/avr8-gnu-toolchain/bin/../lib/gcc/avr/5.4.0/avr5\libgcc.a(_umulhisi3.o)
                              dgus.o (__umulhisi3)
c:/program files (x86)/atmel/studio/7.0/toolchain/avr8/avr8-gnu-toolchain/bin/../lib/gcc/avr/5.4.0/avr5\libgcc.a(_muluhisi3.o)
                              delay.o (__muluhisi3)
c:/program files (x86)/atmel/studio/7.0/toolchain/avr8/avr8-gnu-toolchain/bin/../lib/gcc/avr/5.4.0/avr5\libgcc.a(_udivmodhi4.o)
                              c:/program files (x86)/atmel/studio/7.0/toolchain/avr8/avr8-gnu-toolchain/bin/../lib/gcc/avr/5.4.0/avr5\libgcc.a(_divmodhi4.o) (__udivmodhi4)
C:/Program Files (x86)/Atmel/Studio/7.0/Packs/atmel/ATmega_DFP/1.2.209/gcc/dev/atmega64a/avr5\libatmega64a.a(eerd_byte.o)
                              eeprom.o (eeprom_read_byte)
C:/Program Files (x86)/Atmel/Studio/7.0/Packs/atmel/ATmega_DFP/1.2.209/gcc/dev/atmega64a/avr5\libatmega64a.a(eerd_word.o)
                              eeprom.o (eeprom_read_word)
C:/Program Files (x86)/Atmel/Studio/7.0/Packs/atmel/ATmega_DFP/1.2.209/gcc/dev/atmega64a/avr5\libatmega64a.a(eewr_byte.o)
                              dgus.o (eeprom_write_byte)
C:/Program Files (x86)/Atmel/Studio/7.0/Packs/atmel/ATmega_DFP/1.2.209/gcc/dev/atmega64a/avr5\libatmega64a.a(eewr_word.o)
                              dgus.o (eeprom_write_word)
C:/Program Files (x86)/Atmel/Studio/7.0/Packs/atmel/ATmega_DFP/1.2.209/gcc/dev/atmega64a/avr5\libatmega64a.a(eerd_block.o)
                              C:/Program Files (x86)/Atmel/Studio/7.0/Packs/atmel/ATmega_DFP/1.2.209/gcc/dev/atmega64a/avr5\libatmega64a.a(eerd_word.o) (eeprom_read_blraw)

Allocating common symbols
Common symbol       size              file

time_ctrl_value     0x100             dgus.o
set_temp_buff       0x30              usart.o
d_value             0x30              dgus.o
p_value             0x30              dgus.o
i_value             0x30              dgus.o
global              0x1               timer.o
usart2_sta          0x1               usart.o
alarm_history       0x8c              dgus.o
set_name            0x60              dgus.o
template            0x135             dgus.o
time_ctrl_value_buff
                    0x100             usart.o
set_temp            0x30              dgus.o

Discarded input sections

 .data          0x00000000        0x0 C:/Program Files (x86)/Atmel/Studio/7.0/Packs/atmel/ATmega_DFP/1.2.209/gcc/dev/atmega64a/avr5/crtatmega64a.o
 .bss           0x00000000        0x0 C:/Program Files (x86)/Atmel/Studio/7.0/Packs/atmel/ATmega_DFP/1.2.209/gcc/dev/atmega64a/avr5/crtatmega64a.o
 .text          0x00000000        0x0 at24c128c.o
 .data          0x00000000        0x0 at24c128c.o
 .bss           0x00000000        0x0 at24c128c.o
 .text.at24c128c_write_byte
                0x00000000       0xdc at24c128c.o
 .text.at24c128c_read_byte
                0x00000000      0x114 at24c128c.o
 .debug_info    0x00000000      0x145 at24c128c.o
 .debug_abbrev  0x00000000       0x9c at24c128c.o
 .debug_loc     0x00000000       0x90 at24c128c.o
 .debug_aranges
                0x00000000       0x28 at24c128c.o
 .debug_ranges  0x00000000       0x18 at24c128c.o
 .debug_line    0x00000000      0x249 at24c128c.o
 .debug_str     0x00000000      0x1e1 at24c128c.o
 .comment       0x00000000       0x31 at24c128c.o
 .debug_frame   0x00000000       0x54 at24c128c.o
 .text          0x00000000        0x0 delay.o
 .data          0x00000000        0x0 delay.o
 .bss           0x00000000        0x0 delay.o
 .text._delay_us
                0x00000000       0x50 delay.o
 .text          0x00000000        0x0 dgus.o
 .data          0x00000000        0x0 dgus.o
 .bss           0x00000000        0x0 dgus.o
 .text.read_template_from_eeprom
                0x00000000       0x16 dgus.o
 .text.read_template_sta_from_eeprom
                0x00000000       0x16 dgus.o
 .text          0x00000000        0x0 eeprom.o
 .data          0x00000000        0x0 eeprom.o
 .bss           0x00000000        0x0 eeprom.o
 .text          0x00000000        0x0 gpio.o
 .data          0x00000000        0x0 gpio.o
 .bss           0x00000000        0x0 gpio.o
 .text          0x00000000        0x0 main.o
 .data          0x00000000        0x0 main.o
 .bss           0x00000000        0x0 main.o
 .data.test1    0x00000000        0xa main.o
 .bss.test2     0x00000000        0xa main.o
 .text          0x00000000        0x0 timer.o
 .data          0x00000000        0x0 timer.o
 .bss           0x00000000        0x0 timer.o
 COMMON         0x00000000        0x1 timer.o
 .text          0x00000000        0x0 twi.o
 .data          0x00000000        0x0 twi.o
 .bss           0x00000000        0x0 twi.o
 .text.twi_start
                0x00000000       0x6a twi.o
 .text.twi_stop
                0x00000000       0x1a twi.o
 .text.twi_adrsing
                0x00000000       0x94 twi.o
 .text.twi_write_byte
                0x00000000       0x64 twi.o
 .text.twi_read_byte
                0x00000000       0xbe twi.o
 .text          0x00000000        0x0 usart.o
 .data          0x00000000        0x0 usart.o
 .bss           0x00000000        0x0 usart.o
 .text          0x00000000        0x0 c:/program files (x86)/atmel/studio/7.0/toolchain/avr8/avr8-gnu-toolchain/bin/../lib/gcc/avr/5.4.0/avr5\libgcc.a(_divmodhi4.o)
 .data          0x00000000        0x0 c:/program files (x86)/atmel/studio/7.0/toolchain/avr8/avr8-gnu-toolchain/bin/../lib/gcc/avr/5.4.0/avr5\libgcc.a(_divmodhi4.o)
 .bss           0x00000000        0x0 c:/program files (x86)/atmel/studio/7.0/toolchain/avr8/avr8-gnu-toolchain/bin/../lib/gcc/avr/5.4.0/avr5\libgcc.a(_divmodhi4.o)
 .text.libgcc.mul
                0x00000000        0x0 c:/program files (x86)/atmel/studio/7.0/toolchain/avr8/avr8-gnu-toolchain/bin/../lib/gcc/avr/5.4.0/avr5\libgcc.a(_divmodhi4.o)
 .text.libgcc   0x00000000        0x0 c:/program files (x86)/atmel/studio/7.0/toolchain/avr8/avr8-gnu-toolchain/bin/../lib/gcc/avr/5.4.0/avr5\libgcc.a(_divmodhi4.o)
 .text.libgcc.prologue
                0x00000000        0x0 c:/program files (x86)/atmel/studio/7.0/toolchain/avr8/avr8-gnu-toolchain/bin/../lib/gcc/avr/5.4.0/avr5\libgcc.a(_divmodhi4.o)
 .text.libgcc.builtins
                0x00000000        0x0 c:/program files (x86)/atmel/studio/7.0/toolchain/avr8/avr8-gnu-toolchain/bin/../lib/gcc/avr/5.4.0/avr5\libgcc.a(_divmodhi4.o)
 .text.libgcc.fmul
                0x00000000        0x0 c:/program files (x86)/atmel/studio/7.0/toolchain/avr8/avr8-gnu-toolchain/bin/../lib/gcc/avr/5.4.0/avr5\libgcc.a(_divmodhi4.o)
 .text.libgcc.fixed
                0x00000000        0x0 c:/program files (x86)/atmel/studio/7.0/toolchain/avr8/avr8-gnu-toolchain/bin/../lib/gcc/avr/5.4.0/avr5\libgcc.a(_divmodhi4.o)
 .text          0x00000000        0x0 c:/program files (x86)/atmel/studio/7.0/toolchain/avr8/avr8-gnu-toolchain/bin/../lib/gcc/avr/5.4.0/avr5\libgcc.a(_udivmodsi4.o)
 .data          0x00000000        0x0 c:/program files (x86)/atmel/studio/7.0/toolchain/avr8/avr8-gnu-toolchain/bin/../lib/gcc/avr/5.4.0/avr5\libgcc.a(_udivmodsi4.o)
 .bss           0x00000000        0x0 c:/program files (x86)/atmel/studio/7.0/toolchain/avr8/avr8-gnu-toolchain/bin/../lib/gcc/avr/5.4.0/avr5\libgcc.a(_udivmodsi4.o)
 .text.libgcc.mul
                0x00000000        0x0 c:/program files (x86)/atmel/studio/7.0/toolchain/avr8/avr8-gnu-toolchain/bin/../lib/gcc/avr/5.4.0/avr5\libgcc.a(_udivmodsi4.o)
 .text.libgcc   0x00000000        0x0 c:/program files (x86)/atmel/studio/7.0/toolchain/avr8/avr8-gnu-toolchain/bin/../lib/gcc/avr/5.4.0/avr5\libgcc.a(_udivmodsi4.o)
 .text.libgcc.prologue
                0x00000000        0x0 c:/program files (x86)/atmel/studio/7.0/toolchain/avr8/avr8-gnu-toolchain/bin/../lib/gcc/avr/5.4.0/avr5\libgcc.a(_udivmodsi4.o)
 .text.libgcc.builtins
                0x00000000        0x0 c:/program files (x86)/atmel/studio/7.0/toolchain/avr8/avr8-gnu-toolchain/bin/../lib/gcc/avr/5.4.0/avr5\libgcc.a(_udivmodsi4.o)
 .text.libgcc.fmul
                0x00000000        0x0 c:/program files (x86)/atmel/studio/7.0/toolchain/avr8/avr8-gnu-toolchain/bin/../lib/gcc/avr/5.4.0/avr5\libgcc.a(_udivmodsi4.o)
 .text.libgcc.fixed
                0x00000000        0x0 c:/program files (x86)/atmel/studio/7.0/toolchain/avr8/avr8-gnu-toolchain/bin/../lib/gcc/avr/5.4.0/avr5\libgcc.a(_udivmodsi4.o)
 .text          0x00000000        0x0 c:/program files (x86)/atmel/studio/7.0/toolchain/avr8/avr8-gnu-toolchain/bin/../lib/gcc/avr/5.4.0/avr5\libgcc.a(_exit.o)
 .data          0x00000000        0x0 c:/program files (x86)/atmel/studio/7.0/toolchain/avr8/avr8-gnu-toolchain/bin/../lib/gcc/avr/5.4.0/avr5\libgcc.a(_exit.o)
 .bss           0x00000000        0x0 c:/program files (x86)/atmel/studio/7.0/toolchain/avr8/avr8-gnu-toolchain/bin/../lib/gcc/avr/5.4.0/avr5\libgcc.a(_exit.o)
 .text.libgcc.mul
                0x00000000        0x0 c:/program files (x86)/atmel/studio/7.0/toolchain/avr8/avr8-gnu-toolchain/bin/../lib/gcc/avr/5.4.0/avr5\libgcc.a(_exit.o)
 .text.libgcc.div
                0x00000000        0x0 c:/program files (x86)/atmel/studio/7.0/toolchain/avr8/avr8-gnu-toolchain/bin/../lib/gcc/avr/5.4.0/avr5\libgcc.a(_exit.o)
 .text.libgcc   0x00000000        0x0 c:/program files (x86)/atmel/studio/7.0/toolchain/avr8/avr8-gnu-toolchain/bin/../lib/gcc/avr/5.4.0/avr5\libgcc.a(_exit.o)
 .text.libgcc.prologue
                0x00000000        0x0 c:/program files (x86)/atmel/studio/7.0/toolchain/avr8/avr8-gnu-toolchain/bin/../lib/gcc/avr/5.4.0/avr5\libgcc.a(_exit.o)
 .text.libgcc.builtins
                0x00000000        0x0 c:/program files (x86)/atmel/studio/7.0/toolchain/avr8/avr8-gnu-toolchain/bin/../lib/gcc/avr/5.4.0/avr5\libgcc.a(_exit.o)
 .text.libgcc.fmul
                0x00000000        0x0 c:/program files (x86)/atmel/studio/7.0/toolchain/avr8/avr8-gnu-toolchain/bin/../lib/gcc/avr/5.4.0/avr5\libgcc.a(_exit.o)
 .text.libgcc.fixed
                0x00000000        0x0 c:/program files (x86)/atmel/studio/7.0/toolchain/avr8/avr8-gnu-toolchain/bin/../lib/gcc/avr/5.4.0/avr5\libgcc.a(_exit.o)
 .text          0x00000000        0x0 c:/program files (x86)/atmel/studio/7.0/toolchain/avr8/avr8-gnu-toolchain/bin/../lib/gcc/avr/5.4.0/avr5\libgcc.a(_tablejump2.o)
 .data          0x00000000        0x0 c:/program files (x86)/atmel/studio/7.0/toolchain/avr8/avr8-gnu-toolchain/bin/../lib/gcc/avr/5.4.0/avr5\libgcc.a(_tablejump2.o)
 .bss           0x00000000        0x0 c:/program files (x86)/atmel/studio/7.0/toolchain/avr8/avr8-gnu-toolchain/bin/../lib/gcc/avr/5.4.0/avr5\libgcc.a(_tablejump2.o)
 .text.libgcc.mul
                0x00000000        0x0 c:/program files (x86)/atmel/studio/7.0/toolchain/avr8/avr8-gnu-toolchain/bin/../lib/gcc/avr/5.4.0/avr5\libgcc.a(_tablejump2.o)
 .text.libgcc.div
                0x00000000        0x0 c:/program files (x86)/atmel/studio/7.0/toolchain/avr8/avr8-gnu-toolchain/bin/../lib/gcc/avr/5.4.0/avr5\libgcc.a(_tablejump2.o)
 .text.libgcc.prologue
                0x00000000        0x0 c:/program files (x86)/atmel/studio/7.0/toolchain/avr8/avr8-gnu-toolchain/bin/../lib/gcc/avr/5.4.0/avr5\libgcc.a(_tablejump2.o)
 .text.libgcc.builtins
                0x00000000        0x0 c:/program files (x86)/atmel/studio/7.0/toolchain/avr8/avr8-gnu-toolchain/bin/../lib/gcc/avr/5.4.0/avr5\libgcc.a(_tablejump2.o)
 .text.libgcc.fmul
                0x00000000        0x0 c:/program files (x86)/atmel/studio/7.0/toolchain/avr8/avr8-gnu-toolchain/bin/../lib/gcc/avr/5.4.0/avr5\libgcc.a(_tablejump2.o)
 .text.libgcc.fixed
                0x00000000        0x0 c:/program files (x86)/atmel/studio/7.0/toolchain/avr8/avr8-gnu-toolchain/bin/../lib/gcc/avr/5.4.0/avr5\libgcc.a(_tablejump2.o)
 .text          0x00000000        0x0 c:/program files (x86)/atmel/studio/7.0/toolchain/avr8/avr8-gnu-toolchain/bin/../lib/gcc/avr/5.4.0/avr5\libgcc.a(_copy_data.o)
 .data          0x00000000        0x0 c:/program files (x86)/atmel/studio/7.0/toolchain/avr8/avr8-gnu-toolchain/bin/../lib/gcc/avr/5.4.0/avr5\libgcc.a(_copy_data.o)
 .bss           0x00000000        0x0 c:/program files (x86)/atmel/studio/7.0/toolchain/avr8/avr8-gnu-toolchain/bin/../lib/gcc/avr/5.4.0/avr5\libgcc.a(_copy_data.o)
 .text.libgcc.mul
                0x00000000        0x0 c:/program files (x86)/atmel/studio/7.0/toolchain/avr8/avr8-gnu-toolchain/bin/../lib/gcc/avr/5.4.0/avr5\libgcc.a(_copy_data.o)
 .text.libgcc.div
                0x00000000        0x0 c:/program files (x86)/atmel/studio/7.0/toolchain/avr8/avr8-gnu-toolchain/bin/../lib/gcc/avr/5.4.0/avr5\libgcc.a(_copy_data.o)
 .text.libgcc   0x00000000        0x0 c:/program files (x86)/atmel/studio/7.0/toolchain/avr8/avr8-gnu-toolchain/bin/../lib/gcc/avr/5.4.0/avr5\libgcc.a(_copy_data.o)
 .text.libgcc.prologue
                0x00000000        0x0 c:/program files (x86)/atmel/studio/7.0/toolchain/avr8/avr8-gnu-toolchain/bin/../lib/gcc/avr/5.4.0/avr5\libgcc.a(_copy_data.o)
 .text.libgcc.builtins
                0x00000000        0x0 c:/program files (x86)/atmel/studio/7.0/toolchain/avr8/avr8-gnu-toolchain/bin/../lib/gcc/avr/5.4.0/avr5\libgcc.a(_copy_data.o)
 .text.libgcc.fmul
                0x00000000        0x0 c:/program files (x86)/atmel/studio/7.0/toolchain/avr8/avr8-gnu-toolchain/bin/../lib/gcc/avr/5.4.0/avr5\libgcc.a(_copy_data.o)
 .text.libgcc.fixed
                0x00000000        0x0 c:/program files (x86)/atmel/studio/7.0/toolchain/avr8/avr8-gnu-toolchain/bin/../lib/gcc/avr/5.4.0/avr5\libgcc.a(_copy_data.o)
 .text          0x00000000        0x0 c:/program files (x86)/atmel/studio/7.0/toolchain/avr8/avr8-gnu-toolchain/bin/../lib/gcc/avr/5.4.0/avr5\libgcc.a(_clear_bss.o)
 .data          0x00000000        0x0 c:/program files (x86)/atmel/studio/7.0/toolchain/avr8/avr8-gnu-toolchain/bin/../lib/gcc/avr/5.4.0/avr5\libgcc.a(_clear_bss.o)
 .bss           0x00000000        0x0 c:/program files (x86)/atmel/studio/7.0/toolchain/avr8/avr8-gnu-toolchain/bin/../lib/gcc/avr/5.4.0/avr5\libgcc.a(_clear_bss.o)
 .text.libgcc.mul
                0x00000000        0x0 c:/program files (x86)/atmel/studio/7.0/toolchain/avr8/avr8-gnu-toolchain/bin/../lib/gcc/avr/5.4.0/avr5\libgcc.a(_clear_bss.o)
 .text.libgcc.div
                0x00000000        0x0 c:/program files (x86)/atmel/studio/7.0/toolchain/avr8/avr8-gnu-toolchain/bin/../lib/gcc/avr/5.4.0/avr5\libgcc.a(_clear_bss.o)
 .text.libgcc   0x00000000        0x0 c:/program files (x86)/atmel/studio/7.0/toolchain/avr8/avr8-gnu-toolchain/bin/../lib/gcc/avr/5.4.0/avr5\libgcc.a(_clear_bss.o)
 .text.libgcc.prologue
                0x00000000        0x0 c:/program files (x86)/atmel/studio/7.0/toolchain/avr8/avr8-gnu-toolchain/bin/../lib/gcc/avr/5.4.0/avr5\libgcc.a(_clear_bss.o)
 .text.libgcc.builtins
                0x00000000        0x0 c:/program files (x86)/atmel/studio/7.0/toolchain/avr8/avr8-gnu-toolchain/bin/../lib/gcc/avr/5.4.0/avr5\libgcc.a(_clear_bss.o)
 .text.libgcc.fmul
                0x00000000        0x0 c:/program files (x86)/atmel/studio/7.0/toolchain/avr8/avr8-gnu-toolchain/bin/../lib/gcc/avr/5.4.0/avr5\libgcc.a(_clear_bss.o)
 .text.libgcc.fixed
                0x00000000        0x0 c:/program files (x86)/atmel/studio/7.0/toolchain/avr8/avr8-gnu-toolchain/bin/../lib/gcc/avr/5.4.0/avr5\libgcc.a(_clear_bss.o)
 .text          0x00000000        0x0 c:/program files (x86)/atmel/studio/7.0/toolchain/avr8/avr8-gnu-toolchain/bin/../lib/gcc/avr/5.4.0/avr5\libgcc.a(_umulhisi3.o)
 .data          0x00000000        0x0 c:/program files (x86)/atmel/studio/7.0/toolchain/avr8/avr8-gnu-toolchain/bin/../lib/gcc/avr/5.4.0/avr5\libgcc.a(_umulhisi3.o)
 .bss           0x00000000        0x0 c:/program files (x86)/atmel/studio/7.0/toolchain/avr8/avr8-gnu-toolchain/bin/../lib/gcc/avr/5.4.0/avr5\libgcc.a(_umulhisi3.o)
 .text.libgcc.div
                0x00000000        0x0 c:/program files (x86)/atmel/studio/7.0/toolchain/avr8/avr8-gnu-toolchain/bin/../lib/gcc/avr/5.4.0/avr5\libgcc.a(_umulhisi3.o)
 .text.libgcc   0x00000000        0x0 c:/program files (x86)/atmel/studio/7.0/toolchain/avr8/avr8-gnu-toolchain/bin/../lib/gcc/avr/5.4.0/avr5\libgcc.a(_umulhisi3.o)
 .text.libgcc.prologue
                0x00000000        0x0 c:/program files (x86)/atmel/studio/7.0/toolchain/avr8/avr8-gnu-toolchain/bin/../lib/gcc/avr/5.4.0/avr5\libgcc.a(_umulhisi3.o)
 .text.libgcc.builtins
                0x00000000        0x0 c:/program files (x86)/atmel/studio/7.0/toolchain/avr8/avr8-gnu-toolchain/bin/../lib/gcc/avr/5.4.0/avr5\libgcc.a(_umulhisi3.o)
 .text.libgcc.fmul
                0x00000000        0x0 c:/program files (x86)/atmel/studio/7.0/toolchain/avr8/avr8-gnu-toolchain/bin/../lib/gcc/avr/5.4.0/avr5\libgcc.a(_umulhisi3.o)
 .text.libgcc.fixed
                0x00000000        0x0 c:/program files (x86)/atmel/studio/7.0/toolchain/avr8/avr8-gnu-toolchain/bin/../lib/gcc/avr/5.4.0/avr5\libgcc.a(_umulhisi3.o)
 .text          0x00000000        0x0 c:/program files (x86)/atmel/studio/7.0/toolchain/avr8/avr8-gnu-toolchain/bin/../lib/gcc/avr/5.4.0/avr5\libgcc.a(_muluhisi3.o)
 .data          0x00000000        0x0 c:/program files (x86)/atmel/studio/7.0/toolchain/avr8/avr8-gnu-toolchain/bin/../lib/gcc/avr/5.4.0/avr5\libgcc.a(_muluhisi3.o)
 .bss           0x00000000        0x0 c:/program files (x86)/atmel/studio/7.0/toolchain/avr8/avr8-gnu-toolchain/bin/../lib/gcc/avr/5.4.0/avr5\libgcc.a(_muluhisi3.o)
 .text.libgcc.div
                0x00000000        0x0 c:/program files (x86)/atmel/studio/7.0/toolchain/avr8/avr8-gnu-toolchain/bin/../lib/gcc/avr/5.4.0/avr5\libgcc.a(_muluhisi3.o)
 .text.libgcc   0x00000000        0x0 c:/program files (x86)/atmel/studio/7.0/toolchain/avr8/avr8-gnu-toolchain/bin/../lib/gcc/avr/5.4.0/avr5\libgcc.a(_muluhisi3.o)
 .text.libgcc.prologue
                0x00000000        0x0 c:/program files (x86)/atmel/studio/7.0/toolchain/avr8/avr8-gnu-toolchain/bin/../lib/gcc/avr/5.4.0/avr5\libgcc.a(_muluhisi3.o)
 .text.libgcc.builtins
                0x00000000        0x0 c:/program files (x86)/atmel/studio/7.0/toolchain/avr8/avr8-gnu-toolchain/bin/../lib/gcc/avr/5.4.0/avr5\libgcc.a(_muluhisi3.o)
 .text.libgcc.fmul
                0x00000000        0x0 c:/program files (x86)/atmel/studio/7.0/toolchain/avr8/avr8-gnu-toolchain/bin/../lib/gcc/avr/5.4.0/avr5\libgcc.a(_muluhisi3.o)
 .text.libgcc.fixed
                0x00000000        0x0 c:/program files (x86)/atmel/studio/7.0/toolchain/avr8/avr8-gnu-toolchain/bin/../lib/gcc/avr/5.4.0/avr5\libgcc.a(_muluhisi3.o)
 .text          0x00000000        0x0 c:/program files (x86)/atmel/studio/7.0/toolchain/avr8/avr8-gnu-toolchain/bin/../lib/gcc/avr/5.4.0/avr5\libgcc.a(_udivmodhi4.o)
 .data          0x00000000        0x0 c:/program files (x86)/atmel/studio/7.0/toolchain/avr8/avr8-gnu-toolchain/bin/../lib/gcc/avr/5.4.0/avr5\libgcc.a(_udivmodhi4.o)
 .bss           0x00000000        0x0 c:/program files (x86)/atmel/studio/7.0/toolchain/avr8/avr8-gnu-toolchain/bin/../lib/gcc/avr/5.4.0/avr5\libgcc.a(_udivmodhi4.o)
 .text.libgcc.mul
                0x00000000        0x0 c:/program files (x86)/atmel/studio/7.0/toolchain/avr8/avr8-gnu-toolchain/bin/../lib/gcc/avr/5.4.0/avr5\libgcc.a(_udivmodhi4.o)
 .text.libgcc   0x00000000        0x0 c:/program files (x86)/atmel/studio/7.0/toolchain/avr8/avr8-gnu-toolchain/bin/../lib/gcc/avr/5.4.0/avr5\libgcc.a(_udivmodhi4.o)
 .text.libgcc.prologue
                0x00000000        0x0 c:/program files (x86)/atmel/studio/7.0/toolchain/avr8/avr8-gnu-toolchain/bin/../lib/gcc/avr/5.4.0/avr5\libgcc.a(_udivmodhi4.o)
 .text.libgcc.builtins
                0x00000000        0x0 c:/program files (x86)/atmel/studio/7.0/toolchain/avr8/avr8-gnu-toolchain/bin/../lib/gcc/avr/5.4.0/avr5\libgcc.a(_udivmodhi4.o)
 .text.libgcc.fmul
                0x00000000        0x0 c:/program files (x86)/atmel/studio/7.0/toolchain/avr8/avr8-gnu-toolchain/bin/../lib/gcc/avr/5.4.0/avr5\libgcc.a(_udivmodhi4.o)
 .text.libgcc.fixed
                0x00000000        0x0 c:/program files (x86)/atmel/studio/7.0/toolchain/avr8/avr8-gnu-toolchain/bin/../lib/gcc/avr/5.4.0/avr5\libgcc.a(_udivmodhi4.o)
 .text          0x00000000        0x0 C:/Program Files (x86)/Atmel/Studio/7.0/Packs/atmel/ATmega_DFP/1.2.209/gcc/dev/atmega64a/avr5\libatmega64a.a(eerd_byte.o)
 .data          0x00000000        0x0 C:/Program Files (x86)/Atmel/Studio/7.0/Packs/atmel/ATmega_DFP/1.2.209/gcc/dev/atmega64a/avr5\libatmega64a.a(eerd_byte.o)
 .bss           0x00000000        0x0 C:/Program Files (x86)/Atmel/Studio/7.0/Packs/atmel/ATmega_DFP/1.2.209/gcc/dev/atmega64a/avr5\libatmega64a.a(eerd_byte.o)
 .text          0x00000000        0x0 C:/Program Files (x86)/Atmel/Studio/7.0/Packs/atmel/ATmega_DFP/1.2.209/gcc/dev/atmega64a/avr5\libatmega64a.a(eerd_word.o)
 .data          0x00000000        0x0 C:/Program Files (x86)/Atmel/Studio/7.0/Packs/atmel/ATmega_DFP/1.2.209/gcc/dev/atmega64a/avr5\libatmega64a.a(eerd_word.o)
 .bss           0x00000000        0x0 C:/Program Files (x86)/Atmel/Studio/7.0/Packs/atmel/ATmega_DFP/1.2.209/gcc/dev/atmega64a/avr5\libatmega64a.a(eerd_word.o)
 .text          0x00000000        0x0 C:/Program Files (x86)/Atmel/Studio/7.0/Packs/atmel/ATmega_DFP/1.2.209/gcc/dev/atmega64a/avr5\libatmega64a.a(eewr_byte.o)
 .data          0x00000000        0x0 C:/Program Files (x86)/Atmel/Studio/7.0/Packs/atmel/ATmega_DFP/1.2.209/gcc/dev/atmega64a/avr5\libatmega64a.a(eewr_byte.o)
 .bss           0x00000000        0x0 C:/Program Files (x86)/Atmel/Studio/7.0/Packs/atmel/ATmega_DFP/1.2.209/gcc/dev/atmega64a/avr5\libatmega64a.a(eewr_byte.o)
 .text          0x00000000        0x0 C:/Program Files (x86)/Atmel/Studio/7.0/Packs/atmel/ATmega_DFP/1.2.209/gcc/dev/atmega64a/avr5\libatmega64a.a(eewr_word.o)
 .data          0x00000000        0x0 C:/Program Files (x86)/Atmel/Studio/7.0/Packs/atmel/ATmega_DFP/1.2.209/gcc/dev/atmega64a/avr5\libatmega64a.a(eewr_word.o)
 .bss           0x00000000        0x0 C:/Program Files (x86)/Atmel/Studio/7.0/Packs/atmel/ATmega_DFP/1.2.209/gcc/dev/atmega64a/avr5\libatmega64a.a(eewr_word.o)
 .text          0x00000000        0x0 C:/Program Files (x86)/Atmel/Studio/7.0/Packs/atmel/ATmega_DFP/1.2.209/gcc/dev/atmega64a/avr5\libatmega64a.a(eerd_block.o)
 .data          0x00000000        0x0 C:/Program Files (x86)/Atmel/Studio/7.0/Packs/atmel/ATmega_DFP/1.2.209/gcc/dev/atmega64a/avr5\libatmega64a.a(eerd_block.o)
 .bss           0x00000000        0x0 C:/Program Files (x86)/Atmel/Studio/7.0/Packs/atmel/ATmega_DFP/1.2.209/gcc/dev/atmega64a/avr5\libatmega64a.a(eerd_block.o)

Memory Configuration

Name             Origin             Length             Attributes
text             0x00000000         0x00020000         xr
data             0x00800060         0x0000ffa0         rw !x
eeprom           0x00810000         0x00010000         rw !x
fuse             0x00820000         0x00000003         rw !x
lock             0x00830000         0x00000400         rw !x
signature        0x00840000         0x00000400         rw !x
user_signatures  0x00850000         0x00000400         rw !x
*default*        0x00000000         0xffffffff

Linker script and memory map

Address of section .data set to 0x800100
LOAD C:/Program Files (x86)/Atmel/Studio/7.0/Packs/atmel/ATmega_DFP/1.2.209/gcc/dev/atmega64a/avr5/crtatmega64a.o
LOAD at24c128c.o
LOAD delay.o
LOAD dgus.o
LOAD eeprom.o
LOAD gpio.o
LOAD main.o
LOAD timer.o
LOAD twi.o
LOAD usart.o
START GROUP
LOAD c:/program files (x86)/atmel/studio/7.0/toolchain/avr8/avr8-gnu-toolchain/bin/../lib/gcc/avr/5.4.0/../../../../avr/lib/avr5\libm.a
END GROUP
START GROUP
LOAD c:/program files (x86)/atmel/studio/7.0/toolchain/avr8/avr8-gnu-toolchain/bin/../lib/gcc/avr/5.4.0/avr5\libgcc.a
LOAD c:/program files (x86)/atmel/studio/7.0/toolchain/avr8/avr8-gnu-toolchain/bin/../lib/gcc/avr/5.4.0/../../../../avr/lib/avr5\libm.a
LOAD c:/program files (x86)/atmel/studio/7.0/toolchain/avr8/avr8-gnu-toolchain/bin/../lib/gcc/avr/5.4.0/../../../../avr/lib/avr5\libc.a
LOAD C:/Program Files (x86)/Atmel/Studio/7.0/Packs/atmel/ATmega_DFP/1.2.209/gcc/dev/atmega64a/avr5\libatmega64a.a
END GROUP
                0x00020000                __TEXT_REGION_LENGTH__ = DEFINED (__TEXT_REGION_LENGTH__)?__TEXT_REGION_LENGTH__:0x20000
                0x0000ffa0                __DATA_REGION_LENGTH__ = DEFINED (__DATA_REGION_LENGTH__)?__DATA_REGION_LENGTH__:0xffa0
                0x00010000                __EEPROM_REGION_LENGTH__ = DEFINED (__EEPROM_REGION_LENGTH__)?__EEPROM_REGION_LENGTH__:0x10000
                [0x00000003]                __FUSE_REGION_LENGTH__ = DEFINED (__FUSE_REGION_LENGTH__)?__FUSE_REGION_LENGTH__:0x400
                0x00000400                __LOCK_REGION_LENGTH__ = DEFINED (__LOCK_REGION_LENGTH__)?__LOCK_REGION_LENGTH__:0x400
                0x00000400                __SIGNATURE_REGION_LENGTH__ = DEFINED (__SIGNATURE_REGION_LENGTH__)?__SIGNATURE_REGION_LENGTH__:0x400
                0x00000400                __USER_SIGNATURE_REGION_LENGTH__ = DEFINED (__USER_SIGNATURE_REGION_LENGTH__)?__USER_SIGNATURE_REGION_LENGTH__:0x400

.hash
 *(.hash)

.dynsym
 *(.dynsym)

.dynstr
 *(.dynstr)

.gnu.version
 *(.gnu.version)

.gnu.version_d
 *(.gnu.version_d)

.gnu.version_r
 *(.gnu.version_r)

.rel.init
 *(.rel.init)

.rela.init
 *(.rela.init)

.rel.text
 *(.rel.text)
 *(.rel.text.*)
 *(.rel.gnu.linkonce.t*)

.rela.text
 *(.rela.text)
 *(.rela.text.*)
 *(.rela.gnu.linkonce.t*)

.rel.fini
 *(.rel.fini)

.rela.fini
 *(.rela.fini)

.rel.rodata
 *(.rel.rodata)
 *(.rel.rodata.*)
 *(.rel.gnu.linkonce.r*)

.rela.rodata
 *(.rela.rodata)
 *(.rela.rodata.*)
 *(.rela.gnu.linkonce.r*)

.rel.data
 *(.rel.data)
 *(.rel.data.*)
 *(.rel.gnu.linkonce.d*)

.rela.data
 *(.rela.data)
 *(.rela.data.*)
 *(.rela.gnu.linkonce.d*)

.rel.ctors
 *(.rel.ctors)

.rela.ctors
 *(.rela.ctors)

.rel.dtors
 *(.rel.dtors)

.rela.dtors
 *(.rela.dtors)

.rel.got
 *(.rel.got)

.rela.got
 *(.rela.got)

.rel.bss
 *(.rel.bss)

.rela.bss
 *(.rela.bss)

.rel.plt
 *(.rel.plt)

.rela.plt
 *(.rela.plt)

.text           0x00000000     0x515c
 *(.vectors)
 .vectors       0x00000000       0x8c C:/Program Files (x86)/Atmel/Studio/7.0/Packs/atmel/ATmega_DFP/1.2.209/gcc/dev/atmega64a/avr5/crtatmega64a.o
                0x00000000                __vector_default
                0x00000000                __vectors
 *(.vectors)
 *(.progmem.gcc*)
 .progmem.gcc_sw_table.key_action
                0x0000008c       0x58 dgus.o
 .progmem.gcc_sw_table.usart0_deal
                0x000000e4      0x180 usart.o
                0x00000264                . = ALIGN (0x2)
                0x00000264                __trampolines_start = .
 *(.trampolines)
 .trampolines   0x00000264        0x0 linker stubs
 *(.trampolines*)
                0x00000264                __trampolines_end = .
 *libprintf_flt.a:*(.progmem.data)
 *libc.a:*(.progmem.data)
 *(.progmem*)
                0x00000264                . = ALIGN (0x2)
 *(.jumptables)
 *(.jumptables*)
 *(.lowtext)
 *(.lowtext*)
                0x00000264                __ctors_start = .
 *(.ctors)
                0x00000264                __ctors_end = .
                0x00000264                __dtors_start = .
 *(.dtors)
                0x00000264                __dtors_end = .
 SORT(*)(.ctors)
 SORT(*)(.dtors)
 *(.init0)
 .init0         0x00000264        0x0 C:/Program Files (x86)/Atmel/Studio/7.0/Packs/atmel/ATmega_DFP/1.2.209/gcc/dev/atmega64a/avr5/crtatmega64a.o
                0x00000264                __init
 *(.init0)
 *(.init1)
 *(.init1)
 *(.init2)
 .init2         0x00000264        0xc C:/Program Files (x86)/Atmel/Studio/7.0/Packs/atmel/ATmega_DFP/1.2.209/gcc/dev/atmega64a/avr5/crtatmega64a.o
 *(.init2)
 *(.init3)
 *(.init3)
 *(.init4)
 .init4         0x00000270       0x16 c:/program files (x86)/atmel/studio/7.0/toolchain/avr8/avr8-gnu-toolchain/bin/../lib/gcc/avr/5.4.0/avr5\libgcc.a(_copy_data.o)
                0x00000270                __do_copy_data
 .init4         0x00000286       0x10 c:/program files (x86)/atmel/studio/7.0/toolchain/avr8/avr8-gnu-toolchain/bin/../lib/gcc/avr/5.4.0/avr5\libgcc.a(_clear_bss.o)
                0x00000286                __do_clear_bss
 *(.init4)
 *(.init5)
 *(.init5)
 *(.init6)
 *(.init6)
 *(.init7)
 *(.init7)
 *(.init8)
 *(.init8)
 *(.init9)
 .init9         0x00000296        0x8 C:/Program Files (x86)/Atmel/Studio/7.0/Packs/atmel/ATmega_DFP/1.2.209/gcc/dev/atmega64a/avr5/crtatmega64a.o
 *(.init9)
 *(.text)
 .text          0x0000029e        0x4 C:/Program Files (x86)/Atmel/Studio/7.0/Packs/atmel/ATmega_DFP/1.2.209/gcc/dev/atmega64a/avr5/crtatmega64a.o
                0x0000029e                __vector_22
                0x0000029e                __vector_28
                0x0000029e                __vector_1
                0x0000029e                __vector_32
                0x0000029e                __vector_34
                0x0000029e                __vector_24
                0x0000029e                __bad_interrupt
                0x0000029e                __vector_6
                0x0000029e                __vector_31
                0x0000029e                __vector_3
                0x0000029e                __vector_23
                0x0000029e                __vector_25
                0x0000029e                __vector_11
                0x0000029e                __vector_13
                0x0000029e                __vector_17
                0x0000029e                __vector_19
                0x0000029e                __vector_7
                0x0000029e                __vector_27
                0x0000029e                __vector_5
                0x0000029e                __vector_33
                0x0000029e                __vector_4
                0x0000029e                __vector_9
                0x0000029e                __vector_2
                0x0000029e                __vector_21
                0x0000029e                __vector_15
                0x0000029e                __vector_29
                0x0000029e                __vector_8
                0x0000029e                __vector_14
                0x0000029e                __vector_20
                0x000002a2                . = ALIGN (0x2)
 *(.text.*)
 .text._delay_ms
                0x000002a2       0x7a delay.o
                0x000002a2                _delay_ms
 .text._delay_1us
                0x0000031c       0x28 delay.o
                0x0000031c                _delay_1us
 .text.init_variable
                0x00000344      0x350 dgus.o
                0x00000344                init_variable
 .text.update_main_page
                0x00000694      0x32a dgus.o
                0x00000694                update_main_page
 .text.key_action
                0x000009be      0x390 dgus.o
                0x000009be                key_action
 .text.single_set_ok
                0x00000d4e      0x1dc dgus.o
                0x00000d4e                single_set_ok
 .text.all_set_ok
                0x00000f2a      0x120 dgus.o
                0x00000f2a                all_set_ok
 .text.pid_set_ok
                0x0000104a       0xda dgus.o
                0x0000104a                pid_set_ok
 .text.set_pid  0x00001124      0x11e dgus.o
                0x00001124                set_pid
 .text.single_set_back
                0x00001242      0x134 dgus.o
                0x00001242                single_set_back
 .text.all_set_back
                0x00001376      0x112 dgus.o
                0x00001376                all_set_back
 .text.switch_all_sensor
                0x00001488       0xfc dgus.o
                0x00001488                switch_all_sensor
 .text.get_set_name
                0x00001584       0xe0 dgus.o
                0x00001584                get_set_name
 .text.single_set
                0x00001664      0x110 dgus.o
                0x00001664                single_set
 .text.all_set  0x00001774       0xfe dgus.o
                0x00001774                all_set
 .text.update_single_set_page
                0x00001872      0x1ac dgus.o
                0x00001872                update_single_set_page
 .text.update_pid_page
                0x00001a1e      0x146 dgus.o
                0x00001a1e                update_pid_page
 .text.update_curve_page
                0x00001b64      0x28a dgus.o
                0x00001b64                update_curve_page
 .text.update_time_ctrl_page
                0x00001dee       0xe8 dgus.o
                0x00001dee                update_time_ctrl_page
 .text.save_time_ctrl_data
                0x00001ed6      0x148 dgus.o
                0x00001ed6                save_time_ctrl_data
 .text.start_time_ctrl
                0x0000201e      0x1a8 dgus.o
                0x0000201e                start_time_ctrl
 .text.time_ctrl_test
                0x000021c6      0x142 dgus.o
                0x000021c6                time_ctrl_test
 .text.stop_time_ctrl
                0x00002308       0xc8 dgus.o
                0x00002308                stop_time_ctrl
 .text.update_alarm_page
                0x000023d0      0x102 dgus.o
                0x000023d0                update_alarm_page
 .text.switch_language
                0x000024d2       0x34 dgus.o
                0x000024d2                switch_language
 .text.change_page
                0x00002506       0x72 dgus.o
                0x00002506                change_page
 .text.send_variables
                0x00002578       0x94 dgus.o
                0x00002578                send_variables
 .text.send_name
                0x0000260c       0xcc dgus.o
                0x0000260c                send_name
 .text.send_to_channel
                0x000026d8       0x84 dgus.o
                0x000026d8                send_to_channel
 .text.send_alarm_msg
                0x0000275c      0x12c dgus.o
                0x0000275c                send_alarm_msg
 .text.read_setting_data_all
                0x00002888       0x8e dgus.o
                0x00002888                read_setting_data_all
 .text.read_setting_data
                0x00002916       0xe8 dgus.o
                0x00002916                read_setting_data
 .text.get_setting_data
                0x000029fe      0x3f2 dgus.o
                0x000029fe                get_setting_data
 .text.send_request_all
                0x00002df0       0x6c dgus.o
                0x00002df0                send_request_all
 .text.get_data_all
                0x00002e5c      0x36e dgus.o
                0x00002e5c                get_data_all
 .text.clear_alarm_msg
                0x000031ca       0xca dgus.o
                0x000031ca                clear_alarm_msg
 .text.clear_all_alarm_msg
                0x00003294       0x42 dgus.o
                0x00003294                clear_all_alarm_msg
 .text.clear_curve_buff
                0x000032d6       0x6e dgus.o
                0x000032d6                clear_curve_buff
 .text.alarm_monitor
                0x00003344      0x1fe dgus.o
                0x00003344                alarm_monitor
 .text.update_template_page
                0x00003542       0x94 dgus.o
                0x00003542                update_template_page
 .text.read_eeprom_data
                0x000035d6      0x2b6 eeprom.o
                0x000035d6                read_eeprom_data
 .text.gpio_init
                0x0000388c      0x154 gpio.o
                0x0000388c                gpio_init
 .text.main     0x000039e0      0x10a main.o
                0x000039e0                main
 .text.system_init
                0x00003aea       0x44 main.o
                0x00003aea                system_init
 .text.__vector_16
                0x00003b2e      0x2ba timer.o
                0x00003b2e                __vector_16
 .text.__vector_12
                0x00003de8       0x26 timer.o
                0x00003de8                __vector_12
 .text.__vector_10
                0x00003e0e      0x12e timer.o
                0x00003e0e                __vector_10
 .text.__vector_26
                0x00003f3c      0x10c timer.o
                0x00003f3c                __vector_26
 .text.timer0_init
                0x00004048       0x62 timer.o
                0x00004048                timer0_init
 .text.timer1_init
                0x000040aa       0x6c timer.o
                0x000040aa                timer1_init
 .text.timer2_init
                0x00004116       0x74 timer.o
                0x00004116                timer2_init
 .text.twi_init
                0x0000418a       0xaa twi.o
                0x0000418a                twi_init
 .text.__vector_18
                0x00004234       0x72 usart.o
                0x00004234                __vector_18
 .text.__vector_30
                0x000042a6       0x72 usart.o
                0x000042a6                __vector_30
 .text.usart0_deal
                0x00004318      0x838 usart.o
                0x00004318                usart0_deal
 .text.usart1_deal
                0x00004b50       0xba usart.o
                0x00004b50                usart1_deal
 .text.usart0_send_char
                0x00004c0a       0x36 usart.o
                0x00004c0a                usart0_send_char
 .text.usart0_send_str
                0x00004c40       0x4c usart.o
                0x00004c40                usart0_send_str
 .text.usart1_send_char
                0x00004c8c       0x36 usart.o
                0x00004c8c                usart1_send_char
 .text.usart1_send_str
                0x00004cc2       0x4c usart.o
                0x00004cc2                usart1_send_str
 .text.usart2_send_char
                0x00004d0e       0x4e usart.o
                0x00004d0e                usart2_send_char
 .text.usart2_send_str
                0x00004d5c       0x56 usart.o
                0x00004d5c                usart2_send_str
 .text.crc_check
                0x00004db2       0xc2 usart.o
                0x00004db2                crc_check
 .text.usart0_init
                0x00004e74       0x7c usart.o
                0x00004e74                usart0_init
 .text.usart1_init
                0x00004ef0       0x6c usart.o
                0x00004ef0                usart1_init
 .text.usart2_init
                0x00004f5c       0xc8 usart.o
                0x00004f5c                usart2_init
 .text.libgcc.div
                0x00005024       0x28 c:/program files (x86)/atmel/studio/7.0/toolchain/avr8/avr8-gnu-toolchain/bin/../lib/gcc/avr/5.4.0/avr5\libgcc.a(_divmodhi4.o)
                0x00005024                _div
                0x00005024                __divmodhi4
 .text.libgcc.div
                0x0000504c       0x44 c:/program files (x86)/atmel/studio/7.0/toolchain/avr8/avr8-gnu-toolchain/bin/../lib/gcc/avr/5.4.0/avr5\libgcc.a(_udivmodsi4.o)
                0x0000504c                __udivmodsi4
 .text.libgcc   0x00005090        0xc c:/program files (x86)/atmel/studio/7.0/toolchain/avr8/avr8-gnu-toolchain/bin/../lib/gcc/avr/5.4.0/avr5\libgcc.a(_tablejump2.o)
                0x00005090                __tablejump2__
 .text.libgcc.mul
                0x0000509c       0x1e c:/program files (x86)/atmel/studio/7.0/toolchain/avr8/avr8-gnu-toolchain/bin/../lib/gcc/avr/5.4.0/avr5\libgcc.a(_umulhisi3.o)
                0x0000509c                __umulhisi3
 .text.libgcc.mul
                0x000050ba       0x16 c:/program files (x86)/atmel/studio/7.0/toolchain/avr8/avr8-gnu-toolchain/bin/../lib/gcc/avr/5.4.0/avr5\libgcc.a(_muluhisi3.o)
                0x000050ba                __muluhisi3
 .text.libgcc.div
                0x000050d0       0x28 c:/program files (x86)/atmel/studio/7.0/toolchain/avr8/avr8-gnu-toolchain/bin/../lib/gcc/avr/5.4.0/avr5\libgcc.a(_udivmodhi4.o)
                0x000050d0                __udivmodhi4
 .text.avr-libc
                0x000050f8       0x10 C:/Program Files (x86)/Atmel/Studio/7.0/Packs/atmel/ATmega_DFP/1.2.209/gcc/dev/atmega64a/avr5\libatmega64a.a(eerd_byte.o)
                0x000050f8                eeprom_read_byte
 .text.avr-libc
                0x00005108        0xc C:/Program Files (x86)/Atmel/Studio/7.0/Packs/atmel/ATmega_DFP/1.2.209/gcc/dev/atmega64a/avr5\libatmega64a.a(eerd_word.o)
                0x00005108                eeprom_read_word
 .text.avr-libc
                0x00005114       0x1a C:/Program Files (x86)/Atmel/Studio/7.0/Packs/atmel/ATmega_DFP/1.2.209/gcc/dev/atmega64a/avr5\libatmega64a.a(eewr_byte.o)
                0x00005114                eeprom_write_byte
                0x00005116                eeprom_write_r18
 .text.avr-libc
                0x0000512e        0xa C:/Program Files (x86)/Atmel/Studio/7.0/Packs/atmel/ATmega_DFP/1.2.209/gcc/dev/atmega64a/avr5\libatmega64a.a(eewr_word.o)
                0x0000512e                eeprom_write_word
 .text.avr-libc
                0x00005138       0x20 C:/Program Files (x86)/Atmel/Studio/7.0/Packs/atmel/ATmega_DFP/1.2.209/gcc/dev/atmega64a/avr5\libatmega64a.a(eerd_block.o)
                0x00005138                eeprom_read_block
                0x0000513c                eeprom_read_blraw
                0x00005158                . = ALIGN (0x2)
 *(.fini9)
 .fini9         0x00005158        0x0 c:/program files (x86)/atmel/studio/7.0/toolchain/avr8/avr8-gnu-toolchain/bin/../lib/gcc/avr/5.4.0/avr5\libgcc.a(_exit.o)
                0x00005158                _exit
                0x00005158                exit
 *(.fini9)
 *(.fini8)
 *(.fini8)
 *(.fini7)
 *(.fini7)
 *(.fini6)
 *(.fini6)
 *(.fini5)
 *(.fini5)
 *(.fini4)
 *(.fini4)
 *(.fini3)
 *(.fini3)
 *(.fini2)
 *(.fini2)
 *(.fini1)
 *(.fini1)
 *(.fini0)
 .fini0         0x00005158        0x4 c:/program files (x86)/atmel/studio/7.0/toolchain/avr8/avr8-gnu-toolchain/bin/../lib/gcc/avr/5.4.0/avr5\libgcc.a(_exit.o)
 *(.fini0)
                0x0000515c                _etext = .

.data           0x00800100       0x96 load address 0x0000515c
                0x00800100                PROVIDE (__data_start, .)
 *(.data)
 *(.data*)
 .data.in_main_page
                0x00800100        0x1 dgus.o
                0x00800100                in_main_page
 .data.preheat_time
                0x00800101        0x2 dgus.o
                0x00800101                preheat_time
 .data.all_temp
                0x00800103        0x2 dgus.o
                0x00800103                all_temp
 .data.module_num
                0x00800105        0x1 dgus.o
                0x00800105                module_num
 .data.alarm_msg
                0x00800106       0x70 dgus.o
                0x00800106                alarm_msg
 .data.alarm_page_num.1938
                0x00800176        0x1 dgus.o
 .data.ctrl_command
                0x00800177        0x1 timer.o
                0x00800177                ctrl_command
 .data.all_temp_buff
                0x00800178        0x2 usart.o
                0x00800178                all_temp_buff
 .data.preheat_time_buff
                0x0080017a        0x2 usart.o
                0x0080017a                preheat_time_buff
 .data.p_value_buff
                0x0080017c        0x2 usart.o
                0x0080017c                p_value_buff
 .data.i_value_buff
                0x0080017e        0x2 usart.o
                0x0080017e                i_value_buff
 .data.d_value_buff
                0x00800180        0x2 usart.o
                0x00800180                d_value_buff
 *(.gnu.linkonce.d*)
 *(.rodata)
 .rodata        0x00800182       0x14 dgus.o
 *(.rodata*)
 *(.gnu.linkonce.r*)
                0x00800196                . = ALIGN (0x2)
                0x00800196                _edata = .
                0x00800196                PROVIDE (__data_end, .)

.bss            0x00800196      0xa9e
                0x00800196                PROVIDE (__bss_start, .)
 *(.bss)
 *(.bss*)
 .bss.run_temp_page
                0x00800196        0x1 dgus.o
                0x00800196                run_temp_page
 .bss.update_run_temp_flag
                0x00800197        0x1 dgus.o
                0x00800197                update_run_temp_flag
 .bss.pre_language
                0x00800198        0x1 dgus.o
                0x00800198                pre_language
 .bss.pre_main_page
                0x00800199        0x1 dgus.o
                0x00800199                pre_main_page
 .bss.pre_system_sta
                0x0080019a        0x2 dgus.o
                0x0080019a                pre_system_sta
 .bss.set_num   0x0080019c        0x1 dgus.o
                0x0080019c                set_num
 .bss.set_pid_channel
                0x0080019d        0x1 dgus.o
                0x0080019d                set_pid_channel
 .bss.curve_page_num
                0x0080019e        0x1 dgus.o
                0x0080019e                curve_page_num
 .bss.curve_time_level
                0x0080019f        0x1 dgus.o
                0x0080019f                curve_time_level
 .bss.pid_page_num
                0x008001a0        0x1 dgus.o
                0x008001a0                pid_page_num
 .bss.ctrl_board_sta
                0x008001a1        0x6 dgus.o
                0x008001a1                ctrl_board_sta
 .bss.output_rate
                0x008001a7       0x18 dgus.o
                0x008001a7                output_rate
 .bss.sensor_sta
                0x008001bf       0x18 dgus.o
                0x008001bf                sensor_sta
 .bss.pre_sensor_sta
                0x008001d7       0x18 dgus.o
                0x008001d7                pre_sensor_sta
 .bss.run_temp  0x008001ef       0x30 dgus.o
                0x008001ef                run_temp
 .bss.switch_sensor
                0x0080021f       0x30 dgus.o
                0x0080021f                switch_sensor
 .bss.sensor_type
                0x0080024f       0x30 dgus.o
                0x0080024f                sensor_type
 .bss.set_name_buff
                0x0080027f        0x4 dgus.o
                0x0080027f                set_name_buff
 .bss.follow_sta
                0x00800283       0x18 dgus.o
                0x00800283                follow_sta
 .bss.follow_sta_buff
                0x0080029b       0x18 dgus.o
                0x0080029b                follow_sta_buff
 .bss.all_sensor_type
                0x008002b3        0x2 dgus.o
                0x008002b3                all_sensor_type
 .bss.temp_unit
                0x008002b5        0x2 dgus.o
                0x008002b5                temp_unit
 .bss.module_status
                0x008002b7        0x4 dgus.o
                0x008002b7                module_status
 .bss.alarm_cnt
                0x008002bb        0x1 dgus.o
                0x008002bb                alarm_cnt
 .bss.template_cnt
                0x008002bc        0x1 dgus.o
                0x008002bc                template_cnt
 .bss.timer2_ovf
                0x008002bd        0x1 timer.o
                0x008002bd                timer2_ovf
 .bss.read_setting_data_mask
                0x008002be        0x1 timer.o
                0x008002be                read_setting_data_mask
 .bss.read_setting_data_cnt
                0x008002bf        0x1 timer.o
                0x008002bf                read_setting_data_cnt
 .bss.usart1_tx_timecnt
                0x008002c0        0x1 timer.o
                0x008002c0                usart1_tx_timecnt
 .bss.usart1_tx_overtime_mask
                0x008002c1        0x1 timer.o
                0x008002c1                usart1_tx_overtime_mask
 .bss.init_complete
                0x008002c2        0x1 timer.o
                0x008002c2                init_complete
 .bss.alarm_monitor_overtime_mask
                0x008002c3        0x1 timer.o
                0x008002c3                alarm_monitor_overtime_mask
 .bss.alarm_monitor_cnt.1888
                0x008002c4        0x2 timer.o
 .bss.update_run_temp_cnt.1887
                0x008002c6        0x2 timer.o
 .bss.pre_usart1_rx_cnt.1884
                0x008002c8        0x1 timer.o
 .bss.usart1_cnt.1883
                0x008002c9        0x1 timer.o
 .bss.pre_usart0_rx_cnt.1886
                0x008002ca        0x1 timer.o
 .bss.usart0_cnt.1885
                0x008002cb        0x1 timer.o
 .bss.time_cnt.1899
                0x008002cc        0x1 timer.o
 .bss.cnt.1906  0x008002cd        0x1 timer.o
 .bss.pos.1907  0x008002ce        0x1 timer.o
 .bss.usart0_rx_buff
                0x008002cf       0xc8 usart.o
                0x008002cf                usart0_rx_buff
 .bss.usart0_tx_buff
                0x00800397       0xc8 usart.o
                0x00800397                usart0_tx_buff
 .bss.usart0_rx_end
                0x0080045f        0x1 usart.o
                0x0080045f                usart0_rx_end
 .bss.usart0_rx_lenth
                0x00800460        0x1 usart.o
                0x00800460                usart0_rx_lenth
 .bss.usart0_rx_cnt
                0x00800461        0x1 usart.o
                0x00800461                usart0_rx_cnt
 .bss.usart1_rx_buff
                0x00800462       0xc8 usart.o
                0x00800462                usart1_rx_buff
 .bss.usart1_tx_buff
                0x0080052a       0xc8 usart.o
                0x0080052a                usart1_tx_buff
 .bss.usart1_rx_end
                0x008005f2        0x1 usart.o
                0x008005f2                usart1_rx_end
 .bss.usart1_rx_lenth
                0x008005f3        0x1 usart.o
                0x008005f3                usart1_rx_lenth
 .bss.usart1_rx_cnt
                0x008005f4        0x1 usart.o
                0x008005f4                usart1_rx_cnt
 .bss.usart2_tx_buff
                0x008005f5       0xc8 usart.o
                0x008005f5                usart2_tx_buff
 .bss.usart2_buff
                0x008006bd        0x1 usart.o
                0x008006bd                usart2_buff
 .bss.all_sensor_type_buff
                0x008006be        0x2 usart.o
                0x008006be                all_sensor_type_buff
 .bss.temp_unit_buff
                0x008006c0        0x2 usart.o
                0x008006c0                temp_unit_buff
 .bss.switch_sensor_buff
                0x008006c2       0x30 usart.o
                0x008006c2                switch_sensor_buff
 .bss.sensor_type_buff
                0x008006f2       0x30 usart.o
                0x008006f2                sensor_type_buff
 *(COMMON)
 COMMON         0x00800722      0x3e1 dgus.o
                0x00800722                time_ctrl_value
                0x00800822                d_value
                0x00800852                p_value
                0x00800882                i_value
                0x008008b2                alarm_history
                0x0080093e                set_name
                0x0080099e                template
                0x00800ad3                set_temp
 COMMON         0x00800b03      0x131 usart.o
                0x00800b03                set_temp_buff
                0x00800b33                usart2_sta
                0x00800b34                time_ctrl_value_buff
                0x00800c34                PROVIDE (__bss_end, .)
                0x0000515c                __data_load_start = LOADADDR (.data)
                0x000051f2                __data_load_end = (__data_load_start + SIZEOF (.data))

.noinit         0x00800c34        0x0
                [!provide]                PROVIDE (__noinit_start, .)
 *(.noinit*)
                [!provide]                PROVIDE (__noinit_end, .)
                0x00800c34                _end = .
                [!provide]                PROVIDE (__heap_start, .)

.eeprom         0x00810000        0x0
 *(.eeprom*)
                0x00810000                __eeprom_end = .

.fuse
 *(.fuse)
 *(.lfuse)
 *(.hfuse)
 *(.efuse)

.lock
 *(.lock*)

.signature
 *(.signature*)

.user_signatures
 *(.user_signatures*)

.stab
 *(.stab)

.stabstr
 *(.stabstr)

.stab.excl
 *(.stab.excl)

.stab.exclstr
 *(.stab.exclstr)

.stab.index
 *(.stab.index)

.stab.indexstr
 *(.stab.indexstr)

.comment        0x00000000       0x30
 *(.comment)
 .comment       0x00000000       0x30 delay.o
                                 0x31 (size before relaxing)
 .comment       0x00000030       0x31 dgus.o
 .comment       0x00000030       0x31 eeprom.o
 .comment       0x00000030       0x31 gpio.o
 .comment       0x00000030       0x31 main.o
 .comment       0x00000030       0x31 timer.o
 .comment       0x00000030       0x31 twi.o
 .comment       0x00000030       0x31 usart.o

.note.gnu.avr.deviceinfo
                0x00000000       0x3c
 .note.gnu.avr.deviceinfo
                0x00000000       0x3c C:/Program Files (x86)/Atmel/Studio/7.0/Packs/atmel/ATmega_DFP/1.2.209/gcc/dev/atmega64a/avr5/crtatmega64a.o

.note.gnu.build-id
 *(.note.gnu.build-id)

.debug
 *(.debug)

.line
 *(.line)

.debug_srcinfo
 *(.debug_srcinfo)

.debug_sfnames
 *(.debug_sfnames)

.debug_aranges  0x00000000      0x3b0
 *(.debug_aranges)
 .debug_aranges
                0x00000000       0x30 delay.o
 .debug_aranges
                0x00000030      0x158 dgus.o
 .debug_aranges
                0x00000188       0x20 eeprom.o
 .debug_aranges
                0x000001a8       0x20 gpio.o
 .debug_aranges
                0x000001c8       0x28 main.o
 .debug_aranges
                0x000001f0       0x50 timer.o
 .debug_aranges
                0x00000240       0x48 twi.o
 .debug_aranges
                0x00000288       0x88 usart.o
 .debug_aranges
                0x00000310       0x20 C:/Program Files (x86)/Atmel/Studio/7.0/Packs/atmel/ATmega_DFP/1.2.209/gcc/dev/atmega64a/avr5\libatmega64a.a(eerd_byte.o)
 .debug_aranges
                0x00000330       0x20 C:/Program Files (x86)/Atmel/Studio/7.0/Packs/atmel/ATmega_DFP/1.2.209/gcc/dev/atmega64a/avr5\libatmega64a.a(eerd_word.o)
 .debug_aranges
                0x00000350       0x20 C:/Program Files (x86)/Atmel/Studio/7.0/Packs/atmel/ATmega_DFP/1.2.209/gcc/dev/atmega64a/avr5\libatmega64a.a(eewr_byte.o)
 .debug_aranges
                0x00000370       0x20 C:/Program Files (x86)/Atmel/Studio/7.0/Packs/atmel/ATmega_DFP/1.2.209/gcc/dev/atmega64a/avr5\libatmega64a.a(eewr_word.o)
 .debug_aranges
                0x00000390       0x20 C:/Program Files (x86)/Atmel/Studio/7.0/Packs/atmel/ATmega_DFP/1.2.209/gcc/dev/atmega64a/avr5\libatmega64a.a(eerd_block.o)

.debug_pubnames
 *(.debug_pubnames)

.debug_info     0x00000000     0x299a
 *(.debug_info .gnu.linkonce.wi.*)
 .debug_info    0x00000000      0x780 C:/Program Files (x86)/Atmel/Studio/7.0/Packs/atmel/ATmega_DFP/1.2.209/gcc/dev/atmega64a/avr5/crtatmega64a.o
 .debug_info    0x00000780       0xfc delay.o
 .debug_info    0x0000087c      0xf5d dgus.o
 .debug_info    0x000017d9      0x1a7 eeprom.o
 .debug_info    0x00001980       0x82 gpio.o
 .debug_info    0x00001a02      0x189 main.o
 .debug_info    0x00001b8b      0x382 timer.o
 .debug_info    0x00001f0d      0x1aa twi.o
 .debug_info    0x000020b7      0x58b usart.o
 .debug_info    0x00002642       0xab C:/Program Files (x86)/Atmel/Studio/7.0/Packs/atmel/ATmega_DFP/1.2.209/gcc/dev/atmega64a/avr5\libatmega64a.a(eerd_byte.o)
 .debug_info    0x000026ed       0xab C:/Program Files (x86)/Atmel/Studio/7.0/Packs/atmel/ATmega_DFP/1.2.209/gcc/dev/atmega64a/avr5\libatmega64a.a(eerd_word.o)
 .debug_info    0x00002798       0xab C:/Program Files (x86)/Atmel/Studio/7.0/Packs/atmel/ATmega_DFP/1.2.209/gcc/dev/atmega64a/avr5\libatmega64a.a(eewr_byte.o)
 .debug_info    0x00002843       0xab C:/Program Files (x86)/Atmel/Studio/7.0/Packs/atmel/ATmega_DFP/1.2.209/gcc/dev/atmega64a/avr5\libatmega64a.a(eewr_word.o)
 .debug_info    0x000028ee       0xac C:/Program Files (x86)/Atmel/Studio/7.0/Packs/atmel/ATmega_DFP/1.2.209/gcc/dev/atmega64a/avr5\libatmega64a.a(eerd_block.o)

.debug_abbrev   0x00000000      0xf09
 *(.debug_abbrev)
 .debug_abbrev  0x00000000      0x718 C:/Program Files (x86)/Atmel/Studio/7.0/Packs/atmel/ATmega_DFP/1.2.209/gcc/dev/atmega64a/avr5/crtatmega64a.o
 .debug_abbrev  0x00000718       0x87 delay.o
 .debug_abbrev  0x0000079f      0x1e7 dgus.o
 .debug_abbrev  0x00000986       0xd7 eeprom.o
 .debug_abbrev  0x00000a5d       0x4f gpio.o
 .debug_abbrev  0x00000aac       0xc1 main.o
 .debug_abbrev  0x00000b6d       0xfe timer.o
 .debug_abbrev  0x00000c6b       0xd9 twi.o
 .debug_abbrev  0x00000d44      0x161 usart.o
 .debug_abbrev  0x00000ea5       0x14 C:/Program Files (x86)/Atmel/Studio/7.0/Packs/atmel/ATmega_DFP/1.2.209/gcc/dev/atmega64a/avr5\libatmega64a.a(eerd_byte.o)
 .debug_abbrev  0x00000eb9       0x14 C:/Program Files (x86)/Atmel/Studio/7.0/Packs/atmel/ATmega_DFP/1.2.209/gcc/dev/atmega64a/avr5\libatmega64a.a(eerd_word.o)
 .debug_abbrev  0x00000ecd       0x14 C:/Program Files (x86)/Atmel/Studio/7.0/Packs/atmel/ATmega_DFP/1.2.209/gcc/dev/atmega64a/avr5\libatmega64a.a(eewr_byte.o)
 .debug_abbrev  0x00000ee1       0x14 C:/Program Files (x86)/Atmel/Studio/7.0/Packs/atmel/ATmega_DFP/1.2.209/gcc/dev/atmega64a/avr5\libatmega64a.a(eewr_word.o)
 .debug_abbrev  0x00000ef5       0x14 C:/Program Files (x86)/Atmel/Studio/7.0/Packs/atmel/ATmega_DFP/1.2.209/gcc/dev/atmega64a/avr5\libatmega64a.a(eerd_block.o)

.debug_line     0x00000000     0x2d90
 *(.debug_line .debug_line.* .debug_line_end)
 .debug_line    0x00000000      0x169 C:/Program Files (x86)/Atmel/Studio/7.0/Packs/atmel/ATmega_DFP/1.2.209/gcc/dev/atmega64a/avr5/crtatmega64a.o
 .debug_line    0x00000169      0x110 delay.o
 .debug_line    0x00000279     0x175d dgus.o
 .debug_line    0x000019d6      0x1d8 eeprom.o
 .debug_line    0x00001bae      0x10d gpio.o
 .debug_line    0x00001cbb      0x1bc main.o
 .debug_line    0x00001e77      0x34c timer.o
 .debug_line    0x000021c3      0x258 twi.o
 .debug_line    0x0000241b      0x6f6 usart.o
 .debug_line    0x00002b11       0x7a C:/Program Files (x86)/Atmel/Studio/7.0/Packs/atmel/ATmega_DFP/1.2.209/gcc/dev/atmega64a/avr5\libatmega64a.a(eerd_byte.o)
 .debug_line    0x00002b8b       0x67 C:/Program Files (x86)/Atmel/Studio/7.0/Packs/atmel/ATmega_DFP/1.2.209/gcc/dev/atmega64a/avr5\libatmega64a.a(eerd_word.o)
 .debug_line    0x00002bf2       0x98 C:/Program Files (x86)/Atmel/Studio/7.0/Packs/atmel/ATmega_DFP/1.2.209/gcc/dev/atmega64a/avr5\libatmega64a.a(eewr_byte.o)
 .debug_line    0x00002c8a       0x5b C:/Program Files (x86)/Atmel/Studio/7.0/Packs/atmel/ATmega_DFP/1.2.209/gcc/dev/atmega64a/avr5\libatmega64a.a(eewr_word.o)
 .debug_line    0x00002ce5       0xab C:/Program Files (x86)/Atmel/Studio/7.0/Packs/atmel/ATmega_DFP/1.2.209/gcc/dev/atmega64a/avr5\libatmega64a.a(eerd_block.o)

.debug_frame    0x00000000      0xb4c
 *(.debug_frame)
 .debug_frame   0x00000000       0x74 delay.o
 .debug_frame   0x00000074      0x520 dgus.o
 .debug_frame   0x00000594       0x54 eeprom.o
 .debug_frame   0x000005e8       0x34 gpio.o
 .debug_frame   0x0000061c       0x54 main.o
 .debug_frame   0x00000670      0x1b8 timer.o
 .debug_frame   0x00000828       0xf4 twi.o
 .debug_frame   0x0000091c      0x230 usart.o

.debug_str      0x00000000      0xe50
 *(.debug_str)
 .debug_str     0x00000000      0x27e C:/Program Files (x86)/Atmel/Studio/7.0/Packs/atmel/ATmega_DFP/1.2.209/gcc/dev/atmega64a/avr5/crtatmega64a.o
 .debug_str     0x0000027e      0x187 delay.o
                                0x1c1 (size before relaxing)
 .debug_str     0x00000405      0x751 dgus.o
                                0x975 (size before relaxing)
 .debug_str     0x00000b56       0x1f eeprom.o
                                0x2c6 (size before relaxing)
 .debug_str     0x00000b75       0x16 gpio.o
                                0x193 (size before relaxing)
 .debug_str     0x00000b8b       0x61 main.o
                                0x26f (size before relaxing)
 .debug_str     0x00000bec      0x114 timer.o
                                0x3e5 (size before relaxing)
 .debug_str     0x00000d00       0x50 twi.o
                                0x1e0 (size before relaxing)
 .debug_str     0x00000d50      0x100 usart.o
                                0x42c (size before relaxing)

.debug_loc      0x00000000     0x1789
 *(.debug_loc)
 .debug_loc     0x00000000       0xd7 delay.o
 .debug_loc     0x000000d7      0xafc dgus.o
 .debug_loc     0x00000bd3       0x96 eeprom.o
 .debug_loc     0x00000c69       0x3b gpio.o
 .debug_loc     0x00000ca4       0x83 main.o
 .debug_loc     0x00000d27      0x3b2 timer.o
 .debug_loc     0x000010d9      0x1f1 twi.o
 .debug_loc     0x000012ca      0x4bf usart.o

.debug_macinfo
 *(.debug_macinfo)

.debug_weaknames
 *(.debug_weaknames)

.debug_funcnames
 *(.debug_funcnames)

.debug_typenames
 *(.debug_typenames)

.debug_varnames
 *(.debug_varnames)

.debug_pubtypes
 *(.debug_pubtypes)

.debug_ranges   0x00000000      0x290
 *(.debug_ranges)
 .debug_ranges  0x00000000       0x20 delay.o
 .debug_ranges  0x00000020      0x148 dgus.o
 .debug_ranges  0x00000168       0x10 eeprom.o
 .debug_ranges  0x00000178       0x10 gpio.o
 .debug_ranges  0x00000188       0x18 main.o
 .debug_ranges  0x000001a0       0x40 timer.o
 .debug_ranges  0x000001e0       0x38 twi.o
 .debug_ranges  0x00000218       0x78 usart.o

.debug_macro
 *(.debug_macro)
OUTPUT(TempCtrlBoxCoreBoard.elf elf32-avr)
LOAD linker stubs
