Archive member included to satisfy reference by file (symbol)

c:/program files (x86)/atmel/studio/7.0/toolchain/avr8/avr8-gnu-toolchain/bin/../lib/gcc/avr/5.4.0/../../../../avr/lib/avr5\libm.a(cmpsf2.o)
                              at24c128c.o (__ltsf2)
c:/program files (x86)/atmel/studio/7.0/toolchain/avr8/avr8-gnu-toolchain/bin/../lib/gcc/avr/5.4.0/../../../../avr/lib/avr5\libm.a(fixunssfsi.o)
                              at24c128c.o (__fixunssfsi)
c:/program files (x86)/atmel/studio/7.0/toolchain/avr8/avr8-gnu-toolchain/bin/../lib/gcc/avr/5.4.0/../../../../avr/lib/avr5\libm.a(fp_cmp.o)
                              c:/program files (x86)/atmel/studio/7.0/toolchain/avr8/avr8-gnu-toolchain/bin/../lib/gcc/avr/5.4.0/../../../../avr/lib/avr5\libm.a(cmpsf2.o) (__fp_cmp)
c:/program files (x86)/atmel/studio/7.0/toolchain/avr8/avr8-gnu-toolchain/bin/../lib/gcc/avr/5.4.0/../../../../avr/lib/avr5\libm.a(fp_split3.o)
                              c:/program files (x86)/atmel/studio/7.0/toolchain/avr8/avr8-gnu-toolchain/bin/../lib/gcc/avr/5.4.0/../../../../avr/lib/avr5\libm.a(fixunssfsi.o) (__fp_splitA)
c:/program files (x86)/atmel/studio/7.0/toolchain/avr8/avr8-gnu-toolchain/bin/../lib/gcc/avr/5.4.0/../../../../avr/lib/avr5\libm.a(fp_zero.o)
                              c:/program files (x86)/atmel/studio/7.0/toolchain/avr8/avr8-gnu-toolchain/bin/../lib/gcc/avr/5.4.0/../../../../avr/lib/avr5\libm.a(fixunssfsi.o) (__fp_zero)
c:/program files (x86)/atmel/studio/7.0/toolchain/avr8/avr8-gnu-toolchain/bin/../lib/gcc/avr/5.4.0/../../../../avr/lib/avr5\libm.a(gesf2.o)
                              at24c128c.o (__gtsf2)
c:/program files (x86)/atmel/studio/7.0/toolchain/avr8/avr8-gnu-toolchain/bin/../lib/gcc/avr/5.4.0/../../../../avr/lib/avr5\libm.a(mulsf3.o)
                              at24c128c.o (__mulsf3)
c:/program files (x86)/atmel/studio/7.0/toolchain/avr8/avr8-gnu-toolchain/bin/../lib/gcc/avr/5.4.0/../../../../avr/lib/avr5\libm.a(mulsf3x.o)
                              c:/program files (x86)/atmel/studio/7.0/toolchain/avr8/avr8-gnu-toolchain/bin/../lib/gcc/avr/5.4.0/../../../../avr/lib/avr5\libm.a(mulsf3.o) (__mulsf3x)
c:/program files (x86)/atmel/studio/7.0/toolchain/avr8/avr8-gnu-toolchain/bin/../lib/gcc/avr/5.4.0/../../../../avr/lib/avr5\libm.a(fp_inf.o)
                              c:/program files (x86)/atmel/studio/7.0/toolchain/avr8/avr8-gnu-toolchain/bin/../lib/gcc/avr/5.4.0/../../../../avr/lib/avr5\libm.a(mulsf3x.o) (__fp_inf)
c:/program files (x86)/atmel/studio/7.0/toolchain/avr8/avr8-gnu-toolchain/bin/../lib/gcc/avr/5.4.0/../../../../avr/lib/avr5\libm.a(fp_nan.o)
                              c:/program files (x86)/atmel/studio/7.0/toolchain/avr8/avr8-gnu-toolchain/bin/../lib/gcc/avr/5.4.0/../../../../avr/lib/avr5\libm.a(mulsf3x.o) (__fp_nan)
c:/program files (x86)/atmel/studio/7.0/toolchain/avr8/avr8-gnu-toolchain/bin/../lib/gcc/avr/5.4.0/../../../../avr/lib/avr5\libm.a(fp_pscA.o)
                              c:/program files (x86)/atmel/studio/7.0/toolchain/avr8/avr8-gnu-toolchain/bin/../lib/gcc/avr/5.4.0/../../../../avr/lib/avr5\libm.a(mulsf3x.o) (__fp_pscA)
c:/program files (x86)/atmel/studio/7.0/toolchain/avr8/avr8-gnu-toolchain/bin/../lib/gcc/avr/5.4.0/../../../../avr/lib/avr5\libm.a(fp_pscB.o)
                              c:/program files (x86)/atmel/studio/7.0/toolchain/avr8/avr8-gnu-toolchain/bin/../lib/gcc/avr/5.4.0/../../../../avr/lib/avr5\libm.a(mulsf3x.o) (__fp_pscB)
c:/program files (x86)/atmel/studio/7.0/toolchain/avr8/avr8-gnu-toolchain/bin/../lib/gcc/avr/5.4.0/../../../../avr/lib/avr5\libm.a(fp_round.o)
                              c:/program files (x86)/atmel/studio/7.0/toolchain/avr8/avr8-gnu-toolchain/bin/../lib/gcc/avr/5.4.0/../../../../avr/lib/avr5\libm.a(mulsf3.o) (__fp_round)
c:/program files (x86)/atmel/studio/7.0/toolchain/avr8/avr8-gnu-toolchain/bin/../lib/gcc/avr/5.4.0/avr5\libgcc.a(_divmodhi4.o)
                              dgus.o (__divmodhi4)
c:/program files (x86)/atmel/studio/7.0/toolchain/avr8/avr8-gnu-toolchain/bin/../lib/gcc/avr/5.4.0/avr5\libgcc.a(_udivmodsi4.o)
                              twi.o (__udivmodsi4)
c:/program files (x86)/atmel/studio/7.0/toolchain/avr8/avr8-gnu-toolchain/bin/../lib/gcc/avr/5.4.0/avr5\libgcc.a(_exit.o)
                              C:/Program Files (x86)/Atmel/Studio/7.0/Packs/atmel/ATmega_DFP/1.2.209/gcc/dev/atmega64a/avr5/crtatmega64a.o (exit)
c:/program files (x86)/atmel/studio/7.0/toolchain/avr8/avr8-gnu-toolchain/bin/../lib/gcc/avr/5.4.0/avr5\libgcc.a(_tablejump2.o)
                              dgus.o (__tablejump2__)
c:/program files (x86)/atmel/studio/7.0/toolchain/avr8/avr8-gnu-toolchain/bin/../lib/gcc/avr/5.4.0/avr5\libgcc.a(_copy_data.o)
                              dgus.o (__do_copy_data)
c:/program files (x86)/atmel/studio/7.0/toolchain/avr8/avr8-gnu-toolchain/bin/../lib/gcc/avr/5.4.0/avr5\libgcc.a(_clear_bss.o)
                              at24c128c.o (__do_clear_bss)
c:/program files (x86)/atmel/studio/7.0/toolchain/avr8/avr8-gnu-toolchain/bin/../lib/gcc/avr/5.4.0/avr5\libgcc.a(_umulhisi3.o)
                              dgus.o (__umulhisi3)
c:/program files (x86)/atmel/studio/7.0/toolchain/avr8/avr8-gnu-toolchain/bin/../lib/gcc/avr/5.4.0/avr5\libgcc.a(_udivmodhi4.o)
                              c:/program files (x86)/atmel/studio/7.0/toolchain/avr8/avr8-gnu-toolchain/bin/../lib/gcc/avr/5.4.0/avr5\libgcc.a(_divmodhi4.o) (__udivmodhi4)
C:/Program Files (x86)/Atmel/Studio/7.0/Packs/atmel/ATmega_DFP/1.2.209/gcc/dev/atmega64a/avr5\libatmega64a.a(eerd_byte.o)
                              eeprom.o (eeprom_read_byte)
C:/Program Files (x86)/Atmel/Studio/7.0/Packs/atmel/ATmega_DFP/1.2.209/gcc/dev/atmega64a/avr5\libatmega64a.a(eerd_word.o)
                              eeprom.o (eeprom_read_word)
C:/Program Files (x86)/Atmel/Studio/7.0/Packs/atmel/ATmega_DFP/1.2.209/gcc/dev/atmega64a/avr5\libatmega64a.a(eewr_byte.o)
                              at24c128c.o (eeprom_write_byte)
C:/Program Files (x86)/Atmel/Studio/7.0/Packs/atmel/ATmega_DFP/1.2.209/gcc/dev/atmega64a/avr5\libatmega64a.a(eewr_word.o)
                              at24c128c.o (eeprom_write_word)
C:/Program Files (x86)/Atmel/Studio/7.0/Packs/atmel/ATmega_DFP/1.2.209/gcc/dev/atmega64a/avr5\libatmega64a.a(eerd_block.o)
                              C:/Program Files (x86)/Atmel/Studio/7.0/Packs/atmel/ATmega_DFP/1.2.209/gcc/dev/atmega64a/avr5\libatmega64a.a(eerd_word.o) (eeprom_read_blraw)

Allocating common symbols
Common symbol       size              file

template_eeaddr     0x58              at24c128c.o
time_ctrl_value     0x100             dgus.o
set_temp_buff       0x30              usart.o
d_value             0x30              dgus.o
p_value             0x30              dgus.o
i_value             0x30              dgus.o
template_structure  0x165             dgus.o
usart2_sta          0x1               usart.o
alarm_history       0x8c              dgus.o
set_name            0x60              dgus.o
time_ctrl_value_buff
                    0x100             usart.o
ctrl_command        0x14              timer.o
set_temp            0x30              dgus.o

Discarded input sections

 .data          0x00000000        0x0 C:/Program Files (x86)/Atmel/Studio/7.0/Packs/atmel/ATmega_DFP/1.2.209/gcc/dev/atmega64a/avr5/crtatmega64a.o
 .bss           0x00000000        0x0 C:/Program Files (x86)/Atmel/Studio/7.0/Packs/atmel/ATmega_DFP/1.2.209/gcc/dev/atmega64a/avr5/crtatmega64a.o
 .text          0x00000000        0x0 at24c128c.o
 .data          0x00000000        0x0 at24c128c.o
 .bss           0x00000000        0x0 at24c128c.o
 .text.write_sta_to_eeprom
                0x00000000       0x42 at24c128c.o
 .text          0x00000000        0x0 dgus.o
 .data          0x00000000        0x0 dgus.o
 .bss           0x00000000        0x0 dgus.o
 .bss.pre_sensor_sta
                0x00000000       0x18 dgus.o
 .text.all_set_back
                0x00000000      0x112 dgus.o
 .text.clear_menu_tip_icon
                0x00000000       0x3a dgus.o
 .text.update_menu_tip_icon
                0x00000000       0x38 dgus.o
 .text          0x00000000        0x0 eeprom.o
 .data          0x00000000        0x0 eeprom.o
 .bss           0x00000000        0x0 eeprom.o
 .text          0x00000000        0x0 gpio.o
 .data          0x00000000        0x0 gpio.o
 .bss           0x00000000        0x0 gpio.o
 .text          0x00000000        0x0 main.o
 .data          0x00000000        0x0 main.o
 .bss           0x00000000        0x0 main.o
 .text          0x00000000        0x0 timer.o
 .data          0x00000000        0x0 timer.o
 .bss           0x00000000        0x0 timer.o
 .bss.ctrl_index
                0x00000000        0x1 timer.o
 .bss.all_set_flag
                0x00000000        0x1 timer.o
 .bss.all_set_cnt
                0x00000000        0x1 timer.o
 COMMON         0x00000000       0x14 timer.o
 .text          0x00000000        0x0 twi.o
 .data          0x00000000        0x0 twi.o
 .bss           0x00000000        0x0 twi.o
 .text          0x00000000        0x0 usart.o
 .data          0x00000000        0x0 usart.o
 .bss           0x00000000        0x0 usart.o
 .data.all_temp_buff
                0x00000000        0x2 usart.o
 .data.preheat_time_buff
                0x00000000        0x2 usart.o
 .text          0x00000000        0x0 c:/program files (x86)/atmel/studio/7.0/toolchain/avr8/avr8-gnu-toolchain/bin/../lib/gcc/avr/5.4.0/../../../../avr/lib/avr5\libm.a(cmpsf2.o)
 .data          0x00000000        0x0 c:/program files (x86)/atmel/studio/7.0/toolchain/avr8/avr8-gnu-toolchain/bin/../lib/gcc/avr/5.4.0/../../../../avr/lib/avr5\libm.a(cmpsf2.o)
 .bss           0x00000000        0x0 c:/program files (x86)/atmel/studio/7.0/toolchain/avr8/avr8-gnu-toolchain/bin/../lib/gcc/avr/5.4.0/../../../../avr/lib/avr5\libm.a(cmpsf2.o)
 .text          0x00000000        0x0 c:/program files (x86)/atmel/studio/7.0/toolchain/avr8/avr8-gnu-toolchain/bin/../lib/gcc/avr/5.4.0/../../../../avr/lib/avr5\libm.a(fixunssfsi.o)
 .data          0x00000000        0x0 c:/program files (x86)/atmel/studio/7.0/toolchain/avr8/avr8-gnu-toolchain/bin/../lib/gcc/avr/5.4.0/../../../../avr/lib/avr5\libm.a(fixunssfsi.o)
 .bss           0x00000000        0x0 c:/program files (x86)/atmel/studio/7.0/toolchain/avr8/avr8-gnu-toolchain/bin/../lib/gcc/avr/5.4.0/../../../../avr/lib/avr5\libm.a(fixunssfsi.o)
 .text          0x00000000        0x0 c:/program files (x86)/atmel/studio/7.0/toolchain/avr8/avr8-gnu-toolchain/bin/../lib/gcc/avr/5.4.0/../../../../avr/lib/avr5\libm.a(fp_cmp.o)
 .data          0x00000000        0x0 c:/program files (x86)/atmel/studio/7.0/toolchain/avr8/avr8-gnu-toolchain/bin/../lib/gcc/avr/5.4.0/../../../../avr/lib/avr5\libm.a(fp_cmp.o)
 .bss           0x00000000        0x0 c:/program files (x86)/atmel/studio/7.0/toolchain/avr8/avr8-gnu-toolchain/bin/../lib/gcc/avr/5.4.0/../../../../avr/lib/avr5\libm.a(fp_cmp.o)
 .text          0x00000000        0x0 c:/program files (x86)/atmel/studio/7.0/toolchain/avr8/avr8-gnu-toolchain/bin/../lib/gcc/avr/5.4.0/../../../../avr/lib/avr5\libm.a(fp_split3.o)
 .data          0x00000000        0x0 c:/program files (x86)/atmel/studio/7.0/toolchain/avr8/avr8-gnu-toolchain/bin/../lib/gcc/avr/5.4.0/../../../../avr/lib/avr5\libm.a(fp_split3.o)
 .bss           0x00000000        0x0 c:/program files (x86)/atmel/studio/7.0/toolchain/avr8/avr8-gnu-toolchain/bin/../lib/gcc/avr/5.4.0/../../../../avr/lib/avr5\libm.a(fp_split3.o)
 .text          0x00000000        0x0 c:/program files (x86)/atmel/studio/7.0/toolchain/avr8/avr8-gnu-toolchain/bin/../lib/gcc/avr/5.4.0/../../../../avr/lib/avr5\libm.a(fp_zero.o)
 .data          0x00000000        0x0 c:/program files (x86)/atmel/studio/7.0/toolchain/avr8/avr8-gnu-toolchain/bin/../lib/gcc/avr/5.4.0/../../../../avr/lib/avr5\libm.a(fp_zero.o)
 .bss           0x00000000        0x0 c:/program files (x86)/atmel/studio/7.0/toolchain/avr8/avr8-gnu-toolchain/bin/../lib/gcc/avr/5.4.0/../../../../avr/lib/avr5\libm.a(fp_zero.o)
 .text          0x00000000        0x0 c:/program files (x86)/atmel/studio/7.0/toolchain/avr8/avr8-gnu-toolchain/bin/../lib/gcc/avr/5.4.0/../../../../avr/lib/avr5\libm.a(gesf2.o)
 .data          0x00000000        0x0 c:/program files (x86)/atmel/studio/7.0/toolchain/avr8/avr8-gnu-toolchain/bin/../lib/gcc/avr/5.4.0/../../../../avr/lib/avr5\libm.a(gesf2.o)
 .bss           0x00000000        0x0 c:/program files (x86)/atmel/studio/7.0/toolchain/avr8/avr8-gnu-toolchain/bin/../lib/gcc/avr/5.4.0/../../../../avr/lib/avr5\libm.a(gesf2.o)
 .text          0x00000000        0x0 c:/program files (x86)/atmel/studio/7.0/toolchain/avr8/avr8-gnu-toolchain/bin/../lib/gcc/avr/5.4.0/../../../../avr/lib/avr5\libm.a(mulsf3.o)
 .data          0x00000000        0x0 c:/program files (x86)/atmel/studio/7.0/toolchain/avr8/avr8-gnu-toolchain/bin/../lib/gcc/avr/5.4.0/../../../../avr/lib/avr5\libm.a(mulsf3.o)
 .bss           0x00000000        0x0 c:/program files (x86)/atmel/studio/7.0/toolchain/avr8/avr8-gnu-toolchain/bin/../lib/gcc/avr/5.4.0/../../../../avr/lib/avr5\libm.a(mulsf3.o)
 .text          0x00000000        0x0 c:/program files (x86)/atmel/studio/7.0/toolchain/avr8/avr8-gnu-toolchain/bin/../lib/gcc/avr/5.4.0/../../../../avr/lib/avr5\libm.a(mulsf3x.o)
 .data          0x00000000        0x0 c:/program files (x86)/atmel/studio/7.0/toolchain/avr8/avr8-gnu-toolchain/bin/../lib/gcc/avr/5.4.0/../../../../avr/lib/avr5\libm.a(mulsf3x.o)
 .bss           0x00000000        0x0 c:/program files (x86)/atmel/studio/7.0/toolchain/avr8/avr8-gnu-toolchain/bin/../lib/gcc/avr/5.4.0/../../../../avr/lib/avr5\libm.a(mulsf3x.o)
 .text          0x00000000        0x0 c:/program files (x86)/atmel/studio/7.0/toolchain/avr8/avr8-gnu-toolchain/bin/../lib/gcc/avr/5.4.0/../../../../avr/lib/avr5\libm.a(fp_inf.o)
 .data          0x00000000        0x0 c:/program files (x86)/atmel/studio/7.0/toolchain/avr8/avr8-gnu-toolchain/bin/../lib/gcc/avr/5.4.0/../../../../avr/lib/avr5\libm.a(fp_inf.o)
 .bss           0x00000000        0x0 c:/program files (x86)/atmel/studio/7.0/toolchain/avr8/avr8-gnu-toolchain/bin/../lib/gcc/avr/5.4.0/../../../../avr/lib/avr5\libm.a(fp_inf.o)
 .text          0x00000000        0x0 c:/program files (x86)/atmel/studio/7.0/toolchain/avr8/avr8-gnu-toolchain/bin/../lib/gcc/avr/5.4.0/../../../../avr/lib/avr5\libm.a(fp_nan.o)
 .data          0x00000000        0x0 c:/program files (x86)/atmel/studio/7.0/toolchain/avr8/avr8-gnu-toolchain/bin/../lib/gcc/avr/5.4.0/../../../../avr/lib/avr5\libm.a(fp_nan.o)
 .bss           0x00000000        0x0 c:/program files (x86)/atmel/studio/7.0/toolchain/avr8/avr8-gnu-toolchain/bin/../lib/gcc/avr/5.4.0/../../../../avr/lib/avr5\libm.a(fp_nan.o)
 .text          0x00000000        0x0 c:/program files (x86)/atmel/studio/7.0/toolchain/avr8/avr8-gnu-toolchain/bin/../lib/gcc/avr/5.4.0/../../../../avr/lib/avr5\libm.a(fp_pscA.o)
 .data          0x00000000        0x0 c:/program files (x86)/atmel/studio/7.0/toolchain/avr8/avr8-gnu-toolchain/bin/../lib/gcc/avr/5.4.0/../../../../avr/lib/avr5\libm.a(fp_pscA.o)
 .bss           0x00000000        0x0 c:/program files (x86)/atmel/studio/7.0/toolchain/avr8/avr8-gnu-toolchain/bin/../lib/gcc/avr/5.4.0/../../../../avr/lib/avr5\libm.a(fp_pscA.o)
 .text          0x00000000        0x0 c:/program files (x86)/atmel/studio/7.0/toolchain/avr8/avr8-gnu-toolchain/bin/../lib/gcc/avr/5.4.0/../../../../avr/lib/avr5\libm.a(fp_pscB.o)
 .data          0x00000000        0x0 c:/program files (x86)/atmel/studio/7.0/toolchain/avr8/avr8-gnu-toolchain/bin/../lib/gcc/avr/5.4.0/../../../../avr/lib/avr5\libm.a(fp_pscB.o)
 .bss           0x00000000        0x0 c:/program files (x86)/atmel/studio/7.0/toolchain/avr8/avr8-gnu-toolchain/bin/../lib/gcc/avr/5.4.0/../../../../avr/lib/avr5\libm.a(fp_pscB.o)
 .text          0x00000000        0x0 c:/program files (x86)/atmel/studio/7.0/toolchain/avr8/avr8-gnu-toolchain/bin/../lib/gcc/avr/5.4.0/../../../../avr/lib/avr5\libm.a(fp_round.o)
 .data          0x00000000        0x0 c:/program files (x86)/atmel/studio/7.0/toolchain/avr8/avr8-gnu-toolchain/bin/../lib/gcc/avr/5.4.0/../../../../avr/lib/avr5\libm.a(fp_round.o)
 .bss           0x00000000        0x0 c:/program files (x86)/atmel/studio/7.0/toolchain/avr8/avr8-gnu-toolchain/bin/../lib/gcc/avr/5.4.0/../../../../avr/lib/avr5\libm.a(fp_round.o)
 .text          0x00000000        0x0 c:/program files (x86)/atmel/studio/7.0/toolchain/avr8/avr8-gnu-toolchain/bin/../lib/gcc/avr/5.4.0/avr5\libgcc.a(_divmodhi4.o)
 .data          0x00000000        0x0 c:/program files (x86)/atmel/studio/7.0/toolchain/avr8/avr8-gnu-toolchain/bin/../lib/gcc/avr/5.4.0/avr5\libgcc.a(_divmodhi4.o)
 .bss           0x00000000        0x0 c:/program files (x86)/atmel/studio/7.0/toolchain/avr8/avr8-gnu-toolchain/bin/../lib/gcc/avr/5.4.0/avr5\libgcc.a(_divmodhi4.o)
 .text.libgcc.mul
                0x00000000        0x0 c:/program files (x86)/atmel/studio/7.0/toolchain/avr8/avr8-gnu-toolchain/bin/../lib/gcc/avr/5.4.0/avr5\libgcc.a(_divmodhi4.o)
 .text.libgcc   0x00000000        0x0 c:/program files (x86)/atmel/studio/7.0/toolchain/avr8/avr8-gnu-toolchain/bin/../lib/gcc/avr/5.4.0/avr5\libgcc.a(_divmodhi4.o)
 .text.libgcc.prologue
                0x00000000        0x0 c:/program files (x86)/atmel/studio/7.0/toolchain/avr8/avr8-gnu-toolchain/bin/../lib/gcc/avr/5.4.0/avr5\libgcc.a(_divmodhi4.o)
 .text.libgcc.builtins
                0x00000000        0x0 c:/program files (x86)/atmel/studio/7.0/toolchain/avr8/avr8-gnu-toolchain/bin/../lib/gcc/avr/5.4.0/avr5\libgcc.a(_divmodhi4.o)
 .text.libgcc.fmul
                0x00000000        0x0 c:/program files (x86)/atmel/studio/7.0/toolchain/avr8/avr8-gnu-toolchain/bin/../lib/gcc/avr/5.4.0/avr5\libgcc.a(_divmodhi4.o)
 .text.libgcc.fixed
                0x00000000        0x0 c:/program files (x86)/atmel/studio/7.0/toolchain/avr8/avr8-gnu-toolchain/bin/../lib/gcc/avr/5.4.0/avr5\libgcc.a(_divmodhi4.o)
 .text          0x00000000        0x0 c:/program files (x86)/atmel/studio/7.0/toolchain/avr8/avr8-gnu-toolchain/bin/../lib/gcc/avr/5.4.0/avr5\libgcc.a(_udivmodsi4.o)
 .data          0x00000000        0x0 c:/program files (x86)/atmel/studio/7.0/toolchain/avr8/avr8-gnu-toolchain/bin/../lib/gcc/avr/5.4.0/avr5\libgcc.a(_udivmodsi4.o)
 .bss           0x00000000        0x0 c:/program files (x86)/atmel/studio/7.0/toolchain/avr8/avr8-gnu-toolchain/bin/../lib/gcc/avr/5.4.0/avr5\libgcc.a(_udivmodsi4.o)
 .text.libgcc.mul
                0x00000000        0x0 c:/program files (x86)/atmel/studio/7.0/toolchain/avr8/avr8-gnu-toolchain/bin/../lib/gcc/avr/5.4.0/avr5\libgcc.a(_udivmodsi4.o)
 .text.libgcc   0x00000000        0x0 c:/program files (x86)/atmel/studio/7.0/toolchain/avr8/avr8-gnu-toolchain/bin/../lib/gcc/avr/5.4.0/avr5\libgcc.a(_udivmodsi4.o)
 .text.libgcc.prologue
                0x00000000        0x0 c:/program files (x86)/atmel/studio/7.0/toolchain/avr8/avr8-gnu-toolchain/bin/../lib/gcc/avr/5.4.0/avr5\libgcc.a(_udivmodsi4.o)
 .text.libgcc.builtins
                0x00000000        0x0 c:/program files (x86)/atmel/studio/7.0/toolchain/avr8/avr8-gnu-toolchain/bin/../lib/gcc/avr/5.4.0/avr5\libgcc.a(_udivmodsi4.o)
 .text.libgcc.fmul
                0x00000000        0x0 c:/program files (x86)/atmel/studio/7.0/toolchain/avr8/avr8-gnu-toolchain/bin/../lib/gcc/avr/5.4.0/avr5\libgcc.a(_udivmodsi4.o)
 .text.libgcc.fixed
                0x00000000        0x0 c:/program files (x86)/atmel/studio/7.0/toolchain/avr8/avr8-gnu-toolchain/bin/../lib/gcc/avr/5.4.0/avr5\libgcc.a(_udivmodsi4.o)
 .text          0x00000000        0x0 c:/program files (x86)/atmel/studio/7.0/toolchain/avr8/avr8-gnu-toolchain/bin/../lib/gcc/avr/5.4.0/avr5\libgcc.a(_exit.o)
 .data          0x00000000        0x0 c:/program files (x86)/atmel/studio/7.0/toolchain/avr8/avr8-gnu-toolchain/bin/../lib/gcc/avr/5.4.0/avr5\libgcc.a(_exit.o)
 .bss           0x00000000        0x0 c:/program files (x86)/atmel/studio/7.0/toolchain/avr8/avr8-gnu-toolchain/bin/../lib/gcc/avr/5.4.0/avr5\libgcc.a(_exit.o)
 .text.libgcc.mul
                0x00000000        0x0 c:/program files (x86)/atmel/studio/7.0/toolchain/avr8/avr8-gnu-toolchain/bin/../lib/gcc/avr/5.4.0/avr5\libgcc.a(_exit.o)
 .text.libgcc.div
                0x00000000        0x0 c:/program files (x86)/atmel/studio/7.0/toolchain/avr8/avr8-gnu-toolchain/bin/../lib/gcc/avr/5.4.0/avr5\libgcc.a(_exit.o)
 .text.libgcc   0x00000000        0x0 c:/program files (x86)/atmel/studio/7.0/toolchain/avr8/avr8-gnu-toolchain/bin/../lib/gcc/avr/5.4.0/avr5\libgcc.a(_exit.o)
 .text.libgcc.prologue
                0x00000000        0x0 c:/program files (x86)/atmel/studio/7.0/toolchain/avr8/avr8-gnu-toolchain/bin/../lib/gcc/avr/5.4.0/avr5\libgcc.a(_exit.o)
 .text.libgcc.builtins
                0x00000000        0x0 c:/program files (x86)/atmel/studio/7.0/toolchain/avr8/avr8-gnu-toolchain/bin/../lib/gcc/avr/5.4.0/avr5\libgcc.a(_exit.o)
 .text.libgcc.fmul
                0x00000000        0x0 c:/program files (x86)/atmel/studio/7.0/toolchain/avr8/avr8-gnu-toolchain/bin/../lib/gcc/avr/5.4.0/avr5\libgcc.a(_exit.o)
 .text.libgcc.fixed
                0x00000000        0x0 c:/program files (x86)/atmel/studio/7.0/toolchain/avr8/avr8-gnu-toolchain/bin/../lib/gcc/avr/5.4.0/avr5\libgcc.a(_exit.o)
 .text          0x00000000        0x0 c:/program files (x86)/atmel/studio/7.0/toolchain/avr8/avr8-gnu-toolchain/bin/../lib/gcc/avr/5.4.0/avr5\libgcc.a(_tablejump2.o)
 .data          0x00000000        0x0 c:/program files (x86)/atmel/studio/7.0/toolchain/avr8/avr8-gnu-toolchain/bin/../lib/gcc/avr/5.4.0/avr5\libgcc.a(_tablejump2.o)
 .bss           0x00000000        0x0 c:/program files (x86)/atmel/studio/7.0/toolchain/avr8/avr8-gnu-toolchain/bin/../lib/gcc/avr/5.4.0/avr5\libgcc.a(_tablejump2.o)
 .text.libgcc.mul
                0x00000000        0x0 c:/program files (x86)/atmel/studio/7.0/toolchain/avr8/avr8-gnu-toolchain/bin/../lib/gcc/avr/5.4.0/avr5\libgcc.a(_tablejump2.o)
 .text.libgcc.div
                0x00000000        0x0 c:/program files (x86)/atmel/studio/7.0/toolchain/avr8/avr8-gnu-toolchain/bin/../lib/gcc/avr/5.4.0/avr5\libgcc.a(_tablejump2.o)
 .text.libgcc.prologue
                0x00000000        0x0 c:/program files (x86)/atmel/studio/7.0/toolchain/avr8/avr8-gnu-toolchain/bin/../lib/gcc/avr/5.4.0/avr5\libgcc.a(_tablejump2.o)
 .text.libgcc.builtins
                0x00000000        0x0 c:/program files (x86)/atmel/studio/7.0/toolchain/avr8/avr8-gnu-toolchain/bin/../lib/gcc/avr/5.4.0/avr5\libgcc.a(_tablejump2.o)
 .text.libgcc.fmul
                0x00000000        0x0 c:/program files (x86)/atmel/studio/7.0/toolchain/avr8/avr8-gnu-toolchain/bin/../lib/gcc/avr/5.4.0/avr5\libgcc.a(_tablejump2.o)
 .text.libgcc.fixed
                0x00000000        0x0 c:/program files (x86)/atmel/studio/7.0/toolchain/avr8/avr8-gnu-toolchain/bin/../lib/gcc/avr/5.4.0/avr5\libgcc.a(_tablejump2.o)
 .text          0x00000000        0x0 c:/program files (x86)/atmel/studio/7.0/toolchain/avr8/avr8-gnu-toolchain/bin/../lib/gcc/avr/5.4.0/avr5\libgcc.a(_copy_data.o)
 .data          0x00000000        0x0 c:/program files (x86)/atmel/studio/7.0/toolchain/avr8/avr8-gnu-toolchain/bin/../lib/gcc/avr/5.4.0/avr5\libgcc.a(_copy_data.o)
 .bss           0x00000000        0x0 c:/program files (x86)/atmel/studio/7.0/toolchain/avr8/avr8-gnu-toolchain/bin/../lib/gcc/avr/5.4.0/avr5\libgcc.a(_copy_data.o)
 .text.libgcc.mul
                0x00000000        0x0 c:/program files (x86)/atmel/studio/7.0/toolchain/avr8/avr8-gnu-toolchain/bin/../lib/gcc/avr/5.4.0/avr5\libgcc.a(_copy_data.o)
 .text.libgcc.div
                0x00000000        0x0 c:/program files (x86)/atmel/studio/7.0/toolchain/avr8/avr8-gnu-toolchain/bin/../lib/gcc/avr/5.4.0/avr5\libgcc.a(_copy_data.o)
 .text.libgcc   0x00000000        0x0 c:/program files (x86)/atmel/studio/7.0/toolchain/avr8/avr8-gnu-toolchain/bin/../lib/gcc/avr/5.4.0/avr5\libgcc.a(_copy_data.o)
 .text.libgcc.prologue
                0x00000000        0x0 c:/program files (x86)/atmel/studio/7.0/toolchain/avr8/avr8-gnu-toolchain/bin/../lib/gcc/avr/5.4.0/avr5\libgcc.a(_copy_data.o)
 .text.libgcc.builtins
                0x00000000        0x0 c:/program files (x86)/atmel/studio/7.0/toolchain/avr8/avr8-gnu-toolchain/bin/../lib/gcc/avr/5.4.0/avr5\libgcc.a(_copy_data.o)
 .text.libgcc.fmul
                0x00000000        0x0 c:/program files (x86)/atmel/studio/7.0/toolchain/avr8/avr8-gnu-toolchain/bin/../lib/gcc/avr/5.4.0/avr5\libgcc.a(_copy_data.o)
 .text.libgcc.fixed
                0x00000000        0x0 c:/program files (x86)/atmel/studio/7.0/toolchain/avr8/avr8-gnu-toolchain/bin/../lib/gcc/avr/5.4.0/avr5\libgcc.a(_copy_data.o)
 .text          0x00000000        0x0 c:/program files (x86)/atmel/studio/7.0/toolchain/avr8/avr8-gnu-toolchain/bin/../lib/gcc/avr/5.4.0/avr5\libgcc.a(_clear_bss.o)
 .data          0x00000000        0x0 c:/program files (x86)/atmel/studio/7.0/toolchain/avr8/avr8-gnu-toolchain/bin/../lib/gcc/avr/5.4.0/avr5\libgcc.a(_clear_bss.o)
 .bss           0x00000000        0x0 c:/program files (x86)/atmel/studio/7.0/toolchain/avr8/avr8-gnu-toolchain/bin/../lib/gcc/avr/5.4.0/avr5\libgcc.a(_clear_bss.o)
 .text.libgcc.mul
                0x00000000        0x0 c:/program files (x86)/atmel/studio/7.0/toolchain/avr8/avr8-gnu-toolchain/bin/../lib/gcc/avr/5.4.0/avr5\libgcc.a(_clear_bss.o)
 .text.libgcc.div
                0x00000000        0x0 c:/program files (x86)/atmel/studio/7.0/toolchain/avr8/avr8-gnu-toolchain/bin/../lib/gcc/avr/5.4.0/avr5\libgcc.a(_clear_bss.o)
 .text.libgcc   0x00000000        0x0 c:/program files (x86)/atmel/studio/7.0/toolchain/avr8/avr8-gnu-toolchain/bin/../lib/gcc/avr/5.4.0/avr5\libgcc.a(_clear_bss.o)
 .text.libgcc.prologue
                0x00000000        0x0 c:/program files (x86)/atmel/studio/7.0/toolchain/avr8/avr8-gnu-toolchain/bin/../lib/gcc/avr/5.4.0/avr5\libgcc.a(_clear_bss.o)
 .text.libgcc.builtins
                0x00000000        0x0 c:/program files (x86)/atmel/studio/7.0/toolchain/avr8/avr8-gnu-toolchain/bin/../lib/gcc/avr/5.4.0/avr5\libgcc.a(_clear_bss.o)
 .text.libgcc.fmul
                0x00000000        0x0 c:/program files (x86)/atmel/studio/7.0/toolchain/avr8/avr8-gnu-toolchain/bin/../lib/gcc/avr/5.4.0/avr5\libgcc.a(_clear_bss.o)
 .text.libgcc.fixed
                0x00000000        0x0 c:/program files (x86)/atmel/studio/7.0/toolchain/avr8/avr8-gnu-toolchain/bin/../lib/gcc/avr/5.4.0/avr5\libgcc.a(_clear_bss.o)
 .text          0x00000000        0x0 c:/program files (x86)/atmel/studio/7.0/toolchain/avr8/avr8-gnu-toolchain/bin/../lib/gcc/avr/5.4.0/avr5\libgcc.a(_umulhisi3.o)
 .data          0x00000000        0x0 c:/program files (x86)/atmel/studio/7.0/toolchain/avr8/avr8-gnu-toolchain/bin/../lib/gcc/avr/5.4.0/avr5\libgcc.a(_umulhisi3.o)
 .bss           0x00000000        0x0 c:/program files (x86)/atmel/studio/7.0/toolchain/avr8/avr8-gnu-toolchain/bin/../lib/gcc/avr/5.4.0/avr5\libgcc.a(_umulhisi3.o)
 .text.libgcc.div
                0x00000000        0x0 c:/program files (x86)/atmel/studio/7.0/toolchain/avr8/avr8-gnu-toolchain/bin/../lib/gcc/avr/5.4.0/avr5\libgcc.a(_umulhisi3.o)
 .text.libgcc   0x00000000        0x0 c:/program files (x86)/atmel/studio/7.0/toolchain/avr8/avr8-gnu-toolchain/bin/../lib/gcc/avr/5.4.0/avr5\libgcc.a(_umulhisi3.o)
 .text.libgcc.prologue
                0x00000000        0x0 c:/program files (x86)/atmel/studio/7.0/toolchain/avr8/avr8-gnu-toolchain/bin/../lib/gcc/avr/5.4.0/avr5\libgcc.a(_umulhisi3.o)
 .text.libgcc.builtins
                0x00000000        0x0 c:/program files (x86)/atmel/studio/7.0/toolchain/avr8/avr8-gnu-toolchain/bin/../lib/gcc/avr/5.4.0/avr5\libgcc.a(_umulhisi3.o)
 .text.libgcc.fmul
                0x00000000        0x0 c:/program files (x86)/atmel/studio/7.0/toolchain/avr8/avr8-gnu-toolchain/bin/../lib/gcc/avr/5.4.0/avr5\libgcc.a(_umulhisi3.o)
 .text.libgcc.fixed
                0x00000000        0x0 c:/program files (x86)/atmel/studio/7.0/toolchain/avr8/avr8-gnu-toolchain/bin/../lib/gcc/avr/5.4.0/avr5\libgcc.a(_umulhisi3.o)
 .text          0x00000000        0x0 c:/program files (x86)/atmel/studio/7.0/toolchain/avr8/avr8-gnu-toolchain/bin/../lib/gcc/avr/5.4.0/avr5\libgcc.a(_udivmodhi4.o)
 .data          0x00000000        0x0 c:/program files (x86)/atmel/studio/7.0/toolchain/avr8/avr8-gnu-toolchain/bin/../lib/gcc/avr/5.4.0/avr5\libgcc.a(_udivmodhi4.o)
 .bss           0x00000000        0x0 c:/program files (x86)/atmel/studio/7.0/toolchain/avr8/avr8-gnu-toolchain/bin/../lib/gcc/avr/5.4.0/avr5\libgcc.a(_udivmodhi4.o)
 .text.libgcc.mul
                0x00000000        0x0 c:/program files (x86)/atmel/studio/7.0/toolchain/avr8/avr8-gnu-toolchain/bin/../lib/gcc/avr/5.4.0/avr5\libgcc.a(_udivmodhi4.o)
 .text.libgcc   0x00000000        0x0 c:/program files (x86)/atmel/studio/7.0/toolchain/avr8/avr8-gnu-toolchain/bin/../lib/gcc/avr/5.4.0/avr5\libgcc.a(_udivmodhi4.o)
 .text.libgcc.prologue
                0x00000000        0x0 c:/program files (x86)/atmel/studio/7.0/toolchain/avr8/avr8-gnu-toolchain/bin/../lib/gcc/avr/5.4.0/avr5\libgcc.a(_udivmodhi4.o)
 .text.libgcc.builtins
                0x00000000        0x0 c:/program files (x86)/atmel/studio/7.0/toolchain/avr8/avr8-gnu-toolchain/bin/../lib/gcc/avr/5.4.0/avr5\libgcc.a(_udivmodhi4.o)
 .text.libgcc.fmul
                0x00000000        0x0 c:/program files (x86)/atmel/studio/7.0/toolchain/avr8/avr8-gnu-toolchain/bin/../lib/gcc/avr/5.4.0/avr5\libgcc.a(_udivmodhi4.o)
 .text.libgcc.fixed
                0x00000000        0x0 c:/program files (x86)/atmel/studio/7.0/toolchain/avr8/avr8-gnu-toolchain/bin/../lib/gcc/avr/5.4.0/avr5\libgcc.a(_udivmodhi4.o)
 .text          0x00000000        0x0 C:/Program Files (x86)/Atmel/Studio/7.0/Packs/atmel/ATmega_DFP/1.2.209/gcc/dev/atmega64a/avr5\libatmega64a.a(eerd_byte.o)
 .data          0x00000000        0x0 C:/Program Files (x86)/Atmel/Studio/7.0/Packs/atmel/ATmega_DFP/1.2.209/gcc/dev/atmega64a/avr5\libatmega64a.a(eerd_byte.o)
 .bss           0x00000000        0x0 C:/Program Files (x86)/Atmel/Studio/7.0/Packs/atmel/ATmega_DFP/1.2.209/gcc/dev/atmega64a/avr5\libatmega64a.a(eerd_byte.o)
 .text          0x00000000        0x0 C:/Program Files (x86)/Atmel/Studio/7.0/Packs/atmel/ATmega_DFP/1.2.209/gcc/dev/atmega64a/avr5\libatmega64a.a(eerd_word.o)
 .data          0x00000000        0x0 C:/Program Files (x86)/Atmel/Studio/7.0/Packs/atmel/ATmega_DFP/1.2.209/gcc/dev/atmega64a/avr5\libatmega64a.a(eerd_word.o)
 .bss           0x00000000        0x0 C:/Program Files (x86)/Atmel/Studio/7.0/Packs/atmel/ATmega_DFP/1.2.209/gcc/dev/atmega64a/avr5\libatmega64a.a(eerd_word.o)
 .text          0x00000000        0x0 C:/Program Files (x86)/Atmel/Studio/7.0/Packs/atmel/ATmega_DFP/1.2.209/gcc/dev/atmega64a/avr5\libatmega64a.a(eewr_byte.o)
 .data          0x00000000        0x0 C:/Program Files (x86)/Atmel/Studio/7.0/Packs/atmel/ATmega_DFP/1.2.209/gcc/dev/atmega64a/avr5\libatmega64a.a(eewr_byte.o)
 .bss           0x00000000        0x0 C:/Program Files (x86)/Atmel/Studio/7.0/Packs/atmel/ATmega_DFP/1.2.209/gcc/dev/atmega64a/avr5\libatmega64a.a(eewr_byte.o)
 .text          0x00000000        0x0 C:/Program Files (x86)/Atmel/Studio/7.0/Packs/atmel/ATmega_DFP/1.2.209/gcc/dev/atmega64a/avr5\libatmega64a.a(eewr_word.o)
 .data          0x00000000        0x0 C:/Program Files (x86)/Atmel/Studio/7.0/Packs/atmel/ATmega_DFP/1.2.209/gcc/dev/atmega64a/avr5\libatmega64a.a(eewr_word.o)
 .bss           0x00000000        0x0 C:/Program Files (x86)/Atmel/Studio/7.0/Packs/atmel/ATmega_DFP/1.2.209/gcc/dev/atmega64a/avr5\libatmega64a.a(eewr_word.o)
 .text          0x00000000        0x0 C:/Program Files (x86)/Atmel/Studio/7.0/Packs/atmel/ATmega_DFP/1.2.209/gcc/dev/atmega64a/avr5\libatmega64a.a(eerd_block.o)
 .data          0x00000000        0x0 C:/Program Files (x86)/Atmel/Studio/7.0/Packs/atmel/ATmega_DFP/1.2.209/gcc/dev/atmega64a/avr5\libatmega64a.a(eerd_block.o)
 .bss           0x00000000        0x0 C:/Program Files (x86)/Atmel/Studio/7.0/Packs/atmel/ATmega_DFP/1.2.209/gcc/dev/atmega64a/avr5\libatmega64a.a(eerd_block.o)

Memory Configuration

Name             Origin             Length             Attributes
text             0x00000000         0x00020000         xr
data             0x00800060         0x0000ffa0         rw !x
eeprom           0x00810000         0x00010000         rw !x
fuse             0x00820000         0x00000003         rw !x
lock             0x00830000         0x00000400         rw !x
signature        0x00840000         0x00000400         rw !x
user_signatures  0x00850000         0x00000400         rw !x
*default*        0x00000000         0xffffffff

Linker script and memory map

Address of section .data set to 0x800100
LOAD C:/Program Files (x86)/Atmel/Studio/7.0/Packs/atmel/ATmega_DFP/1.2.209/gcc/dev/atmega64a/avr5/crtatmega64a.o
LOAD at24c128c.o
LOAD dgus.o
LOAD eeprom.o
LOAD gpio.o
LOAD main.o
LOAD timer.o
LOAD twi.o
LOAD usart.o
START GROUP
LOAD c:/program files (x86)/atmel/studio/7.0/toolchain/avr8/avr8-gnu-toolchain/bin/../lib/gcc/avr/5.4.0/../../../../avr/lib/avr5\libm.a
END GROUP
START GROUP
LOAD c:/program files (x86)/atmel/studio/7.0/toolchain/avr8/avr8-gnu-toolchain/bin/../lib/gcc/avr/5.4.0/avr5\libgcc.a
LOAD c:/program files (x86)/atmel/studio/7.0/toolchain/avr8/avr8-gnu-toolchain/bin/../lib/gcc/avr/5.4.0/../../../../avr/lib/avr5\libm.a
LOAD c:/program files (x86)/atmel/studio/7.0/toolchain/avr8/avr8-gnu-toolchain/bin/../lib/gcc/avr/5.4.0/../../../../avr/lib/avr5\libc.a
LOAD C:/Program Files (x86)/Atmel/Studio/7.0/Packs/atmel/ATmega_DFP/1.2.209/gcc/dev/atmega64a/avr5\libatmega64a.a
END GROUP
                0x00020000                __TEXT_REGION_LENGTH__ = DEFINED (__TEXT_REGION_LENGTH__)?__TEXT_REGION_LENGTH__:0x20000
                0x0000ffa0                __DATA_REGION_LENGTH__ = DEFINED (__DATA_REGION_LENGTH__)?__DATA_REGION_LENGTH__:0xffa0
                0x00010000                __EEPROM_REGION_LENGTH__ = DEFINED (__EEPROM_REGION_LENGTH__)?__EEPROM_REGION_LENGTH__:0x10000
                [0x00000003]                __FUSE_REGION_LENGTH__ = DEFINED (__FUSE_REGION_LENGTH__)?__FUSE_REGION_LENGTH__:0x400
                0x00000400                __LOCK_REGION_LENGTH__ = DEFINED (__LOCK_REGION_LENGTH__)?__LOCK_REGION_LENGTH__:0x400
                0x00000400                __SIGNATURE_REGION_LENGTH__ = DEFINED (__SIGNATURE_REGION_LENGTH__)?__SIGNATURE_REGION_LENGTH__:0x400
                0x00000400                __USER_SIGNATURE_REGION_LENGTH__ = DEFINED (__USER_SIGNATURE_REGION_LENGTH__)?__USER_SIGNATURE_REGION_LENGTH__:0x400

.hash
 *(.hash)

.dynsym
 *(.dynsym)

.dynstr
 *(.dynstr)

.gnu.version
 *(.gnu.version)

.gnu.version_d
 *(.gnu.version_d)

.gnu.version_r
 *(.gnu.version_r)

.rel.init
 *(.rel.init)

.rela.init
 *(.rela.init)

.rel.text
 *(.rel.text)
 *(.rel.text.*)
 *(.rel.gnu.linkonce.t*)

.rela.text
 *(.rela.text)
 *(.rela.text.*)
 *(.rela.gnu.linkonce.t*)

.rel.fini
 *(.rel.fini)

.rela.fini
 *(.rela.fini)

.rel.rodata
 *(.rel.rodata)
 *(.rel.rodata.*)
 *(.rel.gnu.linkonce.r*)

.rela.rodata
 *(.rela.rodata)
 *(.rela.rodata.*)
 *(.rela.gnu.linkonce.r*)

.rel.data
 *(.rel.data)
 *(.rel.data.*)
 *(.rel.gnu.linkonce.d*)

.rela.data
 *(.rela.data)
 *(.rela.data.*)
 *(.rela.gnu.linkonce.d*)

.rel.ctors
 *(.rel.ctors)

.rela.ctors
 *(.rela.ctors)

.rel.dtors
 *(.rel.dtors)

.rela.dtors
 *(.rela.dtors)

.rel.got
 *(.rel.got)

.rela.got
 *(.rela.got)

.rel.bss
 *(.rel.bss)

.rela.bss
 *(.rela.bss)

.rel.plt
 *(.rel.plt)

.rela.plt
 *(.rela.plt)

.text           0x00000000     0x7a20
 *(.vectors)
 .vectors       0x00000000       0x8c C:/Program Files (x86)/Atmel/Studio/7.0/Packs/atmel/ATmega_DFP/1.2.209/gcc/dev/atmega64a/avr5/crtatmega64a.o
                0x00000000                __vector_default
                0x00000000                __vectors
 *(.vectors)
 *(.progmem.gcc*)
 .progmem.gcc_sw_table.key_action
                0x0000008c       0xa6 dgus.o
 .progmem.gcc_sw_table.usart0_deal
                0x00000132      0x402 usart.o
                0x00000534                . = ALIGN (0x2)
                0x00000534                __trampolines_start = .
 *(.trampolines)
 .trampolines   0x00000534        0x0 linker stubs
 *(.trampolines*)
                0x00000534                __trampolines_end = .
 *libprintf_flt.a:*(.progmem.data)
 *libc.a:*(.progmem.data)
 *(.progmem*)
                0x00000534                . = ALIGN (0x2)
 *(.jumptables)
 *(.jumptables*)
 *(.lowtext)
 *(.lowtext*)
                0x00000534                __ctors_start = .
 *(.ctors)
                0x00000534                __ctors_end = .
                0x00000534                __dtors_start = .
 *(.dtors)
                0x00000534                __dtors_end = .
 SORT(*)(.ctors)
 SORT(*)(.dtors)
 *(.init0)
 .init0         0x00000534        0x0 C:/Program Files (x86)/Atmel/Studio/7.0/Packs/atmel/ATmega_DFP/1.2.209/gcc/dev/atmega64a/avr5/crtatmega64a.o
                0x00000534                __init
 *(.init0)
 *(.init1)
 *(.init1)
 *(.init2)
 .init2         0x00000534        0xc C:/Program Files (x86)/Atmel/Studio/7.0/Packs/atmel/ATmega_DFP/1.2.209/gcc/dev/atmega64a/avr5/crtatmega64a.o
 *(.init2)
 *(.init3)
 *(.init3)
 *(.init4)
 .init4         0x00000540       0x16 c:/program files (x86)/atmel/studio/7.0/toolchain/avr8/avr8-gnu-toolchain/bin/../lib/gcc/avr/5.4.0/avr5\libgcc.a(_copy_data.o)
                0x00000540                __do_copy_data
 .init4         0x00000556       0x10 c:/program files (x86)/atmel/studio/7.0/toolchain/avr8/avr8-gnu-toolchain/bin/../lib/gcc/avr/5.4.0/avr5\libgcc.a(_clear_bss.o)
                0x00000556                __do_clear_bss
 *(.init4)
 *(.init5)
 *(.init5)
 *(.init6)
 *(.init6)
 *(.init7)
 *(.init7)
 *(.init8)
 *(.init8)
 *(.init9)
 .init9         0x00000566        0x8 C:/Program Files (x86)/Atmel/Studio/7.0/Packs/atmel/ATmega_DFP/1.2.209/gcc/dev/atmega64a/avr5/crtatmega64a.o
 *(.init9)
 *(.text)
 .text          0x0000056e        0x2 C:/Program Files (x86)/Atmel/Studio/7.0/Packs/atmel/ATmega_DFP/1.2.209/gcc/dev/atmega64a/avr5/crtatmega64a.o
                0x0000056e                __vector_22
                0x0000056e                __vector_28
                0x0000056e                __vector_1
                0x0000056e                __vector_32
                0x0000056e                __vector_34
                0x0000056e                __vector_24
                0x0000056e                __bad_interrupt
                0x0000056e                __vector_6
                0x0000056e                __vector_31
                0x0000056e                __vector_3
                0x0000056e                __vector_23
                0x0000056e                __vector_25
                0x0000056e                __vector_11
                0x0000056e                __vector_13
                0x0000056e                __vector_17
                0x0000056e                __vector_19
                0x0000056e                __vector_7
                0x0000056e                __vector_27
                0x0000056e                __vector_5
                0x0000056e                __vector_33
                0x0000056e                __vector_4
                0x0000056e                __vector_9
                0x0000056e                __vector_2
                0x0000056e                __vector_21
                0x0000056e                __vector_15
                0x0000056e                __vector_29
                0x0000056e                __vector_8
                0x0000056e                __vector_14
                0x0000056e                __vector_20
                0x00000570                . = ALIGN (0x2)
 *(.text.*)
 .text.apply_template
                0x00000570      0x28e at24c128c.o
                0x00000570                apply_template
 .text.find_template
                0x000007fe       0x5c at24c128c.o
                0x000007fe                find_template
 .text.set_template_name
                0x0000085a       0x4c at24c128c.o
                0x0000085a                set_template_name
 .text.template_del
                0x000008a6      0x124 at24c128c.o
                0x000008a6                template_del
 .text.save_preset_to_template
                0x000009ca      0x224 at24c128c.o
                0x000009ca                save_preset_to_template
 .text.read_sta_from_eeprom
                0x00000bee       0x40 at24c128c.o
                0x00000bee                read_sta_from_eeprom
 .text.write_name_to_eeprom
                0x00000c2e       0xaa at24c128c.o
                0x00000c2e                write_name_to_eeprom
 .text.read_name_from_eeprom
                0x00000cd8       0xfe at24c128c.o
                0x00000cd8                read_name_from_eeprom
 .text.write_template_to_eeprom
                0x00000dd6       0x82 at24c128c.o
                0x00000dd6                write_template_to_eeprom
 .text.read_template_from_eeprom
                0x00000e58       0x8a at24c128c.o
                0x00000e58                read_template_from_eeprom
 .text.at24c128c_write_byte
                0x00000ee2      0x1c6 at24c128c.o
                0x00000ee2                at24c128c_write_byte
 .text.at24c128c_read_byte
                0x000010a8      0x1fe at24c128c.o
                0x000010a8                at24c128c_read_byte
 .text.init_variable
                0x000012a6      0x350 dgus.o
                0x000012a6                init_variable
 .text.update_main_page
                0x000015f6      0x462 dgus.o
                0x000015f6                update_main_page
 .text.key_action
                0x00001a58      0x930 dgus.o
                0x00001a58                key_action
 .text.single_set_ok
                0x00002388      0x1e6 dgus.o
                0x00002388                single_set_ok
 .text.pid_set_ok
                0x0000256e       0xd8 dgus.o
                0x0000256e                pid_set_ok
 .text.set_pid  0x00002646      0x112 dgus.o
                0x00002646                set_pid
 .text.single_set_back
                0x00002758      0x134 dgus.o
                0x00002758                single_set_back
 .text.get_name
                0x0000288c       0xbe dgus.o
                0x0000288c                get_name
 .text.single_set
                0x0000294a       0xc6 dgus.o
                0x0000294a                single_set
 .text.all_set  0x00002a10       0x76 dgus.o
                0x00002a10                all_set
 .text.update_single_set_page
                0x00002a86      0x27a dgus.o
                0x00002a86                update_single_set_page
 .text.update_pid_page
                0x00002d00      0x146 dgus.o
                0x00002d00                update_pid_page
 .text.update_curve_page
                0x00002e46      0x2d6 dgus.o
                0x00002e46                update_curve_page
 .text.update_time_ctrl_page
                0x0000311c       0xe2 dgus.o
                0x0000311c                update_time_ctrl_page
 .text.save_time_ctrl_data
                0x000031fe      0x148 dgus.o
                0x000031fe                save_time_ctrl_data
 .text.work_time_ctrl
                0x00003346       0xca dgus.o
                0x00003346                work_time_ctrl
 .text.work_time_ctrl_all
                0x00003410       0x20 dgus.o
                0x00003410                work_time_ctrl_all
 .text.start_time_ctrl
                0x00003430      0x1a6 dgus.o
                0x00003430                start_time_ctrl
 .text.start_time_ctrl_all
                0x000035d6      0x2e4 dgus.o
                0x000035d6                start_time_ctrl_all
 .text.time_ctrl_test
                0x000038ba       0x6e dgus.o
                0x000038ba                time_ctrl_test
 .text.stop_time_ctrl
                0x00003928       0xc6 dgus.o
                0x00003928                stop_time_ctrl
 .text.stop_temp_ctrl_all
                0x000039ee      0x2e4 dgus.o
                0x000039ee                stop_temp_ctrl_all
 .text.set_time_ctrl_mode
                0x00003cd2       0x68 dgus.o
                0x00003cd2                set_time_ctrl_mode
 .text.update_alarm_page
                0x00003d3a       0xfc dgus.o
                0x00003d3a                update_alarm_page
 .text.switch_language
                0x00003e36       0x30 dgus.o
                0x00003e36                switch_language
 .text.change_page
                0x00003e66       0x72 dgus.o
                0x00003e66                change_page
 .text.send_variables
                0x00003ed8       0x94 dgus.o
                0x00003ed8                send_variables
 .text.send_name
                0x00003f6c       0xcc dgus.o
                0x00003f6c                send_name
 .text.send_to_channel
                0x00004038       0x84 dgus.o
                0x00004038                send_to_channel
 .text.send_alarm_msg
                0x000040bc      0x12c dgus.o
                0x000040bc                send_alarm_msg
 .text.read_setting_data_all
                0x000041e8       0x8c dgus.o
                0x000041e8                read_setting_data_all
 .text.read_setting_data
                0x00004274       0xe8 dgus.o
                0x00004274                read_setting_data
 .text.get_setting_data
                0x0000435c      0x3f2 dgus.o
                0x0000435c                get_setting_data
 .text.send_request_all
                0x0000474e       0x6c dgus.o
                0x0000474e                send_request_all
 .text.get_data_all
                0x000047ba      0x36e dgus.o
                0x000047ba                get_data_all
 .text.clear_alarm_msg
                0x00004b28       0xc8 dgus.o
                0x00004b28                clear_alarm_msg
 .text.clear_all_alarm_msg
                0x00004bf0       0x3e dgus.o
                0x00004bf0                clear_all_alarm_msg
 .text.clear_curve_buff
                0x00004c2e       0x6e dgus.o
                0x00004c2e                clear_curve_buff
 .text.alarm_monitor
                0x00004c9c      0x230 dgus.o
                0x00004c9c                alarm_monitor
 .text.update_template_page
                0x00004ecc      0x15e dgus.o
                0x00004ecc                update_template_page
 .text.update_tp_temp
                0x0000502a      0x126 dgus.o
                0x0000502a                update_tp_temp
 .text.update_tp_time
                0x00005150       0xa8 dgus.o
                0x00005150                update_tp_time
 .text.all_set_temp
                0x000051f8       0xb6 dgus.o
                0x000051f8                all_set_temp
 .text.all_set_sensor_type
                0x000052ae       0xb6 dgus.o
                0x000052ae                all_set_sensor_type
 .text.all_set_preheattime
                0x00005364       0x8a dgus.o
                0x00005364                all_set_preheattime
 .text.all_set_switch_sensor
                0x000053ee       0xe0 dgus.o
                0x000053ee                all_set_switch_sensor
 .text.all_set_standby
                0x000054ce       0x8a dgus.o
                0x000054ce                all_set_standby
 .text.every_set
                0x00005558      0x110 dgus.o
                0x00005558                every_set
 .text.read_eeprom_data
                0x00005668      0x380 eeprom.o
                0x00005668                read_eeprom_data
 .text.gpio_init
                0x000059e8      0x154 gpio.o
                0x000059e8                gpio_init
 .text.main     0x00005b3c      0x1f8 main.o
                0x00005b3c                main
 .text.system_init
                0x00005d34       0x3a main.o
                0x00005d34                system_init
 .text.__vector_16
                0x00005d6e      0x2ba timer.o
                0x00005d6e                __vector_16
 .text.__vector_12
                0x00006028       0x26 timer.o
                0x00006028                __vector_12
 .text.__vector_10
                0x0000604e      0x18e timer.o
                0x0000604e                __vector_10
 .text.__vector_26
                0x000061dc      0x10c timer.o
                0x000061dc                __vector_26
 .text.timer0_init
                0x000062e8       0x62 timer.o
                0x000062e8                timer0_init
 .text.timer1_init
                0x0000634a       0x6c timer.o
                0x0000634a                timer1_init
 .text.timer2_init
                0x000063b6       0x74 timer.o
                0x000063b6                timer2_init
 .text.twi_start
                0x0000642a       0x6a twi.o
                0x0000642a                twi_start
 .text.twi_stop
                0x00006494       0x1a twi.o
                0x00006494                twi_stop
 .text.twi_adrsing
                0x000064ae       0x94 twi.o
                0x000064ae                twi_adrsing
 .text.twi_write_byte
                0x00006542       0x64 twi.o
                0x00006542                twi_write_byte
 .text.twi_read_byte
                0x000065a6       0xbe twi.o
                0x000065a6                twi_read_byte
 .text.twi_init
                0x00006664       0x8c twi.o
                0x00006664                twi_init
 .text.__vector_18
                0x000066f0       0x72 usart.o
                0x000066f0                __vector_18
 .text.__vector_30
                0x00006762       0x72 usart.o
                0x00006762                __vector_30
 .text.usart0_deal
                0x000067d4      0xa4e usart.o
                0x000067d4                usart0_deal
 .text.usart1_deal
                0x00007222       0xba usart.o
                0x00007222                usart1_deal
 .text.usart0_send_char
                0x000072dc       0x36 usart.o
                0x000072dc                usart0_send_char
 .text.usart0_send_str
                0x00007312       0x4a usart.o
                0x00007312                usart0_send_str
 .text.usart1_send_char
                0x0000735c       0x36 usart.o
                0x0000735c                usart1_send_char
 .text.usart1_send_str
                0x00007392       0x4a usart.o
                0x00007392                usart1_send_str
 .text.usart2_send_char
                0x000073dc       0x4e usart.o
                0x000073dc                usart2_send_char
 .text.usart2_send_str
                0x0000742a       0x54 usart.o
                0x0000742a                usart2_send_str
 .text.crc_check
                0x0000747e       0xc2 usart.o
                0x0000747e                crc_check
 .text.usart0_init
                0x00007540       0x7c usart.o
                0x00007540                usart0_init
 .text.usart1_init
                0x000075bc       0x6c usart.o
                0x000075bc                usart1_init
 .text.usart2_init
                0x00007628       0xc6 usart.o
                0x00007628                usart2_init
 .text.avr-libc.fplib
                0x000076ee        0x8 c:/program files (x86)/atmel/studio/7.0/toolchain/avr8/avr8-gnu-toolchain/bin/../lib/gcc/avr/5.4.0/../../../../avr/lib/avr5\libm.a(cmpsf2.o)
                0x000076ee                __nesf2
                0x000076ee                __eqsf2
                0x000076ee                __cmpsf2
                0x000076ee                __ltsf2
                0x000076ee                __lesf2
 .text.avr-libc.fplib
                0x000076f6       0x58 c:/program files (x86)/atmel/studio/7.0/toolchain/avr8/avr8-gnu-toolchain/bin/../lib/gcc/avr/5.4.0/../../../../avr/lib/avr5\libm.a(fixunssfsi.o)
                0x000076f6                __fixunssfsi
 .text.avr-libc.fplib
                0x0000774e       0x48 c:/program files (x86)/atmel/studio/7.0/toolchain/avr8/avr8-gnu-toolchain/bin/../lib/gcc/avr/5.4.0/../../../../avr/lib/avr5\libm.a(fp_cmp.o)
                0x0000774e                __fp_cmp
 .text.avr-libc.fplib
                0x00007796       0x44 c:/program files (x86)/atmel/studio/7.0/toolchain/avr8/avr8-gnu-toolchain/bin/../lib/gcc/avr/5.4.0/../../../../avr/lib/avr5\libm.a(fp_split3.o)
                0x00007796                __fp_split3
                0x000077a6                __fp_splitA
 .text.avr-libc.fplib
                0x000077da        0xe c:/program files (x86)/atmel/studio/7.0/toolchain/avr8/avr8-gnu-toolchain/bin/../lib/gcc/avr/5.4.0/../../../../avr/lib/avr5\libm.a(fp_zero.o)
                0x000077da                __fp_zero
                0x000077dc                __fp_szero
 .text.avr-libc.fplib
                0x000077e8        0x8 c:/program files (x86)/atmel/studio/7.0/toolchain/avr8/avr8-gnu-toolchain/bin/../lib/gcc/avr/5.4.0/../../../../avr/lib/avr5\libm.a(gesf2.o)
                0x000077e8                __gesf2
                0x000077e8                __gtsf2
 .text.avr-libc.fplib
                0x000077f0        0x4 c:/program files (x86)/atmel/studio/7.0/toolchain/avr8/avr8-gnu-toolchain/bin/../lib/gcc/avr/5.4.0/../../../../avr/lib/avr5\libm.a(mulsf3.o)
                0x000077f0                __mulsf3
 .text.avr-libc.fplib
                0x000077f4       0xc2 c:/program files (x86)/atmel/studio/7.0/toolchain/avr8/avr8-gnu-toolchain/bin/../lib/gcc/avr/5.4.0/../../../../avr/lib/avr5\libm.a(mulsf3x.o)
                0x00007808                __mulsf3x
                0x0000780c                __mulsf3_pse
 .text.avr-libc.fplib
                0x000078b6        0xc c:/program files (x86)/atmel/studio/7.0/toolchain/avr8/avr8-gnu-toolchain/bin/../lib/gcc/avr/5.4.0/../../../../avr/lib/avr5\libm.a(fp_inf.o)
                0x000078b6                __fp_inf
 .text.avr-libc.fplib
                0x000078c2        0x6 c:/program files (x86)/atmel/studio/7.0/toolchain/avr8/avr8-gnu-toolchain/bin/../lib/gcc/avr/5.4.0/../../../../avr/lib/avr5\libm.a(fp_nan.o)
                0x000078c2                __fp_nan
 .text.avr-libc.fplib
                0x000078c8        0xe c:/program files (x86)/atmel/studio/7.0/toolchain/avr8/avr8-gnu-toolchain/bin/../lib/gcc/avr/5.4.0/../../../../avr/lib/avr5\libm.a(fp_pscA.o)
                0x000078c8                __fp_pscA
 .text.avr-libc.fplib
                0x000078d6        0xe c:/program files (x86)/atmel/studio/7.0/toolchain/avr8/avr8-gnu-toolchain/bin/../lib/gcc/avr/5.4.0/../../../../avr/lib/avr5\libm.a(fp_pscB.o)
                0x000078d6                __fp_pscB
 .text.avr-libc.fplib
                0x000078e4       0x22 c:/program files (x86)/atmel/studio/7.0/toolchain/avr8/avr8-gnu-toolchain/bin/../lib/gcc/avr/5.4.0/../../../../avr/lib/avr5\libm.a(fp_round.o)
                0x000078e4                __fp_round
 .text.libgcc.div
                0x00007906       0x26 c:/program files (x86)/atmel/studio/7.0/toolchain/avr8/avr8-gnu-toolchain/bin/../lib/gcc/avr/5.4.0/avr5\libgcc.a(_divmodhi4.o)
                0x00007906                _div
                0x00007906                __divmodhi4
 .text.libgcc.div
                0x0000792c       0x44 c:/program files (x86)/atmel/studio/7.0/toolchain/avr8/avr8-gnu-toolchain/bin/../lib/gcc/avr/5.4.0/avr5\libgcc.a(_udivmodsi4.o)
                0x0000792c                __udivmodsi4
 .text.libgcc   0x00007970        0xc c:/program files (x86)/atmel/studio/7.0/toolchain/avr8/avr8-gnu-toolchain/bin/../lib/gcc/avr/5.4.0/avr5\libgcc.a(_tablejump2.o)
                0x00007970                __tablejump2__
 .text.libgcc.mul
                0x0000797c       0x1e c:/program files (x86)/atmel/studio/7.0/toolchain/avr8/avr8-gnu-toolchain/bin/../lib/gcc/avr/5.4.0/avr5\libgcc.a(_umulhisi3.o)
                0x0000797c                __umulhisi3
 .text.libgcc.div
                0x0000799a       0x28 c:/program files (x86)/atmel/studio/7.0/toolchain/avr8/avr8-gnu-toolchain/bin/../lib/gcc/avr/5.4.0/avr5\libgcc.a(_udivmodhi4.o)
                0x0000799a                __udivmodhi4
 .text.avr-libc
                0x000079c2       0x10 C:/Program Files (x86)/Atmel/Studio/7.0/Packs/atmel/ATmega_DFP/1.2.209/gcc/dev/atmega64a/avr5\libatmega64a.a(eerd_byte.o)
                0x000079c2                eeprom_read_byte
 .text.avr-libc
                0x000079d2        0xa C:/Program Files (x86)/Atmel/Studio/7.0/Packs/atmel/ATmega_DFP/1.2.209/gcc/dev/atmega64a/avr5\libatmega64a.a(eerd_word.o)
                0x000079d2                eeprom_read_word
 .text.avr-libc
                0x000079dc       0x1a C:/Program Files (x86)/Atmel/Studio/7.0/Packs/atmel/ATmega_DFP/1.2.209/gcc/dev/atmega64a/avr5\libatmega64a.a(eewr_byte.o)
                0x000079dc                eeprom_write_byte
                0x000079de                eeprom_write_r18
 .text.avr-libc
                0x000079f6        0x6 C:/Program Files (x86)/Atmel/Studio/7.0/Packs/atmel/ATmega_DFP/1.2.209/gcc/dev/atmega64a/avr5\libatmega64a.a(eewr_word.o)
                0x000079f6                eeprom_write_word
 .text.avr-libc
                0x000079fc       0x20 C:/Program Files (x86)/Atmel/Studio/7.0/Packs/atmel/ATmega_DFP/1.2.209/gcc/dev/atmega64a/avr5\libatmega64a.a(eerd_block.o)
                0x000079fc                eeprom_read_block
                0x00007a00                eeprom_read_blraw
                0x00007a1c                . = ALIGN (0x2)
 *(.fini9)
 .fini9         0x00007a1c        0x0 c:/program files (x86)/atmel/studio/7.0/toolchain/avr8/avr8-gnu-toolchain/bin/../lib/gcc/avr/5.4.0/avr5\libgcc.a(_exit.o)
                0x00007a1c                _exit
                0x00007a1c                exit
 *(.fini9)
 *(.fini8)
 *(.fini8)
 *(.fini7)
 *(.fini7)
 *(.fini6)
 *(.fini6)
 *(.fini5)
 *(.fini5)
 *(.fini4)
 *(.fini4)
 *(.fini3)
 *(.fini3)
 *(.fini2)
 *(.fini2)
 *(.fini1)
 *(.fini1)
 *(.fini0)
 .fini0         0x00007a1c        0x4 c:/program files (x86)/atmel/studio/7.0/toolchain/avr8/avr8-gnu-toolchain/bin/../lib/gcc/avr/5.4.0/avr5\libgcc.a(_exit.o)
 *(.fini0)
                0x00007a20                _etext = .

.data           0x00800100      0x104 load address 0x00007a20
                0x00800100                PROVIDE (__data_start, .)
 *(.data)
 *(.data*)
 .data.in_main_page
                0x00800100        0x1 dgus.o
                0x00800100                in_main_page
 .data.preheat_time
                0x00800101        0x2 dgus.o
                0x00800101                preheat_time
 .data.all_temp
                0x00800103        0x2 dgus.o
                0x00800103                all_temp
 .data.module_num
                0x00800105        0x1 dgus.o
                0x00800105                module_num
 .data.time_ctrl_mode
                0x00800106        0x1 dgus.o
                0x00800106                time_ctrl_mode
 .data.pre_first_tpnum
                0x00800107        0x1 dgus.o
                0x00800107                pre_first_tpnum
 .data.alarm_msg
                0x00800108       0xe0 dgus.o
                0x00800108                alarm_msg
 .data.alarm_page_num.2336
                0x008001e8        0x1 dgus.o
 .data.p_value_buff
                0x008001e9        0x2 usart.o
                0x008001e9                p_value_buff
 .data.i_value_buff
                0x008001eb        0x2 usart.o
                0x008001eb                i_value_buff
 .data.d_value_buff
                0x008001ed        0x2 usart.o
                0x008001ed                d_value_buff
 *(.gnu.linkonce.d*)
 *(.rodata)
 .rodata        0x008001ef       0x14 dgus.o
 *(.rodata*)
 *(.gnu.linkonce.r*)
                0x00800204                . = ALIGN (0x2)
 *fill*         0x00800203        0x1 
                0x00800204                _edata = .
                0x00800204                PROVIDE (__data_end, .)

.bss            0x00800204      0xb33
                0x00800204                PROVIDE (__bss_start, .)
 *(.bss)
 *(.bss*)
 .bss.run_temp_page
                0x00800204        0x1 dgus.o
                0x00800204                run_temp_page
 .bss.update_run_temp_flag
                0x00800205        0x1 dgus.o
                0x00800205                update_run_temp_flag
 .bss.pre_language
                0x00800206        0x1 dgus.o
                0x00800206                pre_language
 .bss.pre_main_page
                0x00800207        0x1 dgus.o
                0x00800207                pre_main_page
 .bss.pre_system_sta
                0x00800208        0x2 dgus.o
                0x00800208                pre_system_sta
 .bss.set_num   0x0080020a        0x1 dgus.o
                0x0080020a                set_num
 .bss.set_pid_channel
                0x0080020b        0x1 dgus.o
                0x0080020b                set_pid_channel
 .bss.curve_page_num
                0x0080020c        0x1 dgus.o
                0x0080020c                curve_page_num
 .bss.curve_time_level
                0x0080020d        0x1 dgus.o
                0x0080020d                curve_time_level
 .bss.pid_page_num
                0x0080020e        0x1 dgus.o
                0x0080020e                pid_page_num
 .bss.ctrl_board_sta
                0x0080020f        0x6 dgus.o
                0x0080020f                ctrl_board_sta
 .bss.output_rate
                0x00800215       0x18 dgus.o
                0x00800215                output_rate
 .bss.sensor_sta
                0x0080022d       0x18 dgus.o
                0x0080022d                sensor_sta
 .bss.run_temp  0x00800245       0x30 dgus.o
                0x00800245                run_temp
 .bss.switch_sensor
                0x00800275       0x30 dgus.o
                0x00800275                switch_sensor
 .bss.sensor_type
                0x008002a5       0x30 dgus.o
                0x008002a5                sensor_type
 .bss.set_name_buff
                0x008002d5        0x4 dgus.o
                0x008002d5                set_name_buff
 .bss.follow_sta
                0x008002d9       0x18 dgus.o
                0x008002d9                follow_sta
 .bss.follow_sta_buff
                0x008002f1       0x18 dgus.o
                0x008002f1                follow_sta_buff
 .bss.all_sensor_type
                0x00800309        0x2 dgus.o
                0x00800309                all_sensor_type
 .bss.temp_unit
                0x0080030b        0x2 dgus.o
                0x0080030b                temp_unit
 .bss.module_status
                0x0080030d        0x4 dgus.o
                0x0080030d                module_status
 .bss.alarm_cnt
                0x00800311        0x1 dgus.o
                0x00800311                alarm_cnt
 .bss.view_tp_num
                0x00800312        0x1 dgus.o
                0x00800312                view_tp_num
 .bss.temp_view_page_num
                0x00800313        0x1 dgus.o
                0x00800313                temp_view_page_num
 .bss.time_view_page_num
                0x00800314        0x1 dgus.o
                0x00800314                time_view_page_num
 .bss.template_cnt
                0x00800315        0x1 dgus.o
                0x00800315                template_cnt
 .bss.template_tip_msg
                0x00800316        0x1 dgus.o
                0x00800316                template_tip_msg
 .bss.tp_find_name
                0x00800317        0x4 dgus.o
                0x00800317                tp_find_name
 .bss.tp_save_name
                0x0080031b        0x4 dgus.o
                0x0080031b                tp_save_name
 .bss.standby_sta
                0x0080031f        0x1 dgus.o
                0x0080031f                standby_sta
 .bss.alarm_monitor_enable_flag
                0x00800320       0x18 dgus.o
                0x00800320                alarm_monitor_enable_flag
 .bss.timer2_ovf
                0x00800338        0x1 timer.o
                0x00800338                timer2_ovf
 .bss.read_setting_data_mask
                0x00800339        0x1 timer.o
                0x00800339                read_setting_data_mask
 .bss.read_setting_data_cnt
                0x0080033a        0x1 timer.o
                0x0080033a                read_setting_data_cnt
 .bss.usart1_tx_timecnt
                0x0080033b        0x1 timer.o
                0x0080033b                usart1_tx_timecnt
 .bss.usart1_tx_overtime_mask
                0x0080033c        0x1 timer.o
                0x0080033c                usart1_tx_overtime_mask
 .bss.init_complete
                0x0080033d        0x1 timer.o
                0x0080033d                init_complete
 .bss.alarm_monitor_overtime_mask
                0x0080033e        0x1 timer.o
                0x0080033e                alarm_monitor_overtime_mask
 .bss.alarm_monitor_cnt.2278
                0x0080033f        0x2 timer.o
 .bss.update_run_temp_cnt.2277
                0x00800341        0x2 timer.o
 .bss.pre_usart1_rx_cnt.2274
                0x00800343        0x1 timer.o
 .bss.usart1_cnt.2273
                0x00800344        0x1 timer.o
 .bss.pre_usart0_rx_cnt.2276
                0x00800345        0x1 timer.o
 .bss.usart0_cnt.2275
                0x00800346        0x1 timer.o
 .bss.time_cnt.2289
                0x00800347        0x1 timer.o
 .bss.cnt.2296  0x00800348        0x1 timer.o
 .bss.pos.2297  0x00800349        0x1 timer.o
 .bss.usart0_rx_buff
                0x0080034a       0xc8 usart.o
                0x0080034a                usart0_rx_buff
 .bss.usart0_tx_buff
                0x00800412       0xc8 usart.o
                0x00800412                usart0_tx_buff
 .bss.usart0_rx_end
                0x008004da        0x1 usart.o
                0x008004da                usart0_rx_end
 .bss.usart0_rx_lenth
                0x008004db        0x1 usart.o
                0x008004db                usart0_rx_lenth
 .bss.usart0_rx_cnt
                0x008004dc        0x1 usart.o
                0x008004dc                usart0_rx_cnt
 .bss.usart1_rx_buff
                0x008004dd       0xc8 usart.o
                0x008004dd                usart1_rx_buff
 .bss.usart1_tx_buff
                0x008005a5       0xc8 usart.o
                0x008005a5                usart1_tx_buff
 .bss.usart1_rx_end
                0x0080066d        0x1 usart.o
                0x0080066d                usart1_rx_end
 .bss.usart1_rx_lenth
                0x0080066e        0x1 usart.o
                0x0080066e                usart1_rx_lenth
 .bss.usart1_rx_cnt
                0x0080066f        0x1 usart.o
                0x0080066f                usart1_rx_cnt
 .bss.usart2_tx_buff
                0x00800670       0xc8 usart.o
                0x00800670                usart2_tx_buff
 .bss.usart2_buff
                0x00800738        0x1 usart.o
                0x00800738                usart2_buff
 .bss.all_sensor_type_buff
                0x00800739        0x2 usart.o
                0x00800739                all_sensor_type_buff
 .bss.temp_unit_buff
                0x0080073b        0x2 usart.o
                0x0080073b                temp_unit_buff
 .bss.switch_sensor_buff
                0x0080073d       0x30 usart.o
                0x0080073d                switch_sensor_buff
 .bss.sensor_type_buff
                0x0080076d       0x30 usart.o
                0x0080076d                sensor_type_buff
 *(COMMON)
 COMMON         0x0080079d       0x58 at24c128c.o
                0x0080079d                template_eeaddr
 COMMON         0x008007f5      0x411 dgus.o
                0x008007f5                time_ctrl_value
                0x008008f5                d_value
                0x00800925                p_value
                0x00800955                i_value
                0x00800985                template_structure
                0x00800aea                alarm_history
                0x00800b76                set_name
                0x00800bd6                set_temp
 COMMON         0x00800c06      0x131 usart.o
                0x00800c06                set_temp_buff
                0x00800c36                usart2_sta
                0x00800c37                time_ctrl_value_buff
                0x00800d37                PROVIDE (__bss_end, .)
                0x00007a20                __data_load_start = LOADADDR (.data)
                0x00007b24                __data_load_end = (__data_load_start + SIZEOF (.data))

.noinit         0x00800d37        0x0
                [!provide]                PROVIDE (__noinit_start, .)
 *(.noinit*)
                [!provide]                PROVIDE (__noinit_end, .)
                0x00800d37                _end = .
                [!provide]                PROVIDE (__heap_start, .)

.eeprom         0x00810000        0x0
 *(.eeprom*)
                0x00810000                __eeprom_end = .

.fuse
 *(.fuse)
 *(.lfuse)
 *(.hfuse)
 *(.efuse)

.lock
 *(.lock*)

.signature
 *(.signature*)

.user_signatures
 *(.user_signatures*)

.stab
 *(.stab)

.stabstr
 *(.stabstr)

.stab.excl
 *(.stab.excl)

.stab.exclstr
 *(.stab.exclstr)

.stab.index
 *(.stab.index)

.stab.indexstr
 *(.stab.indexstr)

.comment        0x00000000       0x30
 *(.comment)
 .comment       0x00000000       0x30 at24c128c.o
                                 0x31 (size before relaxing)
 .comment       0x00000030       0x31 dgus.o
 .comment       0x00000030       0x31 eeprom.o
 .comment       0x00000030       0x31 gpio.o
 .comment       0x00000030       0x31 main.o
 .comment       0x00000030       0x31 timer.o
 .comment       0x00000030       0x31 twi.o
 .comment       0x00000030       0x31 usart.o

.note.gnu.avr.deviceinfo
                0x00000000       0x3c
 .note.gnu.avr.deviceinfo
                0x00000000       0x3c C:/Program Files (x86)/Atmel/Studio/7.0/Packs/atmel/ATmega_DFP/1.2.209/gcc/dev/atmega64a/avr5/crtatmega64a.o

.note.gnu.build-id
 *(.note.gnu.build-id)

.debug
 *(.debug)

.line
 *(.line)

.debug_srcinfo
 *(.debug_srcinfo)

.debug_sfnames
 *(.debug_sfnames)

.debug_aranges  0x00000000      0x458
 *(.debug_aranges)
 .debug_aranges
                0x00000000       0x80 at24c128c.o
 .debug_aranges
                0x00000080      0x1b0 dgus.o
 .debug_aranges
                0x00000230       0x20 eeprom.o
 .debug_aranges
                0x00000250       0x20 gpio.o
 .debug_aranges
                0x00000270       0x28 main.o
 .debug_aranges
                0x00000298       0x50 timer.o
 .debug_aranges
                0x000002e8       0x48 twi.o
 .debug_aranges
                0x00000330       0x88 usart.o
 .debug_aranges
                0x000003b8       0x20 C:/Program Files (x86)/Atmel/Studio/7.0/Packs/atmel/ATmega_DFP/1.2.209/gcc/dev/atmega64a/avr5\libatmega64a.a(eerd_byte.o)
 .debug_aranges
                0x000003d8       0x20 C:/Program Files (x86)/Atmel/Studio/7.0/Packs/atmel/ATmega_DFP/1.2.209/gcc/dev/atmega64a/avr5\libatmega64a.a(eerd_word.o)
 .debug_aranges
                0x000003f8       0x20 C:/Program Files (x86)/Atmel/Studio/7.0/Packs/atmel/ATmega_DFP/1.2.209/gcc/dev/atmega64a/avr5\libatmega64a.a(eewr_byte.o)
 .debug_aranges
                0x00000418       0x20 C:/Program Files (x86)/Atmel/Studio/7.0/Packs/atmel/ATmega_DFP/1.2.209/gcc/dev/atmega64a/avr5\libatmega64a.a(eewr_word.o)
 .debug_aranges
                0x00000438       0x20 C:/Program Files (x86)/Atmel/Studio/7.0/Packs/atmel/ATmega_DFP/1.2.209/gcc/dev/atmega64a/avr5\libatmega64a.a(eerd_block.o)

.debug_pubnames
 *(.debug_pubnames)

.debug_info     0x00000000     0x3762
 *(.debug_info .gnu.linkonce.wi.*)
 .debug_info    0x00000000      0x780 C:/Program Files (x86)/Atmel/Studio/7.0/Packs/atmel/ATmega_DFP/1.2.209/gcc/dev/atmega64a/avr5/crtatmega64a.o
 .debug_info    0x00000780      0x6f1 at24c128c.o
 .debug_info    0x00000e71     0x157e dgus.o
 .debug_info    0x000023ef      0x1e7 eeprom.o
 .debug_info    0x000025d6       0x82 gpio.o
 .debug_info    0x00002658      0x212 main.o
 .debug_info    0x0000286a      0x3cd timer.o
 .debug_info    0x00002c37      0x1aa twi.o
 .debug_info    0x00002de1      0x629 usart.o
 .debug_info    0x0000340a       0xab C:/Program Files (x86)/Atmel/Studio/7.0/Packs/atmel/ATmega_DFP/1.2.209/gcc/dev/atmega64a/avr5\libatmega64a.a(eerd_byte.o)
 .debug_info    0x000034b5       0xab C:/Program Files (x86)/Atmel/Studio/7.0/Packs/atmel/ATmega_DFP/1.2.209/gcc/dev/atmega64a/avr5\libatmega64a.a(eerd_word.o)
 .debug_info    0x00003560       0xab C:/Program Files (x86)/Atmel/Studio/7.0/Packs/atmel/ATmega_DFP/1.2.209/gcc/dev/atmega64a/avr5\libatmega64a.a(eewr_byte.o)
 .debug_info    0x0000360b       0xab C:/Program Files (x86)/Atmel/Studio/7.0/Packs/atmel/ATmega_DFP/1.2.209/gcc/dev/atmega64a/avr5\libatmega64a.a(eewr_word.o)
 .debug_info    0x000036b6       0xac C:/Program Files (x86)/Atmel/Studio/7.0/Packs/atmel/ATmega_DFP/1.2.209/gcc/dev/atmega64a/avr5\libatmega64a.a(eerd_block.o)

.debug_abbrev   0x00000000     0x115f
 *(.debug_abbrev)
 .debug_abbrev  0x00000000      0x718 C:/Program Files (x86)/Atmel/Studio/7.0/Packs/atmel/ATmega_DFP/1.2.209/gcc/dev/atmega64a/avr5/crtatmega64a.o
 .debug_abbrev  0x00000718      0x1ef at24c128c.o
 .debug_abbrev  0x00000907      0x292 dgus.o
 .debug_abbrev  0x00000b99       0xd7 eeprom.o
 .debug_abbrev  0x00000c70       0x4f gpio.o
 .debug_abbrev  0x00000cbf      0x104 main.o
 .debug_abbrev  0x00000dc3       0xfe timer.o
 .debug_abbrev  0x00000ec1       0xd9 twi.o
 .debug_abbrev  0x00000f9a      0x161 usart.o
 .debug_abbrev  0x000010fb       0x14 C:/Program Files (x86)/Atmel/Studio/7.0/Packs/atmel/ATmega_DFP/1.2.209/gcc/dev/atmega64a/avr5\libatmega64a.a(eerd_byte.o)
 .debug_abbrev  0x0000110f       0x14 C:/Program Files (x86)/Atmel/Studio/7.0/Packs/atmel/ATmega_DFP/1.2.209/gcc/dev/atmega64a/avr5\libatmega64a.a(eerd_word.o)
 .debug_abbrev  0x00001123       0x14 C:/Program Files (x86)/Atmel/Studio/7.0/Packs/atmel/ATmega_DFP/1.2.209/gcc/dev/atmega64a/avr5\libatmega64a.a(eewr_byte.o)
 .debug_abbrev  0x00001137       0x14 C:/Program Files (x86)/Atmel/Studio/7.0/Packs/atmel/ATmega_DFP/1.2.209/gcc/dev/atmega64a/avr5\libatmega64a.a(eewr_word.o)
 .debug_abbrev  0x0000114b       0x14 C:/Program Files (x86)/Atmel/Studio/7.0/Packs/atmel/ATmega_DFP/1.2.209/gcc/dev/atmega64a/avr5\libatmega64a.a(eerd_block.o)

.debug_line     0x00000000     0x4021
 *(.debug_line .debug_line.* .debug_line_end)
 .debug_line    0x00000000      0x169 C:/Program Files (x86)/Atmel/Studio/7.0/Packs/atmel/ATmega_DFP/1.2.209/gcc/dev/atmega64a/avr5/crtatmega64a.o
 .debug_line    0x00000169      0x7c4 at24c128c.o
 .debug_line    0x0000092d     0x214d dgus.o
 .debug_line    0x00002a7a      0x255 eeprom.o
 .debug_line    0x00002ccf      0x10d gpio.o
 .debug_line    0x00002ddc      0x27e main.o
 .debug_line    0x0000305a      0x34c timer.o
 .debug_line    0x000033a6      0x258 twi.o
 .debug_line    0x000035fe      0x7a4 usart.o
 .debug_line    0x00003da2       0x7a C:/Program Files (x86)/Atmel/Studio/7.0/Packs/atmel/ATmega_DFP/1.2.209/gcc/dev/atmega64a/avr5\libatmega64a.a(eerd_byte.o)
 .debug_line    0x00003e1c       0x67 C:/Program Files (x86)/Atmel/Studio/7.0/Packs/atmel/ATmega_DFP/1.2.209/gcc/dev/atmega64a/avr5\libatmega64a.a(eerd_word.o)
 .debug_line    0x00003e83       0x98 C:/Program Files (x86)/Atmel/Studio/7.0/Packs/atmel/ATmega_DFP/1.2.209/gcc/dev/atmega64a/avr5\libatmega64a.a(eewr_byte.o)
 .debug_line    0x00003f1b       0x5b C:/Program Files (x86)/Atmel/Studio/7.0/Packs/atmel/ATmega_DFP/1.2.209/gcc/dev/atmega64a/avr5\libatmega64a.a(eewr_word.o)
 .debug_line    0x00003f76       0xab C:/Program Files (x86)/Atmel/Studio/7.0/Packs/atmel/ATmega_DFP/1.2.209/gcc/dev/atmega64a/avr5\libatmega64a.a(eerd_block.o)

.debug_frame    0x00000000      0xdf8
 *(.debug_frame)
 .debug_frame   0x00000000      0x1d4 at24c128c.o
 .debug_frame   0x000001d4      0x680 dgus.o
 .debug_frame   0x00000854       0x54 eeprom.o
 .debug_frame   0x000008a8       0x34 gpio.o
 .debug_frame   0x000008dc       0x54 main.o
 .debug_frame   0x00000930      0x1b8 timer.o
 .debug_frame   0x00000ae8       0xe0 twi.o
 .debug_frame   0x00000bc8      0x230 usart.o

.debug_str      0x00000000     0x1102
 *(.debug_str)
 .debug_str     0x00000000      0x27e C:/Program Files (x86)/Atmel/Studio/7.0/Packs/atmel/ATmega_DFP/1.2.209/gcc/dev/atmega64a/avr5/crtatmega64a.o
 .debug_str     0x0000027e      0x3b0 at24c128c.o
                                0x42c (size before relaxing)
 .debug_str     0x0000062e      0x7bc dgus.o
                                0xb1b (size before relaxing)
 .debug_str     0x00000dea       0x1f eeprom.o
                                0x2ff (size before relaxing)
 .debug_str     0x00000e09       0x16 gpio.o
                                0x19b (size before relaxing)
 .debug_str     0x00000e1f       0x55 main.o
                                0x2ac (size before relaxing)
 .debug_str     0x00000e74      0x13e timer.o
                                0x40f (size before relaxing)
 .debug_str     0x00000fb2       0x50 twi.o
                                0x1e8 (size before relaxing)
 .debug_str     0x00001002      0x100 usart.o
                                0x4c8 (size before relaxing)

.debug_loc      0x00000000     0x1d81
 *(.debug_loc)
 .debug_loc     0x00000000      0x3f0 at24c128c.o
 .debug_loc     0x000003f0      0xe10 dgus.o
 .debug_loc     0x00001200       0x96 eeprom.o
 .debug_loc     0x00001296       0x3b gpio.o
 .debug_loc     0x000012d1       0x82 main.o
 .debug_loc     0x00001353      0x3b2 timer.o
 .debug_loc     0x00001705      0x1bd twi.o
 .debug_loc     0x000018c2      0x4bf usart.o

.debug_macinfo
 *(.debug_macinfo)

.debug_weaknames
 *(.debug_weaknames)

.debug_funcnames
 *(.debug_funcnames)

.debug_typenames
 *(.debug_typenames)

.debug_varnames
 *(.debug_varnames)

.debug_pubtypes
 *(.debug_pubtypes)

.debug_ranges   0x00000000      0x338
 *(.debug_ranges)
 .debug_ranges  0x00000000       0x70 at24c128c.o
 .debug_ranges  0x00000070      0x1a0 dgus.o
 .debug_ranges  0x00000210       0x10 eeprom.o
 .debug_ranges  0x00000220       0x10 gpio.o
 .debug_ranges  0x00000230       0x18 main.o
 .debug_ranges  0x00000248       0x40 timer.o
 .debug_ranges  0x00000288       0x38 twi.o
 .debug_ranges  0x000002c0       0x78 usart.o

.debug_macro
 *(.debug_macro)
OUTPUT(TempCtrlBoxCoreBoard.elf elf32-avr)
LOAD linker stubs
